******************************************************************************
               TMS320C6x Linker PC v8.2.4                      
******************************************************************************
>> Linked Mon Sep 23 09:01:57 2019

OUTPUT FILE NAME:   <chen.out>
ENTRY POINT SYMBOL: "_c_int00"  address: 007e7360


MEMORY CONFIGURATION

         name            origin    length      used     unused   attr    fill
----------------------  --------  ---------  --------  --------  ----  --------
  L2SRAM_UMAP1          007e0000   00020000  00007a00  00018600  RWIX
  L2SRAM_UMAP0          00800000   00020000  000019a8  0001e658  RWIX
  L3SRAM                20000000   000a0000  00000000  000a0000  RWIX
  HSRAM                 21080000   00008000  00000000  00008000  RWIX


SEGMENT ALLOCATION MAP

run origin  load origin   length   init length attrs members
----------  ----------- ---------- ----------- ----- -------
007e0000    007e0000    00007a00   00007a00    r-x
  007e0000    007e0000    00007a00   00007a00    r-x .text
00800000    00800000    00001358   00000000    rw-
  00800000    00800000    00000800   00000000    rw- .stack
  00800800    00800800    00000800   00000000    rw- .sysmem
  00801000    00801000    00000358   00000000    rw- .fardata
00801358    00801358    00000104   00000104    r--
  00801358    00801358    00000104   00000104    r-- .const.1
0080145c    0080145c    00000004   00000000    rw-
  0080145c    0080145c    00000004   00000000    rw- .bss
00801460    00801460    00000128   00000128    r--
  00801460    00801460    00000128   00000128    r-- .const.2
00801588    00801588    00000278   00000000    rw-
  00801588    00801588    00000158   00000000    rw- .far
  008016e0    008016e0    00000120   00000000    rw- .cio
00801800    00801800    00000088   00000088    r--
  00801800    00801800    00000088   00000088    r-- .switch
00801888    00801888    00000008   00000000    rw-
  00801888    00801888    00000008   00000000    rw- .neardata
00801890    00801890    00000008   00000000    r--
  00801890    00801890    00000008   00000000    r-- .rodata
00801898    00801898    00000110   00000110    r--
  00801898    00801898    00000110   00000110    r-- .cinit


SECTION ALLOCATION MAP

 output                                  attributes/
section   page    origin      length       input sections
--------  ----  ----------  ----------   ----------------
.vecs      0    007e0000    00000000     UNINITIALIZED

.text      0    007e0000    00007a00     
                  007e0000    00001ce0     rts6740_elf.lib : _printfi.obj (.text:__TI_printfi)
                  007e1ce0    000008a0     Ggrocers.obj (.text)
                  007e2580    00000680     rts6740_elf.lib : _printfi.obj (.text:_pconv_a)
                  007e2c00    000005c0                     : divd.obj (.text:__c6xabi_divd)
                  007e31c0    00000500                     : _printfi.obj (.text:_pconv_g)
                  007e36c0    00000440                     : memory.obj (.text:free)
                  007e3b00    00000420                     : _printfi.obj (.text:_pconv_e)
                  007e3f20    000003e0                     : fputs.obj (.text:fputs)
                  007e4300    000002a0                     : _printfi.obj (.text:_pconv_f)
                  007e45a0    000002a0                     : _printfi.obj (.text:fcvt)
                  007e4840    00000260                     : imath64.obj (.text:__c6xabi_divull)
                  007e4aa0    00000220                     : fputc.obj (.text:fputc)
                  007e4cc0    00000220                     : setvbuf.obj (.text:setvbuf)
                  007e4ee0    00000200                     : _printfi.obj (.text:_ltostr)
                  007e50e0    000001c0                     : imath40.obj (.text:__c6xabi_divul)
                  007e52a0    000001c0                     : frexp.obj (.text:frexp)
                  007e5460    000001a0                     : hostrename.obj (.text:HOSTrename)
                  007e5600    00000180                     : ldexp.obj (.text:ldexp)
                  007e5780    00000180                     : memory.obj (.text:malloc)
                  007e5900    00000160                     : autoinit.obj (.text:_auto_init_elf)
                  007e5a60    00000140                     : fclose.obj (.text:__TI_closefile)
                  007e5ba0    00000140                     : getdevice.obj (.text:getdevice)
                  007e5ce0    00000120                     : fseek.obj (.text:fseek)
                  007e5e00    00000100                     : copy_decompress_rle.obj (.text:__TI_decompress_rle_core)
                  007e5f00    00000100                     : _io_perm.obj (.text:__TI_wrt_ok)
                  007e6000    00000100                     : atoi.obj (.text:atoi)
                  007e6100    00000100                     : cpy_tbl.obj (.text:copy_in)
                  007e6200    00000100                     : fprintf.obj (.text:fprintf)
                  007e6300    000000e0                     : hostlseek.obj (.text:HOSTlseek)
                  007e63e0    000000e0                     : hostopen.obj (.text:HOSTopen)
                  007e64c0    000000e0                     : hostwrite.obj (.text:HOSTwrite)
                  007e65a0    000000e0                     : close.obj (.text:close)
                  007e6680    000000e0                     : exit.obj (.text:exit)
                  007e6760    000000e0                     : ltoa.obj (.text:ltoa)
                  007e6840    000000e0                     : memset.obj (.text:memset)
                  007e6920    000000e0                     : printf.obj (.text:printf)
                  007e6a00    000000c0                     : hostread.obj (.text:HOSTread)
                  007e6ac0    000000c0                     : hostunlink.obj (.text:HOSTunlink)
                  007e6b80    000000c0                     : fflush.obj (.text:__TI_doflush)
                  007e6c40    000000c0                     : divu.obj (.text:__divu)
                  007e6d00    000000c0                     : _printfi.obj (.text:_ecpy)
                  007e6dc0    000000c0                     : memory.obj (.text:mremove)
                  007e6e80    000000c0                     : tls.obj (.text:tls:init:__TI_tls_init)
                  007e6f40    000000a0                     : hostclose.obj (.text:HOSTclose)
                  007e6fe0    000000a0                     : fopen.obj (.text:__TI_cleanup)
                  007e7080    000000a0                     : memory.obj (.text:_minit)
                  007e7120    000000a0                     : memcpy64.obj (.text:memcpy)
                  007e71c0    000000a0                     : memory.obj (.text:minsert)
                  007e7260    00000080                     : trgmsg.obj (.text:__TI_readmsg)
                  007e72e0    00000080                     : llshift.obj (.text:__c6xabi_llshl)
                  007e7360    00000080                     : boot.obj (.text:_c_int00)
                  007e73e0    00000080                     : fclose.obj (.text:fclose)
                  007e7460    00000080                     : getdevice.obj (.text:finddevice)
                  007e74e0    00000080                     : unlink.obj (.text:unlink)
                  007e7560    00000060                     : trgmsg.obj (.text:__TI_writemsg)
                  007e75c0    00000060                     : llshift.obj (.text:__c6xabi_llshru)
                  007e7620    00000060                     : imath64.obj (.text:_subcull)
                  007e7680    00000060                     : lseek.obj (.text:lseek)
                  007e76e0    00000060                     : memccpy.obj (.text:memccpy)
                  007e7740    00000060                     : write.obj (.text:write)
                  007e77a0    00000040                     : frcmpyd_div.obj (.text:__TI_frcmpyd_div)
                  007e77e0    00000040                     : isinf.obj (.text:__c6xabi_isinf)
                  007e7820    00000040                     : _printfi.obj (.text:__c6xabi_isnan)
                  007e7860    00000040                     : args_main.obj (.text:_args_main)
                  007e78a0    00000020                     : errno.obj (.text:__c6xabi_errno_addr)
                  007e78c0    00000020                     : _lock.obj (.text:_nop)
                  007e78e0    00000020                     : fprintf.obj (.text:_outc)
                  007e7900    00000020                     : printf.obj (.text:_outc)
                  007e7920    00000020                     : fprintf.obj (.text:_outs)
                  007e7940    00000020                     : printf.obj (.text:_outs)
                  007e7960    00000020                     : startup.obj (.text:_system_post_cinit)
                  007e7980    00000020                     : pre_init.obj (.text:_system_pre_init)
                  007e79a0    00000020                     : exit.obj (.text:abort)
                  007e79c0    00000020                     : copy_decompress_none.obj (.text:decompress:none:__TI_decompress_none)
                  007e79e0    00000020                     : copy_decompress_rle.obj (.text:decompress:rle24:__TI_decompress_rle24)

.stack     0    00800000    00000800     UNINITIALIZED
                  00800000    00000008     rts6740_elf.lib : boot.obj (.stack)
                  00800008    000007f8     --HOLE--

.sysmem    0    00800800    00000800     UNINITIALIZED
                  00800800    00000008     rts6740_elf.lib : memory.obj (.sysmem)
                  00800808    000007f8     --HOLE--

.bss       0    0080145c    00000004     UNINITIALIZED
                  0080145c    00000004     (.common:health)

.far       0    00801588    00000158     UNINITIALIZED
                  00801588    00000140     (.common:__TI_tmpnams)
                  008016c8    00000010     (.common:customer)
                  008016d8    00000008     (.common:parmbuf)

.cio       0    008016e0    00000120     UNINITIALIZED
                  008016e0    00000120     rts6740_elf.lib : trgmsg.obj (.cio)

.neardata 
*          0    00801888    00000008     UNINITIALIZED
                  00801888    00000008     Ggrocers.obj (.neardata)

.rodata    0    00801890    00000008     UNINITIALIZED
                  00801890    00000008     Ggrocers.obj (.rodata)

.cinit     0    00801898    00000110     
                  00801898    000000aa     (.cinit..fardata.load) [load image, compression = rle]
                  00801942    0000000e     (.cinit..neardata.load) [load image, compression = rle]
                  00801950    0000000e     (.cinit..rodata.load) [load image, compression = rle]
                  0080195e    0000000b     (.cinit..far.load) [load image, compression = rle]
                  00801969    00000009     (.cinit..bss.load) [load image, compression = rle]
                  00801972    00000002     --HOLE-- [fill = 0]
                  00801974    00000008     (__TI_handler_table)
                  0080197c    00000004     --HOLE-- [fill = 0]
                  00801980    00000028     (__TI_cinit_table)

.fardata   0    00801000    00000358     UNINITIALIZED
                  00801000    000001e0     rts6740_elf.lib : defs.obj (.fardata:_ftable)
                  008011e0    000000a0                     : write.obj (.fardata:_stream)
                  00801280    00000078                     : write.obj (.fardata:_device)
                  008012f8    00000028     Ggrocers.obj (.fardata:fruit_prices)
                  00801320    00000014     Ggrocers.obj (.fardata:fruit_names)
                  00801334    0000000c     rts6740_elf.lib : exit.obj (.fardata)
                  00801340    00000008                     : memory.obj (.fardata)
                  00801348    00000004                     : _lock.obj (.fardata:_lock)
                  0080134c    00000004                     : _lock.obj (.fardata:_unlock)
                  00801350    00000004                     : defs.obj (.fardata)
                  00801354    00000004                     : errno.obj (.fardata)

.const.1   0    00801358    00000104     
                  00801358    00000104     Ggrocers.obj (.const:.string)

.const.2   0    00801460    00000128     
                  00801460    00000101     rts6740_elf.lib : ctype.obj (.const:.string:_ctypes_)
                  00801561    00000003     --HOLE-- [fill = 0]
                  00801564    00000024                     : _printfi.obj (.const:.string)

.switch    0    00801800    00000088     
                  00801800    00000050     Ggrocers.obj (.switch:char_to_fruit)
                  00801850    00000038     rts6740_elf.lib : _printfi.obj (.switch:__TI_printfi)

MODULE SUMMARY

       Module                     code    ro data   rw data
       ------                     ----    -------   -------
    .\
       Ggrocers.obj               2208    348       88     
    +--+--------------------------+-------+---------+---------+
       Total:                     2208    348       88     
                                                           
    C:\ti\ccsv8\tools\compiler\ti-cgt-c6000_8.2.4\lib\rts6740_elf.lib
       _printfi.obj               13504   92        0      
       memory.obj                 1984    0         8      
       divd.obj                   1472    0         0      
       fputs.obj                  992     0         0      
       defs.obj                   0       0         804    
       imath64.obj                704     0         0      
       fputc.obj                  544     0         0      
       setvbuf.obj                544     0         0      
       trgmsg.obj                 224     0         288    
       fclose.obj                 448     0         0      
       frexp.obj                  448     0         0      
       getdevice.obj              448     0         0      
       imath40.obj                448     0         0      
       hostrename.obj             416     0         0      
       ldexp.obj                  384     0         0      
       write.obj                  96      0         280    
       autoinit.obj               352     0         0      
       fprintf.obj                320     0         0      
       copy_decompress_rle.obj    288     0         0      
       fseek.obj                  288     0         0      
       printf.obj                 288     0         0      
       exit.obj                   256     0         12     
       ctype.obj                  0       257       0      
       _io_perm.obj               256     0         0      
       atoi.obj                   256     0         0      
       cpy_tbl.obj                256     0         0      
       hostopen.obj               224     0         8      
       close.obj                  224     0         0      
       hostlseek.obj              224     0         0      
       hostwrite.obj              224     0         0      
       llshift.obj                224     0         0      
       ltoa.obj                   224     0         0      
       memset.obj                 224     0         0      
       divu.obj                   192     0         0      
       fflush.obj                 192     0         0      
       hostread.obj               192     0         0      
       hostunlink.obj             192     0         0      
       tls.obj                    192     0         0      
       fopen.obj                  160     0         0      
       hostclose.obj              160     0         0      
       memcpy64.obj               160     0         0      
       boot.obj                   128     0         0      
       unlink.obj                 128     0         0      
       lseek.obj                  96      0         0      
       memccpy.obj                96      0         0      
       args_main.obj              64      0         0      
       frcmpyd_div.obj            64      0         0      
       isinf.obj                  64      0         0      
       _lock.obj                  32      0         8      
       errno.obj                  32      0         4      
       copy_decompress_none.obj   32      0         0      
       pre_init.obj               32      0         0      
       startup.obj                32      0         0      
    +--+--------------------------+-------+---------+---------+
       Total:                     29024   349       1412   
                                                           
       Heap:                      0       0         2048   
       Stack:                     0       0         2048   
       Linker Generated:          0       266       0      
    +--+--------------------------+-------+---------+---------+
       Grand Total:               31232   963       5596   


LINKER GENERATED COPY TABLES

__TI_cinit_table @ 00801980 records: 5, size/record: 8, table size: 40
	.fardata: load addr=00801898, load size=000000aa bytes, run addr=00801000, run size=00000358 bytes, compression=rle
	.neardata: load addr=00801942, load size=0000000e bytes, run addr=00801888, run size=00000008 bytes, compression=rle
	.rodata: load addr=00801950, load size=0000000e bytes, run addr=00801890, run size=00000008 bytes, compression=rle
	.far: load addr=0080195e, load size=0000000b bytes, run addr=00801588, run size=00000158 bytes, compression=rle
	.bss: load addr=00801969, load size=00000009 bytes, run addr=0080145c, run size=00000004 bytes, compression=rle


LINKER GENERATED HANDLER TABLE

__TI_handler_table @ 00801974 records: 2, size/record: 4, table size: 8
	index: 0, handler: __TI_decompress_rle24
	index: 1, handler: __TI_decompress_none


GLOBAL SYMBOLS: SORTED ALPHABETICALLY BY Name 

address   name                                
-------   ----                                
007e79a0  C$$EXIT                             
007e75b8  C$$IO$$                             
007e6f40  HOSTclose                           
007e6300  HOSTlseek                           
007e63e0  HOSTopen                            
007e6a00  HOSTread                            
007e5460  HOSTrename                          
007e6ac0  HOSTunlink                          
007e64c0  HOSTwrite                           
008016e0  __CIOBUF_                           
00801980  __TI_CINIT_Base                     
008019a8  __TI_CINIT_Limit                    
00801974  __TI_Handler_Table_Base             
0080197c  __TI_Handler_Table_Limit            
UNDEFED   __TI_INITARRAY_Base                 
UNDEFED   __TI_INITARRAY_Limit                
00800800  __TI_STACK_END                      
00000800  __TI_STACK_SIZE                     
0080145c  __TI_STATIC_BASE                    
00000800  __TI_SYSMEM_SIZE                    
UNDEFED   __TI_TLS_INIT_Base                  
UNDEFED   __TI_TLS_INIT_Limit                 
007e6fe0  __TI_cleanup                        
00801334  __TI_cleanup_ptr                    
007e5a60  __TI_closefile                      
007e79c0  __TI_decompress_none                
007e79e0  __TI_decompress_rle24               
007e6b80  __TI_doflush                        
00801338  __TI_dtors_ptr                      
0080133c  __TI_enable_exit_profile_output     
007e77a0  __TI_frcmpyd_div                    
00801350  __TI_ft_end                         
ffffffff  __TI_pprof_out_hndl                 
007e0000  __TI_printfi                        
ffffffff  __TI_prof_data_size                 
ffffffff  __TI_prof_data_start                
007e7260  __TI_readmsg                        
007e6e80  __TI_tls_init                       
00801588  __TI_tmpnams                        
007e7560  __TI_writemsg                       
007e5f00  __TI_wrt_ok                         
ffffffff  __binit__                           
007e2c00  __c6xabi_divd                       
007e6c40  __c6xabi_divu                       
007e50e0  __c6xabi_divul                      
007e4840  __c6xabi_divull                     
007e78a0  __c6xabi_errno_addr                 
007e77e0  __c6xabi_isinf                      
007e72e0  __c6xabi_llshl                      
007e75c0  __c6xabi_llshru                     
ffffffff  __c_args__                          
007e6c40  __divu                              
00801354  __errno                             
007e7860  _args_main                          
007e5900  _auto_init_elf                      
007e7360  _c_int00                            
00801460  _ctypes_                            
00801280  _device                             
00801000  _ftable                             
00801348  _lock                               
007e7080  _minit                              
007e78c0  _nop                                
00800000  _stack                              
008011e0  _stream                             
007e7620  _subcull                            
00800800  _sys_memory                         
007e7960  _system_post_cinit                  
007e7980  _system_pre_init                    
0080134c  _unlock                             
007e79a0  abort                               
007e6000  atoi                                
ffffffff  binit                               
007e1e40  buy_fruit                           
007e1fb0  buy_fruit_ex                        
007e2344  buy_healthiest                      
007e208c  calculate_cheapest_fruit            
007e1fec  change_fruit_price                  
007e1ecc  char_to_fruit                       
007e65a0  close                               
007e1de8  convert_pence                       
007e6100  copy_in                             
008016c8  customer                            
007e1d38  customer_cash_injection             
00801354  errno                               
007e6680  exit                                
007e73e0  fclose                              
007e7460  finddevice                          
007e6200  fprintf                             
007e4aa0  fputc                               
007e3f20  fputs                               
007e36c0  free                                
007e52a0  frexp                               
007e52a0  frexpl                              
007e2114  fruit_cheaper_than                  
00801320  fruit_names                         
008012f8  fruit_prices                        
007e5ce0  fseek                               
007e2160  get_cheapest_fruit                  
007e2184  get_favourite_fruit_price           
007e1d94  get_number_of_pence                 
007e5ba0  getdevice                           
0080145c  health                              
007e21ac  how_many_favourite_fruit            
007e1ce0  initialise_customer                 
007e5600  ldexp                               
007e5600  ldexpl                              
00801894  least_healthiest                    
007e7680  lseek                               
007e6760  ltoa                                
007e23e0  main                                
007e5780  malloc                              
007e76e0  memccpy                             
007e7120  memcpy                              
007e6840  memset                              
00801890  most_healthiest                     
008016d8  parmbuf                             
007e6920  printf                              
007e4aa0  putc                                
007e74e0  remove                              
007e4cc0  setvbuf                             
00008000  ti_sysbios_family_c64p_Cache_l1dSize
00008000  ti_sysbios_family_c64p_Cache_l1pSize
00000000  ti_sysbios_family_c64p_Cache_l2Size 
007e74e0  unlink                              
00801888  us_dollar_er                        
007e7740  write                               
007e2254  write_price_list                    


GLOBAL SYMBOLS: SORTED BY Symbol Address 

address   name                                
-------   ----                                
00000000  ti_sysbios_family_c64p_Cache_l2Size 
00000800  __TI_STACK_SIZE                     
00000800  __TI_SYSMEM_SIZE                    
00008000  ti_sysbios_family_c64p_Cache_l1dSize
00008000  ti_sysbios_family_c64p_Cache_l1pSize
007e0000  __TI_printfi                        
007e1ce0  initialise_customer                 
007e1d38  customer_cash_injection             
007e1d94  get_number_of_pence                 
007e1de8  convert_pence                       
007e1e40  buy_fruit                           
007e1ecc  char_to_fruit                       
007e1fb0  buy_fruit_ex                        
007e1fec  change_fruit_price                  
007e208c  calculate_cheapest_fruit            
007e2114  fruit_cheaper_than                  
007e2160  get_cheapest_fruit                  
007e2184  get_favourite_fruit_price           
007e21ac  how_many_favourite_fruit            
007e2254  write_price_list                    
007e2344  buy_healthiest                      
007e23e0  main                                
007e2c00  __c6xabi_divd                       
007e36c0  free                                
007e3f20  fputs                               
007e4840  __c6xabi_divull                     
007e4aa0  fputc                               
007e4aa0  putc                                
007e4cc0  setvbuf                             
007e50e0  __c6xabi_divul                      
007e52a0  frexp                               
007e52a0  frexpl                              
007e5460  HOSTrename                          
007e5600  ldexp                               
007e5600  ldexpl                              
007e5780  malloc                              
007e5900  _auto_init_elf                      
007e5a60  __TI_closefile                      
007e5ba0  getdevice                           
007e5ce0  fseek                               
007e5f00  __TI_wrt_ok                         
007e6000  atoi                                
007e6100  copy_in                             
007e6200  fprintf                             
007e6300  HOSTlseek                           
007e63e0  HOSTopen                            
007e64c0  HOSTwrite                           
007e65a0  close                               
007e6680  exit                                
007e6760  ltoa                                
007e6840  memset                              
007e6920  printf                              
007e6a00  HOSTread                            
007e6ac0  HOSTunlink                          
007e6b80  __TI_doflush                        
007e6c40  __c6xabi_divu                       
007e6c40  __divu                              
007e6e80  __TI_tls_init                       
007e6f40  HOSTclose                           
007e6fe0  __TI_cleanup                        
007e7080  _minit                              
007e7120  memcpy                              
007e7260  __TI_readmsg                        
007e72e0  __c6xabi_llshl                      
007e7360  _c_int00                            
007e73e0  fclose                              
007e7460  finddevice                          
007e74e0  remove                              
007e74e0  unlink                              
007e7560  __TI_writemsg                       
007e75b8  C$$IO$$                             
007e75c0  __c6xabi_llshru                     
007e7620  _subcull                            
007e7680  lseek                               
007e76e0  memccpy                             
007e7740  write                               
007e77a0  __TI_frcmpyd_div                    
007e77e0  __c6xabi_isinf                      
007e7860  _args_main                          
007e78a0  __c6xabi_errno_addr                 
007e78c0  _nop                                
007e7960  _system_post_cinit                  
007e7980  _system_pre_init                    
007e79a0  C$$EXIT                             
007e79a0  abort                               
007e79c0  __TI_decompress_none                
007e79e0  __TI_decompress_rle24               
00800000  _stack                              
00800800  __TI_STACK_END                      
00800800  _sys_memory                         
00801000  _ftable                             
008011e0  _stream                             
00801280  _device                             
008012f8  fruit_prices                        
00801320  fruit_names                         
00801334  __TI_cleanup_ptr                    
00801338  __TI_dtors_ptr                      
0080133c  __TI_enable_exit_profile_output     
00801348  _lock                               
0080134c  _unlock                             
00801350  __TI_ft_end                         
00801354  __errno                             
00801354  errno                               
0080145c  __TI_STATIC_BASE                    
0080145c  health                              
00801460  _ctypes_                            
00801588  __TI_tmpnams                        
008016c8  customer                            
008016d8  parmbuf                             
008016e0  __CIOBUF_                           
00801888  us_dollar_er                        
00801890  most_healthiest                     
00801894  least_healthiest                    
00801974  __TI_Handler_Table_Base             
0080197c  __TI_Handler_Table_Limit            
00801980  __TI_CINIT_Base                     
008019a8  __TI_CINIT_Limit                    
ffffffff  __TI_pprof_out_hndl                 
ffffffff  __TI_prof_data_size                 
ffffffff  __TI_prof_data_start                
ffffffff  __binit__                           
ffffffff  __c_args__                          
ffffffff  binit                               
UNDEFED   __TI_INITARRAY_Base                 
UNDEFED   __TI_INITARRAY_Limit                
UNDEFED   __TI_TLS_INIT_Base                  
UNDEFED   __TI_TLS_INIT_Limit                 

[127 symbols]
