<?xml version="1.0"?>
<link_info>
   <banner>TMS320C6x Linker PC v8.2.4</banner>
   <copyright>Copyright (c) 1996-2017 Texas Instruments Incorporated</copyright>
   <link_time>0x5d886244</link_time>
   <link_errors>0x0</link_errors>
   <output_file>chen.out</output_file>
   <entry_point>
      <name>_c_int00</name>
      <address>0x7e7360</address>
   </entry_point>
   <input_file_list>
      <input_file id="fl-2">
         <path>.\</path>
         <kind>object</kind>
         <file>Ggrocers.obj</file>
         <name>Ggrocers.obj</name>
      </input_file>
      <input_file id="fl-6">
         <kind>object</kind>
         <file>&lt;internal&gt;</file>
         <name>&lt;internal&gt;</name>
      </input_file>
      <input_file id="fl-20">
         <path>C:\ti\ccsv8\tools\compiler\ti-cgt-c6000_8.2.4\lib\</path>
         <kind>archive</kind>
         <file>rts6740_elf.lib</file>
         <name>boot.obj</name>
      </input_file>
      <input_file id="fl-21">
         <path>C:\ti\ccsv8\tools\compiler\ti-cgt-c6000_8.2.4\lib\</path>
         <kind>archive</kind>
         <file>rts6740_elf.lib</file>
         <name>copy_decompress_none.obj</name>
      </input_file>
      <input_file id="fl-22">
         <path>C:\ti\ccsv8\tools\compiler\ti-cgt-c6000_8.2.4\lib\</path>
         <kind>archive</kind>
         <file>rts6740_elf.lib</file>
         <name>copy_decompress_rle.obj</name>
      </input_file>
      <input_file id="fl-23">
         <path>C:\ti\ccsv8\tools\compiler\ti-cgt-c6000_8.2.4\lib\</path>
         <kind>archive</kind>
         <file>rts6740_elf.lib</file>
         <name>copy_zero_init.obj</name>
      </input_file>
      <input_file id="fl-24">
         <path>C:\ti\ccsv8\tools\compiler\ti-cgt-c6000_8.2.4\lib\</path>
         <kind>archive</kind>
         <file>rts6740_elf.lib</file>
         <name>defs.obj</name>
      </input_file>
      <input_file id="fl-25">
         <path>C:\ti\ccsv8\tools\compiler\ti-cgt-c6000_8.2.4\lib\</path>
         <kind>archive</kind>
         <file>rts6740_elf.lib</file>
         <name>divd.obj</name>
      </input_file>
      <input_file id="fl-26">
         <path>C:\ti\ccsv8\tools\compiler\ti-cgt-c6000_8.2.4\lib\</path>
         <kind>archive</kind>
         <file>rts6740_elf.lib</file>
         <name>exit.obj</name>
      </input_file>
      <input_file id="fl-27">
         <path>C:\ti\ccsv8\tools\compiler\ti-cgt-c6000_8.2.4\lib\</path>
         <kind>archive</kind>
         <file>rts6740_elf.lib</file>
         <name>fclose.obj</name>
      </input_file>
      <input_file id="fl-28">
         <path>C:\ti\ccsv8\tools\compiler\ti-cgt-c6000_8.2.4\lib\</path>
         <kind>archive</kind>
         <file>rts6740_elf.lib</file>
         <name>fflush.obj</name>
      </input_file>
      <input_file id="fl-29">
         <path>C:\ti\ccsv8\tools\compiler\ti-cgt-c6000_8.2.4\lib\</path>
         <kind>archive</kind>
         <file>rts6740_elf.lib</file>
         <name>fprintf.obj</name>
      </input_file>
      <input_file id="fl-2a">
         <path>C:\ti\ccsv8\tools\compiler\ti-cgt-c6000_8.2.4\lib\</path>
         <kind>archive</kind>
         <file>rts6740_elf.lib</file>
         <name>fputc.obj</name>
      </input_file>
      <input_file id="fl-2b">
         <path>C:\ti\ccsv8\tools\compiler\ti-cgt-c6000_8.2.4\lib\</path>
         <kind>archive</kind>
         <file>rts6740_elf.lib</file>
         <name>fputs.obj</name>
      </input_file>
      <input_file id="fl-2c">
         <path>C:\ti\ccsv8\tools\compiler\ti-cgt-c6000_8.2.4\lib\</path>
         <kind>archive</kind>
         <file>rts6740_elf.lib</file>
         <name>frcmpyd_div.obj</name>
      </input_file>
      <input_file id="fl-2d">
         <path>C:\ti\ccsv8\tools\compiler\ti-cgt-c6000_8.2.4\lib\</path>
         <kind>archive</kind>
         <file>rts6740_elf.lib</file>
         <name>llshift.obj</name>
      </input_file>
      <input_file id="fl-2e">
         <path>C:\ti\ccsv8\tools\compiler\ti-cgt-c6000_8.2.4\lib\</path>
         <kind>archive</kind>
         <file>rts6740_elf.lib</file>
         <name>memcpy64.obj</name>
      </input_file>
      <input_file id="fl-2f">
         <path>C:\ti\ccsv8\tools\compiler\ti-cgt-c6000_8.2.4\lib\</path>
         <kind>archive</kind>
         <file>rts6740_elf.lib</file>
         <name>memory.obj</name>
      </input_file>
      <input_file id="fl-30">
         <path>C:\ti\ccsv8\tools\compiler\ti-cgt-c6000_8.2.4\lib\</path>
         <kind>archive</kind>
         <file>rts6740_elf.lib</file>
         <name>memset.obj</name>
      </input_file>
      <input_file id="fl-31">
         <path>C:\ti\ccsv8\tools\compiler\ti-cgt-c6000_8.2.4\lib\</path>
         <kind>archive</kind>
         <file>rts6740_elf.lib</file>
         <name>pre_init.obj</name>
      </input_file>
      <input_file id="fl-32">
         <path>C:\ti\ccsv8\tools\compiler\ti-cgt-c6000_8.2.4\lib\</path>
         <kind>archive</kind>
         <file>rts6740_elf.lib</file>
         <name>printf.obj</name>
      </input_file>
      <input_file id="fl-33">
         <path>C:\ti\ccsv8\tools\compiler\ti-cgt-c6000_8.2.4\lib\</path>
         <kind>archive</kind>
         <file>rts6740_elf.lib</file>
         <name>remove.obj</name>
      </input_file>
      <input_file id="fl-34">
         <path>C:\ti\ccsv8\tools\compiler\ti-cgt-c6000_8.2.4\lib\</path>
         <kind>archive</kind>
         <file>rts6740_elf.lib</file>
         <name>unlink.obj</name>
      </input_file>
      <input_file id="fl-35">
         <path>C:\ti\ccsv8\tools\compiler\ti-cgt-c6000_8.2.4\lib\</path>
         <kind>archive</kind>
         <file>rts6740_elf.lib</file>
         <name>write.obj</name>
      </input_file>
      <input_file id="fl-36">
         <path>C:\ti\ccsv8\tools\compiler\ti-cgt-c6000_8.2.4\lib\</path>
         <kind>archive</kind>
         <file>rts6740_elf.lib</file>
         <name>_io_perm.obj</name>
      </input_file>
      <input_file id="fl-37">
         <path>C:\ti\ccsv8\tools\compiler\ti-cgt-c6000_8.2.4\lib\</path>
         <kind>archive</kind>
         <file>rts6740_elf.lib</file>
         <name>_lock.obj</name>
      </input_file>
      <input_file id="fl-38">
         <path>C:\ti\ccsv8\tools\compiler\ti-cgt-c6000_8.2.4\lib\</path>
         <kind>archive</kind>
         <file>rts6740_elf.lib</file>
         <name>_printfi.obj</name>
      </input_file>
      <input_file id="fl-39">
         <path>C:\ti\ccsv8\tools\compiler\ti-cgt-c6000_8.2.4\lib\</path>
         <kind>archive</kind>
         <file>rts6740_elf.lib</file>
         <name>args_main.obj</name>
      </input_file>
      <input_file id="fl-3a">
         <path>C:\ti\ccsv8\tools\compiler\ti-cgt-c6000_8.2.4\lib\</path>
         <kind>archive</kind>
         <file>rts6740_elf.lib</file>
         <name>atoi.obj</name>
      </input_file>
      <input_file id="fl-3b">
         <path>C:\ti\ccsv8\tools\compiler\ti-cgt-c6000_8.2.4\lib\</path>
         <kind>archive</kind>
         <file>rts6740_elf.lib</file>
         <name>autoinit.obj</name>
      </input_file>
      <input_file id="fl-3c">
         <path>C:\ti\ccsv8\tools\compiler\ti-cgt-c6000_8.2.4\lib\</path>
         <kind>archive</kind>
         <file>rts6740_elf.lib</file>
         <name>close.obj</name>
      </input_file>
      <input_file id="fl-3d">
         <path>C:\ti\ccsv8\tools\compiler\ti-cgt-c6000_8.2.4\lib\</path>
         <kind>archive</kind>
         <file>rts6740_elf.lib</file>
         <name>cpy_tbl.obj</name>
      </input_file>
      <input_file id="fl-3e">
         <path>C:\ti\ccsv8\tools\compiler\ti-cgt-c6000_8.2.4\lib\</path>
         <kind>archive</kind>
         <file>rts6740_elf.lib</file>
         <name>ctype.obj</name>
      </input_file>
      <input_file id="fl-3f">
         <path>C:\ti\ccsv8\tools\compiler\ti-cgt-c6000_8.2.4\lib\</path>
         <kind>archive</kind>
         <file>rts6740_elf.lib</file>
         <name>divu.obj</name>
      </input_file>
      <input_file id="fl-40">
         <path>C:\ti\ccsv8\tools\compiler\ti-cgt-c6000_8.2.4\lib\</path>
         <kind>archive</kind>
         <file>rts6740_elf.lib</file>
         <name>frexp.obj</name>
      </input_file>
      <input_file id="fl-41">
         <path>C:\ti\ccsv8\tools\compiler\ti-cgt-c6000_8.2.4\lib\</path>
         <kind>archive</kind>
         <file>rts6740_elf.lib</file>
         <name>fseek.obj</name>
      </input_file>
      <input_file id="fl-42">
         <path>C:\ti\ccsv8\tools\compiler\ti-cgt-c6000_8.2.4\lib\</path>
         <kind>archive</kind>
         <file>rts6740_elf.lib</file>
         <name>getdevice.obj</name>
      </input_file>
      <input_file id="fl-43">
         <path>C:\ti\ccsv8\tools\compiler\ti-cgt-c6000_8.2.4\lib\</path>
         <kind>archive</kind>
         <file>rts6740_elf.lib</file>
         <name>hostclose.obj</name>
      </input_file>
      <input_file id="fl-44">
         <path>C:\ti\ccsv8\tools\compiler\ti-cgt-c6000_8.2.4\lib\</path>
         <kind>archive</kind>
         <file>rts6740_elf.lib</file>
         <name>hostlseek.obj</name>
      </input_file>
      <input_file id="fl-45">
         <path>C:\ti\ccsv8\tools\compiler\ti-cgt-c6000_8.2.4\lib\</path>
         <kind>archive</kind>
         <file>rts6740_elf.lib</file>
         <name>hostopen.obj</name>
      </input_file>
      <input_file id="fl-46">
         <path>C:\ti\ccsv8\tools\compiler\ti-cgt-c6000_8.2.4\lib\</path>
         <kind>archive</kind>
         <file>rts6740_elf.lib</file>
         <name>hostread.obj</name>
      </input_file>
      <input_file id="fl-47">
         <path>C:\ti\ccsv8\tools\compiler\ti-cgt-c6000_8.2.4\lib\</path>
         <kind>archive</kind>
         <file>rts6740_elf.lib</file>
         <name>hostrename.obj</name>
      </input_file>
      <input_file id="fl-48">
         <path>C:\ti\ccsv8\tools\compiler\ti-cgt-c6000_8.2.4\lib\</path>
         <kind>archive</kind>
         <file>rts6740_elf.lib</file>
         <name>hostunlink.obj</name>
      </input_file>
      <input_file id="fl-49">
         <path>C:\ti\ccsv8\tools\compiler\ti-cgt-c6000_8.2.4\lib\</path>
         <kind>archive</kind>
         <file>rts6740_elf.lib</file>
         <name>hostwrite.obj</name>
      </input_file>
      <input_file id="fl-4a">
         <path>C:\ti\ccsv8\tools\compiler\ti-cgt-c6000_8.2.4\lib\</path>
         <kind>archive</kind>
         <file>rts6740_elf.lib</file>
         <name>imath40.obj</name>
      </input_file>
      <input_file id="fl-4b">
         <path>C:\ti\ccsv8\tools\compiler\ti-cgt-c6000_8.2.4\lib\</path>
         <kind>archive</kind>
         <file>rts6740_elf.lib</file>
         <name>imath64.obj</name>
      </input_file>
      <input_file id="fl-4c">
         <path>C:\ti\ccsv8\tools\compiler\ti-cgt-c6000_8.2.4\lib\</path>
         <kind>archive</kind>
         <file>rts6740_elf.lib</file>
         <name>isinf.obj</name>
      </input_file>
      <input_file id="fl-4d">
         <path>C:\ti\ccsv8\tools\compiler\ti-cgt-c6000_8.2.4\lib\</path>
         <kind>archive</kind>
         <file>rts6740_elf.lib</file>
         <name>ldexp.obj</name>
      </input_file>
      <input_file id="fl-4e">
         <path>C:\ti\ccsv8\tools\compiler\ti-cgt-c6000_8.2.4\lib\</path>
         <kind>archive</kind>
         <file>rts6740_elf.lib</file>
         <name>llabs.obj</name>
      </input_file>
      <input_file id="fl-4f">
         <path>C:\ti\ccsv8\tools\compiler\ti-cgt-c6000_8.2.4\lib\</path>
         <kind>archive</kind>
         <file>rts6740_elf.lib</file>
         <name>lseek.obj</name>
      </input_file>
      <input_file id="fl-50">
         <path>C:\ti\ccsv8\tools\compiler\ti-cgt-c6000_8.2.4\lib\</path>
         <kind>archive</kind>
         <file>rts6740_elf.lib</file>
         <name>ltoa.obj</name>
      </input_file>
      <input_file id="fl-51">
         <path>C:\ti\ccsv8\tools\compiler\ti-cgt-c6000_8.2.4\lib\</path>
         <kind>archive</kind>
         <file>rts6740_elf.lib</file>
         <name>memccpy.obj</name>
      </input_file>
      <input_file id="fl-52">
         <path>C:\ti\ccsv8\tools\compiler\ti-cgt-c6000_8.2.4\lib\</path>
         <kind>archive</kind>
         <file>rts6740_elf.lib</file>
         <name>setvbuf.obj</name>
      </input_file>
      <input_file id="fl-53">
         <path>C:\ti\ccsv8\tools\compiler\ti-cgt-c6000_8.2.4\lib\</path>
         <kind>archive</kind>
         <file>rts6740_elf.lib</file>
         <name>startup.obj</name>
      </input_file>
      <input_file id="fl-54">
         <path>C:\ti\ccsv8\tools\compiler\ti-cgt-c6000_8.2.4\lib\</path>
         <kind>archive</kind>
         <file>rts6740_elf.lib</file>
         <name>tls.obj</name>
      </input_file>
      <input_file id="fl-55">
         <path>C:\ti\ccsv8\tools\compiler\ti-cgt-c6000_8.2.4\lib\</path>
         <kind>archive</kind>
         <file>rts6740_elf.lib</file>
         <name>tls_get_tp.obj</name>
      </input_file>
      <input_file id="fl-56">
         <path>C:\ti\ccsv8\tools\compiler\ti-cgt-c6000_8.2.4\lib\</path>
         <kind>archive</kind>
         <file>rts6740_elf.lib</file>
         <name>trgmsg.obj</name>
      </input_file>
      <input_file id="fl-57">
         <path>C:\ti\ccsv8\tools\compiler\ti-cgt-c6000_8.2.4\lib\</path>
         <kind>archive</kind>
         <file>rts6740_elf.lib</file>
         <name>errno.obj</name>
      </input_file>
      <input_file id="fl-58">
         <path>C:\ti\ccsv8\tools\compiler\ti-cgt-c6000_8.2.4\lib\</path>
         <kind>archive</kind>
         <file>rts6740_elf.lib</file>
         <name>fopen.obj</name>
      </input_file>
      <input_file id="fl-59">
         <path>C:\ti\ccsv8\tools\compiler\ti-cgt-c6000_8.2.4\lib\</path>
         <kind>archive</kind>
         <file>rts6740_elf.lib</file>
         <name>open.obj</name>
      </input_file>
   </input_file_list>
   <object_component_list>
      <object_component id="oc-3">
         <name>&lt;space&gt;</name>
         <uninitialized>true</uninitialized>
         <run_address>0x7e0000</run_address>
         <size>0x0</size>
      </object_component>
      <object_component id="oc-e0">
         <name>.fardata:_ftable</name>
         <load_address>0x801000</load_address>
         <run_address>0x801000</run_address>
         <size>0x1e0</size>
         <input_file_ref idref="fl-24"/>
      </object_component>
      <object_component id="oc-29d">
         <name>.fardata:_stream</name>
         <load_address>0x8011e0</load_address>
         <run_address>0x8011e0</run_address>
         <size>0xa0</size>
         <input_file_ref idref="fl-35"/>
      </object_component>
      <object_component id="oc-2ea">
         <name>.fardata:_device</name>
         <load_address>0x801280</load_address>
         <run_address>0x801280</run_address>
         <size>0x78</size>
         <input_file_ref idref="fl-35"/>
      </object_component>
      <object_component id="oc-d4">
         <name>.fardata:fruit_prices</name>
         <load_address>0x8012f8</load_address>
         <run_address>0x8012f8</run_address>
         <size>0x28</size>
         <input_file_ref idref="fl-2"/>
      </object_component>
      <object_component id="oc-d9">
         <name>.fardata:fruit_names</name>
         <load_address>0x801320</load_address>
         <run_address>0x801320</run_address>
         <size>0x14</size>
         <input_file_ref idref="fl-2"/>
      </object_component>
      <object_component id="oc-9a">
         <name>.fardata</name>
         <load_address>0x801334</load_address>
         <run_address>0x801334</run_address>
         <size>0xc</size>
         <input_file_ref idref="fl-26"/>
      </object_component>
      <object_component id="oc-28d">
         <name>.fardata</name>
         <load_address>0x801340</load_address>
         <run_address>0x801340</run_address>
         <size>0x8</size>
         <input_file_ref idref="fl-2f"/>
      </object_component>
      <object_component id="oc-148">
         <name>.fardata:_lock</name>
         <load_address>0x801348</load_address>
         <run_address>0x801348</run_address>
         <size>0x4</size>
         <input_file_ref idref="fl-37"/>
      </object_component>
      <object_component id="oc-14b">
         <name>.fardata:_unlock</name>
         <load_address>0x80134c</load_address>
         <run_address>0x80134c</run_address>
         <size>0x4</size>
         <input_file_ref idref="fl-37"/>
      </object_component>
      <object_component id="oc-36f">
         <name>.fardata</name>
         <load_address>0x801350</load_address>
         <run_address>0x801350</run_address>
         <size>0x4</size>
         <input_file_ref idref="fl-24"/>
      </object_component>
      <object_component id="oc-333">
         <name>.fardata</name>
         <load_address>0x801354</load_address>
         <run_address>0x801354</run_address>
         <size>0x4</size>
         <input_file_ref idref="fl-57"/>
      </object_component>
      <object_component id="oc-d7">
         <name>.const:.string</name>
         <load_address>0x801358</load_address>
         <run_address>0x801358</run_address>
         <size>0x108</size>
         <input_file_ref idref="fl-2"/>
      </object_component>
      <object_component id="oc-247">
         <name>.const:.string:_ctypes_</name>
         <load_address>0x801460</load_address>
         <run_address>0x801460</run_address>
         <size>0x101</size>
         <input_file_ref idref="fl-3e"/>
      </object_component>
      <object_component id="oc-1f3">
         <name>.const:.string</name>
         <load_address>0x801564</load_address>
         <run_address>0x801564</run_address>
         <size>0x24</size>
         <input_file_ref idref="fl-38"/>
      </object_component>
      <object_component id="oc-d8">
         <name>.switch:char_to_fruit</name>
         <load_address>0x801800</load_address>
         <run_address>0x801800</run_address>
         <size>0x50</size>
         <input_file_ref idref="fl-2"/>
      </object_component>
      <object_component id="oc-1f4">
         <name>.switch:__TI_printfi</name>
         <load_address>0x801850</load_address>
         <run_address>0x801850</run_address>
         <size>0x38</size>
         <input_file_ref idref="fl-38"/>
      </object_component>
      <object_component id="oc-3a3">
         <name>.cio</name>
         <uninitialized>true</uninitialized>
         <run_address>0x8016e0</run_address>
         <size>0x120</size>
         <input_file_ref idref="fl-56"/>
      </object_component>
      <object_component id="oc-dc">
         <name>.rodata</name>
         <load_address>0x801890</load_address>
         <run_address>0x801890</run_address>
         <size>0x8</size>
         <input_file_ref idref="fl-2"/>
      </object_component>
      <object_component id="oc-df">
         <name>.common:health</name>
         <uninitialized>true</uninitialized>
         <run_address>0x801898</run_address>
         <size>0x4</size>
      </object_component>
      <object_component id="oc-d1">
         <name>.neardata</name>
         <load_address>0x801888</load_address>
         <run_address>0x801888</run_address>
         <size>0x8</size>
         <input_file_ref idref="fl-2"/>
      </object_component>
      <object_component id="oc-2d">
         <name>.stack</name>
         <uninitialized>true</uninitialized>
         <run_address>0x800000</run_address>
         <size>0x8</size>
         <input_file_ref idref="fl-20"/>
      </object_component>
      <object_component id="oc-3de">
         <name>.stack</name>
         <uninitialized>true</uninitialized>
         <run_address>0x800000</run_address>
         <size>0x0</size>
      </object_component>
      <object_component id="oc-3e5">
         <name>.cinit..fardata.load</name>
         <load_address>0x8018a0</load_address>
         <run_address>0x8018a0</run_address>
         <size>0xaa</size>
      </object_component>
      <object_component id="oc-3dc">
         <name>.cinit..neardata.load</name>
         <load_address>0x80194a</load_address>
         <run_address>0x80194a</run_address>
         <size>0xe</size>
      </object_component>
      <object_component id="oc-3da">
         <name>.cinit..rodata.load</name>
         <load_address>0x801958</load_address>
         <run_address>0x801958</run_address>
         <size>0xe</size>
      </object_component>
      <object_component id="oc-3dd">
         <name>.cinit..far.load</name>
         <load_address>0x801966</load_address>
         <run_address>0x801966</run_address>
         <size>0xb</size>
      </object_component>
      <object_component id="oc-3db">
         <name>.cinit..bss.load</name>
         <load_address>0x801971</load_address>
         <run_address>0x801971</run_address>
         <size>0x9</size>
      </object_component>
      <object_component id="oc-3d7">
         <name>__TI_handler_table</name>
         <load_address>0x80197c</load_address>
         <run_address>0x80197c</run_address>
         <size>0x8</size>
      </object_component>
      <object_component id="oc-3d8">
         <name>__TI_cinit_table</name>
         <load_address>0x801988</load_address>
         <run_address>0x801988</run_address>
         <size>0x28</size>
      </object_component>
      <object_component id="oc-ce">
         <name>.common:customer</name>
         <uninitialized>true</uninitialized>
         <run_address>0x8016c8</run_address>
         <size>0x10</size>
      </object_component>
      <object_component id="oc-229">
         <name>.common:__TI_tmpnams</name>
         <uninitialized>true</uninitialized>
         <run_address>0x801588</run_address>
         <size>0x140</size>
      </object_component>
      <object_component id="oc-380">
         <name>.common:parmbuf</name>
         <uninitialized>true</uninitialized>
         <run_address>0x8016d8</run_address>
         <size>0x8</size>
      </object_component>
      <object_component id="oc-30">
         <name>.sysmem</name>
         <uninitialized>true</uninitialized>
         <run_address>0x800800</run_address>
         <size>0x8</size>
         <input_file_ref idref="fl-2f"/>
      </object_component>
      <object_component id="oc-3df">
         <name>.sysmem</name>
         <uninitialized>true</uninitialized>
         <run_address>0x800800</run_address>
         <size>0x0</size>
      </object_component>
      <object_component id="oc-15a">
         <name>.text:__TI_printfi</name>
         <load_address>0x7e0000</load_address>
         <run_address>0x7e0000</run_address>
         <size>0x1ce0</size>
         <input_file_ref idref="fl-38"/>
      </object_component>
      <object_component id="oc-92">
         <name>.text</name>
         <load_address>0x7e1ce0</load_address>
         <run_address>0x7e1ce0</run_address>
         <size>0x8a0</size>
         <input_file_ref idref="fl-2"/>
      </object_component>
      <object_component id="oc-1e7">
         <name>.text:_pconv_a</name>
         <load_address>0x7e2580</load_address>
         <run_address>0x7e2580</run_address>
         <size>0x680</size>
         <input_file_ref idref="fl-38"/>
      </object_component>
      <object_component id="oc-e3">
         <name>.text:__c6xabi_divd</name>
         <load_address>0x7e2c00</load_address>
         <run_address>0x7e2c00</run_address>
         <size>0x5c0</size>
         <input_file_ref idref="fl-25"/>
      </object_component>
      <object_component id="oc-1d5">
         <name>.text:_pconv_g</name>
         <load_address>0x7e31c0</load_address>
         <run_address>0x7e31c0</run_address>
         <size>0x500</size>
         <input_file_ref idref="fl-38"/>
      </object_component>
      <object_component id="oc-217">
         <name>.text:free</name>
         <load_address>0x7e36c0</load_address>
         <run_address>0x7e36c0</run_address>
         <size>0x440</size>
         <input_file_ref idref="fl-2f"/>
      </object_component>
      <object_component id="oc-1e1">
         <name>.text:_pconv_e</name>
         <load_address>0x7e3b00</load_address>
         <run_address>0x7e3b00</run_address>
         <size>0x420</size>
         <input_file_ref idref="fl-38"/>
      </object_component>
      <object_component id="oc-1b6">
         <name>.text:fputs</name>
         <load_address>0x7e3f20</load_address>
         <run_address>0x7e3f20</run_address>
         <size>0x3e0</size>
         <input_file_ref idref="fl-2b"/>
      </object_component>
      <object_component id="oc-1db">
         <name>.text:_pconv_f</name>
         <load_address>0x7e4300</load_address>
         <run_address>0x7e4300</run_address>
         <size>0x2a0</size>
         <input_file_ref idref="fl-38"/>
      </object_component>
      <object_component id="oc-26d">
         <name>.text:fcvt</name>
         <load_address>0x7e45a0</load_address>
         <run_address>0x7e45a0</run_address>
         <size>0x2a0</size>
         <input_file_ref idref="fl-38"/>
      </object_component>
      <object_component id="oc-252">
         <name>.text:__c6xabi_divull</name>
         <load_address>0x7e4840</load_address>
         <run_address>0x7e4840</run_address>
         <size>0x260</size>
         <input_file_ref idref="fl-4b"/>
      </object_component>
      <object_component id="oc-1af">
         <name>.text:fputc</name>
         <load_address>0x7e4aa0</load_address>
         <run_address>0x7e4aa0</run_address>
         <size>0x220</size>
         <input_file_ref idref="fl-2a"/>
      </object_component>
      <object_component id="oc-2b0">
         <name>.text:setvbuf</name>
         <load_address>0x7e4cc0</load_address>
         <run_address>0x7e4cc0</run_address>
         <size>0x220</size>
         <input_file_ref idref="fl-52"/>
      </object_component>
      <object_component id="oc-1c9">
         <name>.text:_ltostr</name>
         <load_address>0x7e4ee0</load_address>
         <run_address>0x7e4ee0</run_address>
         <size>0x200</size>
         <input_file_ref idref="fl-38"/>
      </object_component>
      <object_component id="oc-258">
         <name>.text:__c6xabi_divul</name>
         <load_address>0x7e50e0</load_address>
         <run_address>0x7e50e0</run_address>
         <size>0x1c0</size>
         <input_file_ref idref="fl-4a"/>
      </object_component>
      <object_component id="oc-275">
         <name>.text:frexp</name>
         <load_address>0x7e52a0</load_address>
         <run_address>0x7e52a0</run_address>
         <size>0x1c0</size>
         <input_file_ref idref="fl-40"/>
      </object_component>
      <object_component id="oc-360">
         <name>.text:HOSTrename</name>
         <load_address>0x7e5460</load_address>
         <run_address>0x7e5460</run_address>
         <size>0x1a0</size>
         <input_file_ref idref="fl-47"/>
      </object_component>
      <object_component id="oc-27b">
         <name>.text:ldexp</name>
         <load_address>0x7e5600</load_address>
         <run_address>0x7e5600</run_address>
         <size>0x180</size>
         <input_file_ref idref="fl-4d"/>
      </object_component>
      <object_component id="oc-318">
         <name>.text:malloc</name>
         <load_address>0x7e5780</load_address>
         <run_address>0x7e5780</run_address>
         <size>0x180</size>
         <input_file_ref idref="fl-2f"/>
      </object_component>
      <object_component id="oc-69">
         <name>.text:_auto_init_elf</name>
         <load_address>0x7e5900</load_address>
         <run_address>0x7e5900</run_address>
         <size>0x160</size>
         <input_file_ref idref="fl-3b"/>
      </object_component>
      <object_component id="oc-170">
         <name>.text:__TI_closefile</name>
         <load_address>0x7e5a60</load_address>
         <run_address>0x7e5a60</run_address>
         <size>0x140</size>
         <input_file_ref idref="fl-27"/>
      </object_component>
      <object_component id="oc-2a2">
         <name>.text:getdevice</name>
         <load_address>0x7e5ba0</load_address>
         <run_address>0x7e5ba0</run_address>
         <size>0x140</size>
         <input_file_ref idref="fl-42"/>
      </object_component>
      <object_component id="oc-2aa">
         <name>.text:fseek</name>
         <load_address>0x7e5ce0</load_address>
         <run_address>0x7e5ce0</run_address>
         <size>0x120</size>
         <input_file_ref idref="fl-41"/>
      </object_component>
      <object_component id="oc-3f">
         <name>.text:__TI_decompress_rle_core</name>
         <load_address>0x7e5e00</load_address>
         <run_address>0x7e5e00</run_address>
         <size>0x100</size>
         <input_file_ref idref="fl-22"/>
      </object_component>
      <object_component id="oc-237">
         <name>.text:__TI_wrt_ok</name>
         <load_address>0x7e5f00</load_address>
         <run_address>0x7e5f00</run_address>
         <size>0x100</size>
         <input_file_ref idref="fl-36"/>
      </object_component>
      <object_component id="oc-1bd">
         <name>.text:atoi</name>
         <load_address>0x7e6000</load_address>
         <run_address>0x7e6000</run_address>
         <size>0x100</size>
         <input_file_ref idref="fl-3a"/>
      </object_component>
      <object_component id="oc-a6">
         <name>.text:copy_in</name>
         <load_address>0x7e6100</load_address>
         <run_address>0x7e6100</run_address>
         <size>0x100</size>
         <input_file_ref idref="fl-3d"/>
      </object_component>
      <object_component id="oc-ef">
         <name>.text:fprintf</name>
         <load_address>0x7e6200</load_address>
         <run_address>0x7e6200</run_address>
         <size>0x100</size>
         <input_file_ref idref="fl-29"/>
      </object_component>
      <object_component id="oc-354">
         <name>.text:HOSTlseek</name>
         <load_address>0x7e6300</load_address>
         <run_address>0x7e6300</run_address>
         <size>0xe0</size>
         <input_file_ref idref="fl-44"/>
      </object_component>
      <object_component id="oc-33c">
         <name>.text:HOSTopen</name>
         <load_address>0x7e63e0</load_address>
         <run_address>0x7e63e0</run_address>
         <size>0xe0</size>
         <input_file_ref idref="fl-45"/>
      </object_component>
      <object_component id="oc-34e">
         <name>.text:HOSTwrite</name>
         <load_address>0x7e64c0</load_address>
         <run_address>0x7e64c0</run_address>
         <size>0xe0</size>
         <input_file_ref idref="fl-49"/>
      </object_component>
      <object_component id="oc-21d">
         <name>.text:close</name>
         <load_address>0x7e65a0</load_address>
         <run_address>0x7e65a0</run_address>
         <size>0xe0</size>
         <input_file_ref idref="fl-3c"/>
      </object_component>
      <object_component id="oc-5d">
         <name>.text:exit</name>
         <load_address>0x7e6680</load_address>
         <run_address>0x7e6680</run_address>
         <size>0xe0</size>
         <input_file_ref idref="fl-26"/>
      </object_component>
      <object_component id="oc-260">
         <name>.text:ltoa</name>
         <load_address>0x7e6760</load_address>
         <run_address>0x7e6760</run_address>
         <size>0xe0</size>
         <input_file_ref idref="fl-50"/>
      </object_component>
      <object_component id="oc-4b">
         <name>.text:memset</name>
         <load_address>0x7e6840</load_address>
         <run_address>0x7e6840</run_address>
         <size>0xe0</size>
         <input_file_ref idref="fl-30"/>
      </object_component>
      <object_component id="oc-e9">
         <name>.text:printf</name>
         <load_address>0x7e6920</load_address>
         <run_address>0x7e6920</run_address>
         <size>0xe0</size>
         <input_file_ref idref="fl-32"/>
      </object_component>
      <object_component id="oc-348">
         <name>.text:HOSTread</name>
         <load_address>0x7e6a00</load_address>
         <run_address>0x7e6a00</run_address>
         <size>0xc0</size>
         <input_file_ref idref="fl-46"/>
      </object_component>
      <object_component id="oc-35a">
         <name>.text:HOSTunlink</name>
         <load_address>0x7e6ac0</load_address>
         <run_address>0x7e6ac0</run_address>
         <size>0xc0</size>
         <input_file_ref idref="fl-48"/>
      </object_component>
      <object_component id="oc-211">
         <name>.text:__TI_doflush</name>
         <load_address>0x7e6b80</load_address>
         <run_address>0x7e6b80</run_address>
         <size>0xc0</size>
         <input_file_ref idref="fl-28"/>
      </object_component>
      <object_component id="oc-24d">
         <name>.text:__divu</name>
         <load_address>0x7e6c40</load_address>
         <run_address>0x7e6c40</run_address>
         <size>0xc0</size>
         <input_file_ref idref="fl-3f"/>
      </object_component>
      <object_component id="oc-266">
         <name>.text:_ecpy</name>
         <load_address>0x7e6d00</load_address>
         <run_address>0x7e6d00</run_address>
         <size>0xc0</size>
         <input_file_ref idref="fl-38"/>
      </object_component>
      <object_component id="oc-296">
         <name>.text:mremove</name>
         <load_address>0x7e6dc0</load_address>
         <run_address>0x7e6dc0</run_address>
         <size>0xc0</size>
         <input_file_ref idref="fl-2f"/>
      </object_component>
      <object_component id="oc-b2">
         <name>.text:tls:init:__TI_tls_init</name>
         <load_address>0x7e6e80</load_address>
         <run_address>0x7e6e80</run_address>
         <size>0xc0</size>
         <input_file_ref idref="fl-54"/>
      </object_component>
      <object_component id="oc-342">
         <name>.text:HOSTclose</name>
         <load_address>0x7e6f40</load_address>
         <run_address>0x7e6f40</run_address>
         <size>0xa0</size>
         <input_file_ref idref="fl-43"/>
      </object_component>
      <object_component id="oc-312">
         <name>.text:__TI_cleanup</name>
         <load_address>0x7e6fe0</load_address>
         <run_address>0x7e6fe0</run_address>
         <size>0xa0</size>
         <input_file_ref idref="fl-58"/>
      </object_component>
      <object_component id="oc-373">
         <name>.text:_minit</name>
         <load_address>0x7e7080</load_address>
         <run_address>0x7e7080</run_address>
         <size>0xa0</size>
         <input_file_ref idref="fl-2f"/>
      </object_component>
      <object_component id="oc-33">
         <name>.text:memcpy</name>
         <load_address>0x7e7120</load_address>
         <run_address>0x7e7120</run_address>
         <size>0xa0</size>
         <input_file_ref idref="fl-2e"/>
      </object_component>
      <object_component id="oc-290">
         <name>.text:minsert</name>
         <load_address>0x7e71c0</load_address>
         <run_address>0x7e71c0</run_address>
         <size>0xa0</size>
         <input_file_ref idref="fl-2f"/>
      </object_component>
      <object_component id="oc-389">
         <name>.text:__TI_readmsg</name>
         <load_address>0x7e7260</load_address>
         <run_address>0x7e7260</run_address>
         <size>0x80</size>
         <input_file_ref idref="fl-56"/>
      </object_component>
      <object_component id="oc-2c4">
         <name>.text:__c6xabi_llshl</name>
         <load_address>0x7e72e0</load_address>
         <run_address>0x7e72e0</run_address>
         <size>0x80</size>
         <input_file_ref idref="fl-2d"/>
      </object_component>
      <object_component id="oc-24">
         <name>.text:_c_int00</name>
         <load_address>0x7e7360</load_address>
         <run_address>0x7e7360</run_address>
         <size>0x80</size>
         <input_file_ref idref="fl-20"/>
      </object_component>
      <object_component id="oc-f5">
         <name>.text:fclose</name>
         <load_address>0x7e73e0</load_address>
         <run_address>0x7e73e0</run_address>
         <size>0x80</size>
         <input_file_ref idref="fl-27"/>
      </object_component>
      <object_component id="oc-2fb">
         <name>.text:finddevice</name>
         <load_address>0x7e7460</load_address>
         <run_address>0x7e7460</run_address>
         <size>0x80</size>
         <input_file_ref idref="fl-42"/>
      </object_component>
      <object_component id="oc-223">
         <name>.text:unlink</name>
         <load_address>0x7e74e0</load_address>
         <run_address>0x7e74e0</run_address>
         <size>0x80</size>
         <input_file_ref idref="fl-34"/>
      </object_component>
      <object_component id="oc-383">
         <name>.text:__TI_writemsg</name>
         <load_address>0x7e7560</load_address>
         <run_address>0x7e7560</run_address>
         <size>0x60</size>
         <input_file_ref idref="fl-56"/>
      </object_component>
      <object_component id="oc-131">
         <name>.text:__c6xabi_llshru</name>
         <load_address>0x7e75c0</load_address>
         <run_address>0x7e75c0</run_address>
         <size>0x60</size>
         <input_file_ref idref="fl-2d"/>
      </object_component>
      <object_component id="oc-2ca">
         <name>.text:_subcull</name>
         <load_address>0x7e7620</load_address>
         <run_address>0x7e7620</run_address>
         <size>0x60</size>
         <input_file_ref idref="fl-4b"/>
      </object_component>
      <object_component id="oc-30a">
         <name>.text:lseek</name>
         <load_address>0x7e7680</load_address>
         <run_address>0x7e7680</run_address>
         <size>0x60</size>
         <input_file_ref idref="fl-4f"/>
      </object_component>
      <object_component id="oc-1ed">
         <name>.text:memccpy</name>
         <load_address>0x7e76e0</load_address>
         <run_address>0x7e76e0</run_address>
         <size>0x60</size>
         <input_file_ref idref="fl-51"/>
      </object_component>
      <object_component id="oc-23d">
         <name>.text:write</name>
         <load_address>0x7e7740</load_address>
         <run_address>0x7e7740</run_address>
         <size>0x60</size>
         <input_file_ref idref="fl-35"/>
      </object_component>
      <object_component id="oc-137">
         <name>.text:__TI_frcmpyd_div</name>
         <load_address>0x7e77a0</load_address>
         <run_address>0x7e77a0</run_address>
         <size>0x40</size>
         <input_file_ref idref="fl-2c"/>
      </object_component>
      <object_component id="oc-1cf">
         <name>.text:__c6xabi_isinf</name>
         <load_address>0x7e77e0</load_address>
         <run_address>0x7e77e0</run_address>
         <size>0x40</size>
         <input_file_ref idref="fl-4c"/>
      </object_component>
      <object_component id="oc-1c3">
         <name>.text:__c6xabi_isnan</name>
         <load_address>0x7e7820</load_address>
         <run_address>0x7e7820</run_address>
         <size>0x40</size>
         <input_file_ref idref="fl-38"/>
      </object_component>
      <object_component id="oc-57">
         <name>.text:_args_main</name>
         <load_address>0x7e7860</load_address>
         <run_address>0x7e7860</run_address>
         <size>0x40</size>
         <input_file_ref idref="fl-39"/>
      </object_component>
      <object_component id="oc-2d8">
         <name>.text:__c6xabi_errno_addr</name>
         <load_address>0x7e78a0</load_address>
         <run_address>0x7e78a0</run_address>
         <size>0x20</size>
         <input_file_ref idref="fl-57"/>
      </object_component>
      <object_component id="oc-1a4">
         <name>.text:_nop</name>
         <load_address>0x7e78c0</load_address>
         <run_address>0x7e78c0</run_address>
         <size>0x20</size>
         <input_file_ref idref="fl-37"/>
      </object_component>
      <object_component id="oc-168">
         <name>.text:_outc</name>
         <load_address>0x7e78e0</load_address>
         <run_address>0x7e78e0</run_address>
         <size>0x20</size>
         <input_file_ref idref="fl-29"/>
      </object_component>
      <object_component id="oc-14e">
         <name>.text:_outc</name>
         <load_address>0x7e7900</load_address>
         <run_address>0x7e7900</run_address>
         <size>0x20</size>
         <input_file_ref idref="fl-32"/>
      </object_component>
      <object_component id="oc-162">
         <name>.text:_outs</name>
         <load_address>0x7e7920</load_address>
         <run_address>0x7e7920</run_address>
         <size>0x20</size>
         <input_file_ref idref="fl-29"/>
      </object_component>
      <object_component id="oc-154">
         <name>.text:_outs</name>
         <load_address>0x7e7940</load_address>
         <run_address>0x7e7940</run_address>
         <size>0x20</size>
         <input_file_ref idref="fl-32"/>
      </object_component>
      <object_component id="oc-ac">
         <name>.text:_system_post_cinit</name>
         <load_address>0x7e7960</load_address>
         <run_address>0x7e7960</run_address>
         <size>0x20</size>
         <input_file_ref idref="fl-53"/>
      </object_component>
      <object_component id="oc-63">
         <name>.text:_system_pre_init</name>
         <load_address>0x7e7980</load_address>
         <run_address>0x7e7980</run_address>
         <size>0x20</size>
         <input_file_ref idref="fl-31"/>
      </object_component>
      <object_component id="oc-9d">
         <name>.text:abort</name>
         <load_address>0x7e79a0</load_address>
         <run_address>0x7e79a0</run_address>
         <size>0x20</size>
         <input_file_ref idref="fl-26"/>
      </object_component>
      <object_component id="oc-12">
         <name>.text:decompress:none:__TI_decompress_none</name>
         <load_address>0x7e79c0</load_address>
         <run_address>0x7e79c0</run_address>
         <size>0x20</size>
         <input_file_ref idref="fl-21"/>
      </object_component>
      <object_component id="oc-18">
         <name>.text:decompress:rle24:__TI_decompress_rle24</name>
         <load_address>0x7e79e0</load_address>
         <run_address>0x7e79e0</run_address>
         <size>0x20</size>
         <input_file_ref idref="fl-22"/>
      </object_component>
      <object_component id="oc-cf">
         <name>.debug_info</name>
         <load_address>0x0</load_address>
         <run_address>0x0</run_address>
         <size>0x64c</size>
         <input_file_ref idref="fl-2"/>
      </object_component>
      <object_component id="oc-da">
         <name>.debug_info</name>
         <load_address>0x64c</load_address>
         <run_address>0x64c</run_address>
         <size>0xb4</size>
         <input_file_ref idref="fl-2"/>
      </object_component>
      <object_component id="oc-d5">
         <name>.debug_info</name>
         <load_address>0x700</load_address>
         <run_address>0x700</run_address>
         <size>0xb6</size>
         <input_file_ref idref="fl-2"/>
      </object_component>
      <object_component id="oc-d2">
         <name>.debug_info</name>
         <load_address>0x7b6</load_address>
         <run_address>0x7b6</run_address>
         <size>0xb6</size>
         <input_file_ref idref="fl-2"/>
      </object_component>
      <object_component id="oc-dd">
         <name>.debug_info</name>
         <load_address>0x86c</load_address>
         <run_address>0x86c</run_address>
         <size>0xed</size>
         <input_file_ref idref="fl-2"/>
      </object_component>
      <object_component id="oc-93">
         <name>.debug_info</name>
         <load_address>0x959</load_address>
         <run_address>0x959</run_address>
         <size>0xe1a</size>
         <input_file_ref idref="fl-2"/>
      </object_component>
      <object_component id="oc-fc">
         <name>.debug_info</name>
         <load_address>0x1773</load_address>
         <run_address>0x1773</run_address>
         <size>0xad</size>
         <input_file_ref idref="fl-2"/>
      </object_component>
      <object_component id="oc-120">
         <name>.debug_info</name>
         <load_address>0x1820</load_address>
         <run_address>0x1820</run_address>
         <size>0xc8</size>
         <input_file_ref idref="fl-2"/>
      </object_component>
      <object_component id="oc-7e">
         <name>.debug_info</name>
         <load_address>0x18e8</load_address>
         <run_address>0x18e8</run_address>
         <size>0xb2</size>
         <input_file_ref idref="fl-2"/>
      </object_component>
      <object_component id="oc-1f7">
         <name>.debug_info</name>
         <load_address>0x199a</load_address>
         <run_address>0x199a</run_address>
         <size>0x2c</size>
         <input_file_ref idref="fl-2"/>
      </object_component>
      <object_component id="oc-72">
         <name>.debug_info</name>
         <load_address>0x19c6</load_address>
         <run_address>0x19c6</run_address>
         <size>0x5d6</size>
         <input_file_ref idref="fl-20"/>
      </object_component>
      <object_component id="oc-2e">
         <name>.debug_info</name>
         <load_address>0x1f9c</load_address>
         <run_address>0x1f9c</run_address>
         <size>0xed</size>
         <input_file_ref idref="fl-20"/>
      </object_component>
      <object_component id="oc-26">
         <name>.debug_info</name>
         <load_address>0x2089</load_address>
         <run_address>0x2089</run_address>
         <size>0x17a</size>
         <input_file_ref idref="fl-20"/>
      </object_component>
      <object_component id="oc-3e">
         <name>.debug_info</name>
         <load_address>0x2203</load_address>
         <run_address>0x2203</run_address>
         <size>0x5ab</size>
         <input_file_ref idref="fl-21"/>
      </object_component>
      <object_component id="oc-13">
         <name>.debug_info</name>
         <load_address>0x27ae</load_address>
         <run_address>0x27ae</run_address>
         <size>0x1c4</size>
         <input_file_ref idref="fl-21"/>
      </object_component>
      <object_component id="oc-39">
         <name>.debug_info</name>
         <load_address>0x2972</load_address>
         <run_address>0x2972</run_address>
         <size>0x46</size>
         <input_file_ref idref="fl-21"/>
      </object_component>
      <object_component id="oc-77">
         <name>.debug_info</name>
         <load_address>0x29b8</load_address>
         <run_address>0x29b8</run_address>
         <size>0x2c</size>
         <input_file_ref idref="fl-21"/>
      </object_component>
      <object_component id="oc-84">
         <name>.debug_info</name>
         <load_address>0x29e4</load_address>
         <run_address>0x29e4</run_address>
         <size>0x595</size>
         <input_file_ref idref="fl-22"/>
      </object_component>
      <object_component id="oc-42">
         <name>.debug_info</name>
         <load_address>0x2f79</load_address>
         <run_address>0x2f79</run_address>
         <size>0x24c</size>
         <input_file_ref idref="fl-22"/>
      </object_component>
      <object_component id="oc-1b">
         <name>.debug_info</name>
         <load_address>0x31c5</load_address>
         <run_address>0x31c5</run_address>
         <size>0x1a9</size>
         <input_file_ref idref="fl-22"/>
      </object_component>
      <object_component id="oc-46">
         <name>.debug_info</name>
         <load_address>0x336e</load_address>
         <run_address>0x336e</run_address>
         <size>0x46</size>
         <input_file_ref idref="fl-22"/>
      </object_component>
      <object_component id="oc-8c">
         <name>.debug_info</name>
         <load_address>0x33b4</load_address>
         <run_address>0x33b4</run_address>
         <size>0x2c</size>
         <input_file_ref idref="fl-22"/>
      </object_component>
      <object_component id="oc-85">
         <name>.debug_info</name>
         <load_address>0x33e0</load_address>
         <run_address>0x33e0</run_address>
         <size>0x39</size>
         <input_file_ref idref="fl-22"/>
      </object_component>
      <object_component id="oc-12f">
         <name>.debug_info</name>
         <load_address>0x3419</load_address>
         <run_address>0x3419</run_address>
         <size>0x12d</size>
         <input_file_ref idref="fl-24"/>
      </object_component>
      <object_component id="oc-e1">
         <name>.debug_info</name>
         <load_address>0x3546</load_address>
         <run_address>0x3546</run_address>
         <size>0xef</size>
         <input_file_ref idref="fl-24"/>
      </object_component>
      <object_component id="oc-370">
         <name>.debug_info</name>
         <load_address>0x3635</load_address>
         <run_address>0x3635</run_address>
         <size>0xf7</size>
         <input_file_ref idref="fl-24"/>
      </object_component>
      <object_component id="oc-192">
         <name>.debug_info</name>
         <load_address>0x372c</load_address>
         <run_address>0x372c</run_address>
         <size>0xae</size>
         <input_file_ref idref="fl-24"/>
      </object_component>
      <object_component id="oc-e5">
         <name>.debug_info</name>
         <load_address>0x37da</load_address>
         <run_address>0x37da</run_address>
         <size>0x23d</size>
         <input_file_ref idref="fl-25"/>
      </object_component>
      <object_component id="oc-13e">
         <name>.debug_info</name>
         <load_address>0x3a17</load_address>
         <run_address>0x3a17</run_address>
         <size>0x7f</size>
         <input_file_ref idref="fl-25"/>
      </object_component>
      <object_component id="oc-143">
         <name>.debug_info</name>
         <load_address>0x3a96</load_address>
         <run_address>0x3a96</run_address>
         <size>0x60</size>
         <input_file_ref idref="fl-25"/>
      </object_component>
      <object_component id="oc-a4">
         <name>.debug_info</name>
         <load_address>0x3af6</load_address>
         <run_address>0x3af6</run_address>
         <size>0x5bf</size>
         <input_file_ref idref="fl-26"/>
      </object_component>
      <object_component id="oc-9b">
         <name>.debug_info</name>
         <load_address>0x40b5</load_address>
         <run_address>0x40b5</run_address>
         <size>0x17d</size>
         <input_file_ref idref="fl-26"/>
      </object_component>
      <object_component id="oc-9e">
         <name>.debug_info</name>
         <load_address>0x4232</load_address>
         <run_address>0x4232</run_address>
         <size>0x10f</size>
         <input_file_ref idref="fl-26"/>
      </object_component>
      <object_component id="oc-5e">
         <name>.debug_info</name>
         <load_address>0x4341</load_address>
         <run_address>0x4341</run_address>
         <size>0x16f</size>
         <input_file_ref idref="fl-26"/>
      </object_component>
      <object_component id="oc-177">
         <name>.debug_info</name>
         <load_address>0x44b0</load_address>
         <run_address>0x44b0</run_address>
         <size>0x667</size>
         <input_file_ref idref="fl-27"/>
      </object_component>
      <object_component id="oc-173">
         <name>.debug_info</name>
         <load_address>0x4b17</load_address>
         <run_address>0x4b17</run_address>
         <size>0x1ec</size>
         <input_file_ref idref="fl-27"/>
      </object_component>
      <object_component id="oc-f7">
         <name>.debug_info</name>
         <load_address>0x4d03</load_address>
         <run_address>0x4d03</run_address>
         <size>0x18a</size>
         <input_file_ref idref="fl-27"/>
      </object_component>
      <object_component id="oc-28c">
         <name>.debug_info</name>
         <load_address>0x4e8d</load_address>
         <run_address>0x4e8d</run_address>
         <size>0x609</size>
         <input_file_ref idref="fl-28"/>
      </object_component>
      <object_component id="oc-213">
         <name>.debug_info</name>
         <load_address>0x5496</load_address>
         <run_address>0x5496</run_address>
         <size>0x171</size>
         <input_file_ref idref="fl-28"/>
      </object_component>
      <object_component id="oc-16f">
         <name>.debug_info</name>
         <load_address>0x5607</load_address>
         <run_address>0x5607</run_address>
         <size>0x67d</size>
         <input_file_ref idref="fl-29"/>
      </object_component>
      <object_component id="oc-16a">
         <name>.debug_info</name>
         <load_address>0x5c84</load_address>
         <run_address>0x5c84</run_address>
         <size>0x147</size>
         <input_file_ref idref="fl-29"/>
      </object_component>
      <object_component id="oc-164">
         <name>.debug_info</name>
         <load_address>0x5dcb</load_address>
         <run_address>0x5dcb</run_address>
         <size>0x156</size>
         <input_file_ref idref="fl-29"/>
      </object_component>
      <object_component id="oc-f2">
         <name>.debug_info</name>
         <load_address>0x5f21</load_address>
         <run_address>0x5f21</run_address>
         <size>0x1b3</size>
         <input_file_ref idref="fl-29"/>
      </object_component>
      <object_component id="oc-244">
         <name>.debug_info</name>
         <load_address>0x60d4</load_address>
         <run_address>0x60d4</run_address>
         <size>0x645</size>
         <input_file_ref idref="fl-2a"/>
      </object_component>
      <object_component id="oc-1b0">
         <name>.debug_info</name>
         <load_address>0x6719</load_address>
         <run_address>0x6719</run_address>
         <size>0x1fe</size>
         <input_file_ref idref="fl-2a"/>
      </object_component>
      <object_component id="oc-246">
         <name>.debug_info</name>
         <load_address>0x6917</load_address>
         <run_address>0x6917</run_address>
         <size>0x69d</size>
         <input_file_ref idref="fl-2b"/>
      </object_component>
      <object_component id="oc-1b7">
         <name>.debug_info</name>
         <load_address>0x6fb4</load_address>
         <run_address>0x6fb4</run_address>
         <size>0x30f</size>
         <input_file_ref idref="fl-2b"/>
      </object_component>
      <object_component id="oc-138">
         <name>.debug_info</name>
         <load_address>0x72c3</load_address>
         <run_address>0x72c3</run_address>
         <size>0x15f</size>
         <input_file_ref idref="fl-2c"/>
      </object_component>
      <object_component id="oc-22f">
         <name>.debug_info</name>
         <load_address>0x7422</load_address>
         <run_address>0x7422</run_address>
         <size>0x2c</size>
         <input_file_ref idref="fl-2c"/>
      </object_component>
      <object_component id="oc-19f">
         <name>.debug_info</name>
         <load_address>0x744e</load_address>
         <run_address>0x744e</run_address>
         <size>0x2c</size>
         <input_file_ref idref="fl-2c"/>
      </object_component>
      <object_component id="oc-19d">
         <name>.debug_info</name>
         <load_address>0x747a</load_address>
         <run_address>0x747a</run_address>
         <size>0x572</size>
         <input_file_ref idref="fl-2d"/>
      </object_component>
      <object_component id="oc-133">
         <name>.debug_info</name>
         <load_address>0x79ec</load_address>
         <run_address>0x79ec</run_address>
         <size>0x19c</size>
         <input_file_ref idref="fl-2d"/>
      </object_component>
      <object_component id="oc-2c6">
         <name>.debug_info</name>
         <load_address>0x7b88</load_address>
         <run_address>0x7b88</run_address>
         <size>0x183</size>
         <input_file_ref idref="fl-2d"/>
      </object_component>
      <object_component id="oc-198">
         <name>.debug_info</name>
         <load_address>0x7d0b</load_address>
         <run_address>0x7d0b</run_address>
         <size>0x39</size>
         <input_file_ref idref="fl-2d"/>
      </object_component>
      <object_component id="oc-35">
         <name>.debug_info</name>
         <load_address>0x7d44</load_address>
         <run_address>0x7d44</run_address>
         <size>0x119</size>
         <input_file_ref idref="fl-2e"/>
      </object_component>
      <object_component id="oc-75">
         <name>.debug_info</name>
         <load_address>0x7e5d</load_address>
         <run_address>0x7e5d</run_address>
         <size>0x625</size>
         <input_file_ref idref="fl-2f"/>
      </object_component>
      <object_component id="oc-31">
         <name>.debug_info</name>
         <load_address>0x8482</load_address>
         <run_address>0x8482</run_address>
         <size>0xf9</size>
         <input_file_ref idref="fl-2f"/>
      </object_component>
      <object_component id="oc-28e">
         <name>.debug_info</name>
         <load_address>0x857b</load_address>
         <run_address>0x857b</run_address>
         <size>0x11c</size>
         <input_file_ref idref="fl-2f"/>
      </object_component>
      <object_component id="oc-376">
         <name>.debug_info</name>
         <load_address>0x8697</load_address>
         <run_address>0x8697</run_address>
         <size>0x134</size>
         <input_file_ref idref="fl-2f"/>
      </object_component>
      <object_component id="oc-299">
         <name>.debug_info</name>
         <load_address>0x87cb</load_address>
         <run_address>0x87cb</run_address>
         <size>0x16a</size>
         <input_file_ref idref="fl-2f"/>
      </object_component>
      <object_component id="oc-293">
         <name>.debug_info</name>
         <load_address>0x8935</load_address>
         <run_address>0x8935</run_address>
         <size>0x169</size>
         <input_file_ref idref="fl-2f"/>
      </object_component>
      <object_component id="oc-31b">
         <name>.debug_info</name>
         <load_address>0x8a9e</load_address>
         <run_address>0x8a9e</run_address>
         <size>0x1e1</size>
         <input_file_ref idref="fl-2f"/>
      </object_component>
      <object_component id="oc-21a">
         <name>.debug_info</name>
         <load_address>0x8c7f</load_address>
         <run_address>0x8c7f</run_address>
         <size>0x2ab</size>
         <input_file_ref idref="fl-2f"/>
      </object_component>
      <object_component id="oc-be">
         <name>.debug_info</name>
         <load_address>0x8f2a</load_address>
         <run_address>0x8f2a</run_address>
         <size>0x2c</size>
         <input_file_ref idref="fl-2f"/>
      </object_component>
      <object_component id="oc-c3">
         <name>.debug_info</name>
         <load_address>0x8f56</load_address>
         <run_address>0x8f56</run_address>
         <size>0x62</size>
         <input_file_ref idref="fl-2f"/>
      </object_component>
      <object_component id="oc-8b">
         <name>.debug_info</name>
         <load_address>0x8fb8</load_address>
         <run_address>0x8fb8</run_address>
         <size>0x674</size>
         <input_file_ref idref="fl-30"/>
      </object_component>
      <object_component id="oc-4e">
         <name>.debug_info</name>
         <load_address>0x962c</load_address>
         <run_address>0x962c</run_address>
         <size>0x21c</size>
         <input_file_ref idref="fl-30"/>
      </object_component>
      <object_component id="oc-64">
         <name>.debug_info</name>
         <load_address>0x9848</load_address>
         <run_address>0x9848</run_address>
         <size>0x140</size>
         <input_file_ref idref="fl-31"/>
      </object_component>
      <object_component id="oc-161">
         <name>.debug_info</name>
         <load_address>0x9988</load_address>
         <run_address>0x9988</run_address>
         <size>0x6a5</size>
         <input_file_ref idref="fl-32"/>
      </object_component>
      <object_component id="oc-14f">
         <name>.debug_info</name>
         <load_address>0xa02d</load_address>
         <run_address>0xa02d</run_address>
         <size>0x144</size>
         <input_file_ref idref="fl-32"/>
      </object_component>
      <object_component id="oc-155">
         <name>.debug_info</name>
         <load_address>0xa171</load_address>
         <run_address>0xa171</run_address>
         <size>0x153</size>
         <input_file_ref idref="fl-32"/>
      </object_component>
      <object_component id="oc-ea">
         <name>.debug_info</name>
         <load_address>0xa2c4</load_address>
         <run_address>0xa2c4</run_address>
         <size>0x190</size>
         <input_file_ref idref="fl-32"/>
      </object_component>
      <object_component id="oc-2a9">
         <name>.debug_info</name>
         <load_address>0xa454</load_address>
         <run_address>0xa454</run_address>
         <size>0x697</size>
         <input_file_ref idref="fl-34"/>
      </object_component>
      <object_component id="oc-225">
         <name>.debug_info</name>
         <load_address>0xaaeb</load_address>
         <run_address>0xaaeb</run_address>
         <size>0x1a3</size>
         <input_file_ref idref="fl-34"/>
      </object_component>
      <object_component id="oc-305">
         <name>.debug_info</name>
         <load_address>0xac8e</load_address>
         <run_address>0xac8e</run_address>
         <size>0xea</size>
         <input_file_ref idref="fl-34"/>
      </object_component>
      <object_component id="oc-2f6">
         <name>.debug_info</name>
         <load_address>0xad78</load_address>
         <run_address>0xad78</run_address>
         <size>0x2c</size>
         <input_file_ref idref="fl-34"/>
      </object_component>
      <object_component id="oc-2b9">
         <name>.debug_info</name>
         <load_address>0xada4</load_address>
         <run_address>0xada4</run_address>
         <size>0x796</size>
         <input_file_ref idref="fl-35"/>
      </object_component>
      <object_component id="oc-2eb">
         <name>.debug_info</name>
         <load_address>0xb53a</load_address>
         <run_address>0xb53a</run_address>
         <size>0xf0</size>
         <input_file_ref idref="fl-35"/>
      </object_component>
      <object_component id="oc-29e">
         <name>.debug_info</name>
         <load_address>0xb62a</load_address>
         <run_address>0xb62a</run_address>
         <size>0xf0</size>
         <input_file_ref idref="fl-35"/>
      </object_component>
      <object_component id="oc-241">
         <name>.debug_info</name>
         <load_address>0xb71a</load_address>
         <run_address>0xb71a</run_address>
         <size>0x18b</size>
         <input_file_ref idref="fl-35"/>
      </object_component>
      <object_component id="oc-2f1">
         <name>.debug_info</name>
         <load_address>0xb8a5</load_address>
         <run_address>0xb8a5</run_address>
         <size>0x120</size>
         <input_file_ref idref="fl-35"/>
      </object_component>
      <object_component id="oc-2b7">
         <name>.debug_info</name>
         <load_address>0xb9c5</load_address>
         <run_address>0xb9c5</run_address>
         <size>0x5c1</size>
         <input_file_ref idref="fl-36"/>
      </object_component>
      <object_component id="oc-238">
         <name>.debug_info</name>
         <load_address>0xbf86</load_address>
         <run_address>0xbf86</run_address>
         <size>0x183</size>
         <input_file_ref idref="fl-36"/>
      </object_component>
      <object_component id="oc-320">
         <name>.debug_info</name>
         <load_address>0xc109</load_address>
         <run_address>0xc109</run_address>
         <size>0xbb</size>
         <input_file_ref idref="fl-36"/>
      </object_component>
      <object_component id="oc-1ac">
         <name>.debug_info</name>
         <load_address>0xc1c4</load_address>
         <run_address>0xc1c4</run_address>
         <size>0x54c</size>
         <input_file_ref idref="fl-37"/>
      </object_component>
      <object_component id="oc-149">
         <name>.debug_info</name>
         <load_address>0xc710</load_address>
         <run_address>0xc710</run_address>
         <size>0xec</size>
         <input_file_ref idref="fl-37"/>
      </object_component>
      <object_component id="oc-14c">
         <name>.debug_info</name>
         <load_address>0xc7fc</load_address>
         <run_address>0xc7fc</run_address>
         <size>0xf0</size>
         <input_file_ref idref="fl-37"/>
      </object_component>
      <object_component id="oc-1a7">
         <name>.debug_info</name>
         <load_address>0xc8ec</load_address>
         <run_address>0xc8ec</run_address>
         <size>0x11b</size>
         <input_file_ref idref="fl-37"/>
      </object_component>
      <object_component id="oc-1f6">
         <name>.debug_info</name>
         <load_address>0xca07</load_address>
         <run_address>0xca07</run_address>
         <size>0x75c</size>
         <input_file_ref idref="fl-38"/>
      </object_component>
      <object_component id="oc-1ca">
         <name>.debug_info</name>
         <load_address>0xd163</load_address>
         <run_address>0xd163</run_address>
         <size>0x233</size>
         <input_file_ref idref="fl-38"/>
      </object_component>
      <object_component id="oc-1c4">
         <name>.debug_info</name>
         <load_address>0xd396</load_address>
         <run_address>0xd396</run_address>
         <size>0x209</size>
         <input_file_ref idref="fl-38"/>
      </object_component>
      <object_component id="oc-267">
         <name>.debug_info</name>
         <load_address>0xd59f</load_address>
         <run_address>0xd59f</run_address>
         <size>0x1a0</size>
         <input_file_ref idref="fl-38"/>
      </object_component>
      <object_component id="oc-1d6">
         <name>.debug_info</name>
         <load_address>0xd73f</load_address>
         <run_address>0xd73f</run_address>
         <size>0x34e</size>
         <input_file_ref idref="fl-38"/>
      </object_component>
      <object_component id="oc-26e">
         <name>.debug_info</name>
         <load_address>0xda8d</load_address>
         <run_address>0xda8d</run_address>
         <size>0x222</size>
         <input_file_ref idref="fl-38"/>
      </object_component>
      <object_component id="oc-1dc">
         <name>.debug_info</name>
         <load_address>0xdcaf</load_address>
         <run_address>0xdcaf</run_address>
         <size>0x306</size>
         <input_file_ref idref="fl-38"/>
      </object_component>
      <object_component id="oc-1e2">
         <name>.debug_info</name>
         <load_address>0xdfb5</load_address>
         <run_address>0xdfb5</run_address>
         <size>0x36c</size>
         <input_file_ref idref="fl-38"/>
      </object_component>
      <object_component id="oc-1e8">
         <name>.debug_info</name>
         <load_address>0xe321</load_address>
         <run_address>0xe321</run_address>
         <size>0x4a2</size>
         <input_file_ref idref="fl-38"/>
      </object_component>
      <object_component id="oc-15c">
         <name>.debug_info</name>
         <load_address>0xe7c3</load_address>
         <run_address>0xe7c3</run_address>
         <size>0x5c0</size>
         <input_file_ref idref="fl-38"/>
      </object_component>
      <object_component id="oc-1fc">
         <name>.debug_info</name>
         <load_address>0xed83</load_address>
         <run_address>0xed83</run_address>
         <size>0x86</size>
         <input_file_ref idref="fl-38"/>
      </object_component>
      <object_component id="oc-201">
         <name>.debug_info</name>
         <load_address>0xee09</load_address>
         <run_address>0xee09</run_address>
         <size>0x2c</size>
         <input_file_ref idref="fl-38"/>
      </object_component>
      <object_component id="oc-286">
         <name>.debug_info</name>
         <load_address>0xee35</load_address>
         <run_address>0xee35</run_address>
         <size>0x46</size>
         <input_file_ref idref="fl-38"/>
      </object_component>
      <object_component id="oc-206">
         <name>.debug_info</name>
         <load_address>0xee7b</load_address>
         <run_address>0xee7b</run_address>
         <size>0x39</size>
         <input_file_ref idref="fl-38"/>
      </object_component>
      <object_component id="oc-99">
         <name>.debug_info</name>
         <load_address>0xeeb4</load_address>
         <run_address>0xeeb4</run_address>
         <size>0x5cc</size>
         <input_file_ref idref="fl-39"/>
      </object_component>
      <object_component id="oc-59">
         <name>.debug_info</name>
         <load_address>0xf480</load_address>
         <run_address>0xf480</run_address>
         <size>0x15f</size>
         <input_file_ref idref="fl-39"/>
      </object_component>
      <object_component id="oc-103">
         <name>.debug_info</name>
         <load_address>0xf5df</load_address>
         <run_address>0xf5df</run_address>
         <size>0x5e</size>
         <input_file_ref idref="fl-39"/>
      </object_component>
      <object_component id="oc-24b">
         <name>.debug_info</name>
         <load_address>0xf63d</load_address>
         <run_address>0xf63d</run_address>
         <size>0x57a</size>
         <input_file_ref idref="fl-3a"/>
      </object_component>
      <object_component id="oc-1be">
         <name>.debug_info</name>
         <load_address>0xfbb7</load_address>
         <run_address>0xfbb7</run_address>
         <size>0x169</size>
         <input_file_ref idref="fl-3a"/>
      </object_component>
      <object_component id="oc-b9">
         <name>.debug_info</name>
         <load_address>0xfd20</load_address>
         <run_address>0xfd20</run_address>
         <size>0x79e</size>
         <input_file_ref idref="fl-3b"/>
      </object_component>
      <object_component id="oc-6b">
         <name>.debug_info</name>
         <load_address>0x104be</load_address>
         <run_address>0x104be</run_address>
         <size>0x1bc</size>
         <input_file_ref idref="fl-3b"/>
      </object_component>
      <object_component id="oc-114">
         <name>.debug_info</name>
         <load_address>0x1067a</load_address>
         <run_address>0x1067a</run_address>
         <size>0x39</size>
         <input_file_ref idref="fl-3b"/>
      </object_component>
      <object_component id="oc-18b">
         <name>.debug_info</name>
         <load_address>0x106b3</load_address>
         <run_address>0x106b3</run_address>
         <size>0x39</size>
         <input_file_ref idref="fl-3b"/>
      </object_component>
      <object_component id="oc-119">
         <name>.debug_info</name>
         <load_address>0x106ec</load_address>
         <run_address>0x106ec</run_address>
         <size>0xcd</size>
         <input_file_ref idref="fl-3b"/>
      </object_component>
      <object_component id="oc-2a1">
         <name>.debug_info</name>
         <load_address>0x107b9</load_address>
         <run_address>0x107b9</run_address>
         <size>0x690</size>
         <input_file_ref idref="fl-3c"/>
      </object_component>
      <object_component id="oc-21f">
         <name>.debug_info</name>
         <load_address>0x10e49</load_address>
         <run_address>0x10e49</run_address>
         <size>0x182</size>
         <input_file_ref idref="fl-3c"/>
      </object_component>
      <object_component id="oc-10e">
         <name>.debug_info</name>
         <load_address>0x10fcb</load_address>
         <run_address>0x10fcb</run_address>
         <size>0x650</size>
         <input_file_ref idref="fl-3d"/>
      </object_component>
      <object_component id="oc-a8">
         <name>.debug_info</name>
         <load_address>0x1161b</load_address>
         <run_address>0x1161b</run_address>
         <size>0x194</size>
         <input_file_ref idref="fl-3d"/>
      </object_component>
      <object_component id="oc-17a">
         <name>.debug_info</name>
         <load_address>0x117af</load_address>
         <run_address>0x117af</run_address>
         <size>0x2c</size>
         <input_file_ref idref="fl-3d"/>
      </object_component>
      <object_component id="oc-2c0">
         <name>.debug_info</name>
         <load_address>0x117db</load_address>
         <run_address>0x117db</run_address>
         <size>0xe6</size>
         <input_file_ref idref="fl-3e"/>
      </object_component>
      <object_component id="oc-248">
         <name>.debug_info</name>
         <load_address>0x118c1</load_address>
         <run_address>0x118c1</run_address>
         <size>0xf2</size>
         <input_file_ref idref="fl-3e"/>
      </object_component>
      <object_component id="oc-24e">
         <name>.debug_info</name>
         <load_address>0x119b3</load_address>
         <run_address>0x119b3</run_address>
         <size>0x10c</size>
         <input_file_ref idref="fl-3f"/>
      </object_component>
      <object_component id="oc-2df">
         <name>.debug_info</name>
         <load_address>0x11abf</load_address>
         <run_address>0x11abf</run_address>
         <size>0x5de</size>
         <input_file_ref idref="fl-40"/>
      </object_component>
      <object_component id="oc-276">
         <name>.debug_info</name>
         <load_address>0x1209d</load_address>
         <run_address>0x1209d</run_address>
         <size>0x1de</size>
         <input_file_ref idref="fl-40"/>
      </object_component>
      <object_component id="oc-311">
         <name>.debug_info</name>
         <load_address>0x1227b</load_address>
         <run_address>0x1227b</run_address>
         <size>0x5e5</size>
         <input_file_ref idref="fl-41"/>
      </object_component>
      <object_component id="oc-2ab">
         <name>.debug_info</name>
         <load_address>0x12860</load_address>
         <run_address>0x12860</run_address>
         <size>0x1f9</size>
         <input_file_ref idref="fl-41"/>
      </object_component>
      <object_component id="oc-302">
         <name>.debug_info</name>
         <load_address>0x12a59</load_address>
         <run_address>0x12a59</run_address>
         <size>0x667</size>
         <input_file_ref idref="fl-42"/>
      </object_component>
      <object_component id="oc-2fd">
         <name>.debug_info</name>
         <load_address>0x130c0</load_address>
         <run_address>0x130c0</run_address>
         <size>0x1bc</size>
         <input_file_ref idref="fl-42"/>
      </object_component>
      <object_component id="oc-2a3">
         <name>.debug_info</name>
         <load_address>0x1327c</load_address>
         <run_address>0x1327c</run_address>
         <size>0x1fe</size>
         <input_file_ref idref="fl-42"/>
      </object_component>
      <object_component id="oc-391">
         <name>.debug_info</name>
         <load_address>0x1347a</load_address>
         <run_address>0x1347a</run_address>
         <size>0x634</size>
         <input_file_ref idref="fl-43"/>
      </object_component>
      <object_component id="oc-344">
         <name>.debug_info</name>
         <load_address>0x13aae</load_address>
         <run_address>0x13aae</run_address>
         <size>0x1a9</size>
         <input_file_ref idref="fl-43"/>
      </object_component>
      <object_component id="oc-397">
         <name>.debug_info</name>
         <load_address>0x13c57</load_address>
         <run_address>0x13c57</run_address>
         <size>0x639</size>
         <input_file_ref idref="fl-44"/>
      </object_component>
      <object_component id="oc-355">
         <name>.debug_info</name>
         <load_address>0x14290</load_address>
         <run_address>0x14290</run_address>
         <size>0x1e8</size>
         <input_file_ref idref="fl-44"/>
      </object_component>
      <object_component id="oc-381">
         <name>.debug_info</name>
         <load_address>0x14478</load_address>
         <run_address>0x14478</run_address>
         <size>0x642</size>
         <input_file_ref idref="fl-45"/>
      </object_component>
      <object_component id="oc-33d">
         <name>.debug_info</name>
         <load_address>0x14aba</load_address>
         <run_address>0x14aba</run_address>
         <size>0x202</size>
         <input_file_ref idref="fl-45"/>
      </object_component>
      <object_component id="oc-393">
         <name>.debug_info</name>
         <load_address>0x14cbc</load_address>
         <run_address>0x14cbc</run_address>
         <size>0x638</size>
         <input_file_ref idref="fl-46"/>
      </object_component>
      <object_component id="oc-34b">
         <name>.debug_info</name>
         <load_address>0x152f4</load_address>
         <run_address>0x152f4</run_address>
         <size>0x1e8</size>
         <input_file_ref idref="fl-46"/>
      </object_component>
      <object_component id="oc-39b">
         <name>.debug_info</name>
         <load_address>0x154dc</load_address>
         <run_address>0x154dc</run_address>
         <size>0x648</size>
         <input_file_ref idref="fl-47"/>
      </object_component>
      <object_component id="oc-361">
         <name>.debug_info</name>
         <load_address>0x15b24</load_address>
         <run_address>0x15b24</run_address>
         <size>0x265</size>
         <input_file_ref idref="fl-47"/>
      </object_component>
      <object_component id="oc-399">
         <name>.debug_info</name>
         <load_address>0x15d89</load_address>
         <run_address>0x15d89</run_address>
         <size>0x635</size>
         <input_file_ref idref="fl-48"/>
      </object_component>
      <object_component id="oc-35c">
         <name>.debug_info</name>
         <load_address>0x163be</load_address>
         <run_address>0x163be</run_address>
         <size>0x1bc</size>
         <input_file_ref idref="fl-48"/>
      </object_component>
      <object_component id="oc-395">
         <name>.debug_info</name>
         <load_address>0x1657a</load_address>
         <run_address>0x1657a</run_address>
         <size>0x634</size>
         <input_file_ref idref="fl-49"/>
      </object_component>
      <object_component id="oc-34f">
         <name>.debug_info</name>
         <load_address>0x16bae</load_address>
         <run_address>0x16bae</run_address>
         <size>0x1de</size>
         <input_file_ref idref="fl-49"/>
      </object_component>
      <object_component id="oc-2d3">
         <name>.debug_info</name>
         <load_address>0x16d8c</load_address>
         <run_address>0x16d8c</run_address>
         <size>0x590</size>
[...]
            <run_size>0x4</run_size>
            <compression>rle</compression>
         </cprec>
      </cptbl>
   </cptbl_list>
   <handler_table>
      <handler_table_name>__TI_handler_table</handler_table_name>
      <handler>
         <index>0x0</index>
         <name>__TI_decompress_rle24</name>
      </handler>
      <handler>
         <index>0x1</index>
         <name>__TI_decompress_none</name>
      </handler>
   </handler_table>
   <symbol_table>
      <symbol id="sm-1">
         <name>ti_sysbios_family_c64p_Cache_l1dSize</name>
         <value>0x8000</value>
      </symbol>
      <symbol id="sm-2">
         <name>ti_sysbios_family_c64p_Cache_l1pSize</name>
         <value>0x8000</value>
      </symbol>
      <symbol id="sm-3">
         <name>ti_sysbios_family_c64p_Cache_l2Size</name>
         <value>0x0</value>
      </symbol>
      <symbol id="sm-4">
         <name>__TI_CINIT_Base</name>
         <value>0x801988</value>
      </symbol>
      <symbol id="sm-5">
         <name>__TI_CINIT_Limit</name>
         <value>0x8019b0</value>
      </symbol>
      <symbol id="sm-6">
         <name>__TI_Handler_Table_Base</name>
         <value>0x80197c</value>
      </symbol>
      <symbol id="sm-7">
         <name>__TI_Handler_Table_Limit</name>
         <value>0x801984</value>
      </symbol>
      <symbol id="sm-8">
         <name>binit</name>
         <value>0xffffffff</value>
      </symbol>
      <symbol id="sm-9">
         <name>__binit__</name>
         <value>0xffffffff</value>
      </symbol>
      <symbol id="sm-a">
         <name>__TI_STACK_SIZE</name>
         <value>0x800</value>
      </symbol>
      <symbol id="sm-b">
         <name>__TI_STACK_END</name>
         <value>0x800800</value>
      </symbol>
      <symbol id="sm-c">
         <name>__TI_SYSMEM_SIZE</name>
         <value>0x800</value>
      </symbol>
      <symbol id="sm-d">
         <name>__c_args__</name>
         <value>0xffffffff</value>
      </symbol>
      <symbol id="sm-e">
         <name>__TI_pprof_out_hndl</name>
         <value>0xffffffff</value>
      </symbol>
      <symbol id="sm-f">
         <name>__TI_prof_data_start</name>
         <value>0xffffffff</value>
      </symbol>
      <symbol id="sm-10">
         <name>__TI_prof_data_size</name>
         <value>0xffffffff</value>
      </symbol>
      <symbol id="sm-af">
         <name>customer</name>
         <value>0x8016c8</value>
      </symbol>
      <symbol id="sm-b0">
         <name>health</name>
         <value>0x801898</value>
      </symbol>
      <symbol id="sm-b1">
         <name>buy_healthiest</name>
         <value>0x7e2344</value>
         <object_component_ref idref="oc-92"/>
      </symbol>
      <symbol id="sm-b2">
         <name>most_healthiest</name>
         <value>0x801890</value>
         <object_component_ref idref="oc-dc"/>
      </symbol>
      <symbol id="sm-b3">
         <name>write_price_list</name>
         <value>0x7e2254</value>
         <object_component_ref idref="oc-92"/>
      </symbol>
      <symbol id="sm-b4">
         <name>fruit_cheaper_than</name>
         <value>0x7e2114</value>
         <object_component_ref idref="oc-92"/>
      </symbol>
      <symbol id="sm-b5">
         <name>calculate_cheapest_fruit</name>
         <value>0x7e208c</value>
         <object_component_ref idref="oc-92"/>
      </symbol>
      <symbol id="sm-b6">
         <name>customer_cash_injection</name>
         <value>0x7e1d38</value>
         <object_component_ref idref="oc-92"/>
      </symbol>
      <symbol id="sm-b7">
         <name>initialise_customer</name>
         <value>0x7e1ce0</value>
         <object_component_ref idref="oc-92"/>
      </symbol>
      <symbol id="sm-b8">
         <name>get_favourite_fruit_price</name>
         <value>0x7e2184</value>
         <object_component_ref idref="oc-92"/>
      </symbol>
      <symbol id="sm-b9">
         <name>char_to_fruit</name>
         <value>0x7e1ecc</value>
         <object_component_ref idref="oc-92"/>
      </symbol>
      <symbol id="sm-ba">
         <name>us_dollar_er</name>
         <value>0x801888</value>
         <object_component_ref idref="oc-d1"/>
      </symbol>
      <symbol id="sm-bb">
         <name>get_cheapest_fruit</name>
         <value>0x7e2160</value>
         <object_component_ref idref="oc-92"/>
      </symbol>
      <symbol id="sm-bc">
         <name>main</name>
         <value>0x7e23e0</value>
         <object_component_ref idref="oc-92"/>
      </symbol>
      <symbol id="sm-bd">
         <name>least_healthiest</name>
         <value>0x801894</value>
         <object_component_ref idref="oc-dc"/>
      </symbol>
      <symbol id="sm-be">
         <name>buy_fruit</name>
         <value>0x7e1e40</value>
         <object_component_ref idref="oc-92"/>
      </symbol>
      <symbol id="sm-bf">
         <name>buy_fruit_ex</name>
         <value>0x7e1fb0</value>
         <object_component_ref idref="oc-92"/>
      </symbol>
      <symbol id="sm-c0">
         <name>fruit_prices</name>
         <value>0x8012f8</value>
         <object_component_ref idref="oc-d4"/>
      </symbol>
      <symbol id="sm-c1">
         <name>change_fruit_price</name>
         <value>0x7e1fec</value>
         <object_component_ref idref="oc-92"/>
      </symbol>
      <symbol id="sm-c2">
         <name>get_number_of_pence</name>
         <value>0x7e1d94</value>
         <object_component_ref idref="oc-92"/>
      </symbol>
      <symbol id="sm-c3">
         <name>fruit_names</name>
         <value>0x801320</value>
         <object_component_ref idref="oc-d9"/>
      </symbol>
      <symbol id="sm-c4">
         <name>convert_pence</name>
         <value>0x7e1de8</value>
         <object_component_ref idref="oc-92"/>
      </symbol>
      <symbol id="sm-c5">
         <name>how_many_favourite_fruit</name>
         <value>0x7e21ac</value>
         <object_component_ref idref="oc-92"/>
      </symbol>
      <symbol id="sm-db">
         <name>_c_int00</name>
         <value>0x7e7360</value>
         <object_component_ref idref="oc-24"/>
      </symbol>
      <symbol id="sm-dc">
         <name>_stack</name>
         <value>0x800000</value>
         <object_component_ref idref="oc-2d"/>
      </symbol>
      <symbol id="sm-f3">
         <name>__TI_decompress_none</name>
         <value>0x7e79c0</value>
         <object_component_ref idref="oc-12"/>
      </symbol>
      <symbol id="sm-11e">
         <name>__TI_decompress_rle24</name>
         <value>0x7e79e0</value>
         <object_component_ref idref="oc-18"/>
      </symbol>
      <symbol id="sm-134">
         <name>__TI_tmpnams</name>
         <value>0x801588</value>
      </symbol>
      <symbol id="sm-135">
         <name>_ftable</name>
         <value>0x801000</value>
         <object_component_ref idref="oc-e0"/>
      </symbol>
      <symbol id="sm-136">
         <name>__TI_ft_end</name>
         <value>0x801350</value>
         <object_component_ref idref="oc-36f"/>
      </symbol>
      <symbol id="sm-155">
         <name>__c6xabi_divd</name>
         <value>0x7e2c00</value>
         <object_component_ref idref="oc-e3"/>
      </symbol>
      <symbol id="sm-176">
         <name>C$$EXIT</name>
         <value>0x7e79a0</value>
         <object_component_ref idref="oc-9d"/>
      </symbol>
      <symbol id="sm-177">
         <name>abort</name>
         <value>0x7e79a0</value>
         <object_component_ref idref="oc-9d"/>
      </symbol>
      <symbol id="sm-178">
         <name>exit</name>
         <value>0x7e6680</value>
         <object_component_ref idref="oc-5d"/>
      </symbol>
      <symbol id="sm-179">
         <name>__TI_dtors_ptr</name>
         <value>0x801338</value>
         <object_component_ref idref="oc-9a"/>
      </symbol>
      <symbol id="sm-17a">
         <name>__TI_cleanup_ptr</name>
         <value>0x801334</value>
         <object_component_ref idref="oc-9a"/>
      </symbol>
      <symbol id="sm-17b">
         <name>__TI_enable_exit_profile_output</name>
         <value>0x80133c</value>
         <object_component_ref idref="oc-9a"/>
      </symbol>
      <symbol id="sm-19d">
         <name>__TI_closefile</name>
         <value>0x7e5a60</value>
         <object_component_ref idref="oc-170"/>
      </symbol>
      <symbol id="sm-19e">
         <name>fclose</name>
         <value>0x7e73e0</value>
         <object_component_ref idref="oc-f5"/>
      </symbol>
      <symbol id="sm-1ad">
         <name>__TI_doflush</name>
         <value>0x7e6b80</value>
         <object_component_ref idref="oc-211"/>
      </symbol>
      <symbol id="sm-1d0">
         <name>fprintf</name>
         <value>0x7e6200</value>
         <object_component_ref idref="oc-ef"/>
      </symbol>
      <symbol id="sm-1ee">
         <name>putc</name>
         <value>0x7e4aa0</value>
         <object_component_ref idref="oc-1af"/>
      </symbol>
      <symbol id="sm-1ef">
         <name>fputc</name>
         <value>0x7e4aa0</value>
         <object_component_ref idref="oc-1af"/>
      </symbol>
      <symbol id="sm-21b">
         <name>fputs</name>
         <value>0x7e3f20</value>
         <object_component_ref idref="oc-1b6"/>
      </symbol>
      <symbol id="sm-22e">
         <name>__TI_frcmpyd_div</name>
         <value>0x7e77a0</value>
         <object_component_ref idref="oc-137"/>
      </symbol>
      <symbol id="sm-249">
         <name>__c6xabi_llshru</name>
         <value>0x7e75c0</value>
         <object_component_ref idref="oc-131"/>
      </symbol>
      <symbol id="sm-24a">
         <name>__c6xabi_llshl</name>
         <value>0x7e72e0</value>
         <object_component_ref idref="oc-2c4"/>
      </symbol>
      <symbol id="sm-253">
         <name>memcpy</name>
         <value>0x7e7120</value>
         <object_component_ref idref="oc-33"/>
      </symbol>
      <symbol id="sm-2cd">
         <name>_sys_memory</name>
         <value>0x800800</value>
         <object_component_ref idref="oc-30"/>
      </symbol>
      <symbol id="sm-2ce">
         <name>free</name>
         <value>0x7e36c0</value>
         <object_component_ref idref="oc-217"/>
      </symbol>
      <symbol id="sm-2cf">
         <name>malloc</name>
         <value>0x7e5780</value>
         <object_component_ref idref="oc-318"/>
      </symbol>
      <symbol id="sm-2d0">
         <name>_minit</name>
         <value>0x7e7080</value>
         <object_component_ref idref="oc-373"/>
      </symbol>
      <symbol id="sm-2e0">
         <name>memset</name>
         <value>0x7e6840</value>
         <object_component_ref idref="oc-4b"/>
      </symbol>
      <symbol id="sm-2e9">
         <name>_system_pre_init</name>
         <value>0x7e7980</value>
         <object_component_ref idref="oc-63"/>
      </symbol>
      <symbol id="sm-30c">
         <name>printf</name>
         <value>0x7e6920</value>
         <object_component_ref idref="oc-e9"/>
      </symbol>
      <symbol id="sm-327">
         <name>unlink</name>
         <value>0x7e74e0</value>
         <object_component_ref idref="oc-223"/>
      </symbol>
      <symbol id="sm-345">
         <name>_stream</name>
         <value>0x8011e0</value>
         <object_component_ref idref="oc-29d"/>
      </symbol>
      <symbol id="sm-346">
         <name>_device</name>
         <value>0x801280</value>
         <object_component_ref idref="oc-2ea"/>
      </symbol>
      <symbol id="sm-347">
         <name>write</name>
         <value>0x7e7740</value>
         <object_component_ref idref="oc-23d"/>
      </symbol>
      <symbol id="sm-35d">
         <name>__TI_wrt_ok</name>
         <value>0x7e5f00</value>
         <object_component_ref idref="oc-237"/>
      </symbol>
      <symbol id="sm-373">
         <name>_nop</name>
         <value>0x7e78c0</value>
         <object_component_ref idref="oc-1a4"/>
      </symbol>
      <symbol id="sm-374">
         <name>_lock</name>
         <value>0x801348</value>
         <object_component_ref idref="oc-148"/>
      </symbol>
      <symbol id="sm-375">
         <name>_unlock</name>
         <value>0x80134c</value>
         <object_component_ref idref="oc-14b"/>
      </symbol>
      <symbol id="sm-546">
         <name>__TI_printfi</name>
         <value>0x7e0000</value>
         <object_component_ref idref="oc-15a"/>
      </symbol>
      <symbol id="sm-558">
         <name>_args_main</name>
         <value>0x7e7860</value>
         <object_component_ref idref="oc-57"/>
      </symbol>
      <symbol id="sm-56c">
         <name>atoi</name>
         <value>0x7e6000</value>
         <object_component_ref idref="oc-1bd"/>
      </symbol>
      <symbol id="sm-592">
         <name>_auto_init_elf</name>
         <value>0x7e5900</value>
         <object_component_ref idref="oc-69"/>
      </symbol>
      <symbol id="sm-5a4">
         <name>close</name>
         <value>0x7e65a0</value>
         <object_component_ref idref="oc-21d"/>
      </symbol>
      <symbol id="sm-5bb">
         <name>copy_in</name>
         <value>0x7e6100</value>
         <object_component_ref idref="oc-a6"/>
      </symbol>
      <symbol id="sm-5c5">
         <name>_ctypes_</name>
         <value>0x801460</value>
         <object_component_ref idref="oc-247"/>
      </symbol>
      <symbol id="sm-5ce">
         <name>__c6xabi_divu</name>
         <value>0x7e6c40</value>
         <object_component_ref idref="oc-24d"/>
      </symbol>
      <symbol id="sm-5cf">
         <name>__divu</name>
         <value>0x7e6c40</value>
         <object_component_ref idref="oc-24d"/>
      </symbol>
      <symbol id="sm-5e3">
         <name>frexpl</name>
         <value>0x7e52a0</value>
         <object_component_ref idref="oc-275"/>
      </symbol>
      <symbol id="sm-5e4">
         <name>frexp</name>
         <value>0x7e52a0</value>
         <object_component_ref idref="oc-275"/>
      </symbol>
      <symbol id="sm-5f9">
         <name>fseek</name>
         <value>0x7e5ce0</value>
         <object_component_ref idref="oc-2aa"/>
      </symbol>
      <symbol id="sm-621">
         <name>finddevice</name>
         <value>0x7e7460</value>
         <object_component_ref idref="oc-2fb"/>
      </symbol>
      <symbol id="sm-622">
         <name>getdevice</name>
         <value>0x7e5ba0</value>
         <object_component_ref idref="oc-2a2"/>
      </symbol>
      <symbol id="sm-632">
         <name>HOSTclose</name>
         <value>0x7e6f40</value>
         <object_component_ref idref="oc-342"/>
      </symbol>
      <symbol id="sm-642">
         <name>HOSTlseek</name>
         <value>0x7e6300</value>
         <object_component_ref idref="oc-354"/>
      </symbol>
      <symbol id="sm-656">
         <name>parmbuf</name>
         <value>0x8016d8</value>
      </symbol>
      <symbol id="sm-657">
         <name>HOSTopen</name>
         <value>0x7e63e0</value>
         <object_component_ref idref="oc-33c"/>
      </symbol>
      <symbol id="sm-667">
         <name>HOSTread</name>
         <value>0x7e6a00</value>
         <object_component_ref idref="oc-348"/>
      </symbol>
      <symbol id="sm-685">
         <name>HOSTrename</name>
         <value>0x7e5460</value>
         <object_component_ref idref="oc-360"/>
      </symbol>
      <symbol id="sm-698">
         <name>HOSTunlink</name>
         <value>0x7e6ac0</value>
         <object_component_ref idref="oc-35a"/>
      </symbol>
      <symbol id="sm-6a8">
         <name>HOSTwrite</name>
         <value>0x7e64c0</value>
         <object_component_ref idref="oc-34e"/>
      </symbol>
      <symbol id="sm-6b9">
         <name>__c6xabi_divul</name>
         <value>0x7e50e0</value>
         <object_component_ref idref="oc-258"/>
      </symbol>
      <symbol id="sm-6d5">
         <name>_subcull</name>
         <value>0x7e7620</value>
         <object_component_ref idref="oc-2ca"/>
      </symbol>
      <symbol id="sm-6d6">
         <name>__c6xabi_divull</name>
         <value>0x7e4840</value>
         <object_component_ref idref="oc-252"/>
      </symbol>
      <symbol id="sm-6df">
         <name>__c6xabi_isinf</name>
         <value>0x7e77e0</value>
         <object_component_ref idref="oc-1cf"/>
      </symbol>
      <symbol id="sm-6f3">
         <name>ldexpl</name>
         <value>0x7e5600</value>
         <object_component_ref idref="oc-27b"/>
      </symbol>
      <symbol id="sm-6f4">
         <name>ldexp</name>
         <value>0x7e5600</value>
         <object_component_ref idref="oc-27b"/>
      </symbol>
      <symbol id="sm-704">
         <name>lseek</name>
         <value>0x7e7680</value>
         <object_component_ref idref="oc-30a"/>
      </symbol>
      <symbol id="sm-714">
         <name>ltoa</name>
         <value>0x7e6760</value>
         <object_component_ref idref="oc-260"/>
      </symbol>
      <symbol id="sm-725">
         <name>memccpy</name>
         <value>0x7e76e0</value>
         <object_component_ref idref="oc-1ed"/>
      </symbol>
      <symbol id="sm-73f">
         <name>setvbuf</name>
         <value>0x7e4cc0</value>
         <object_component_ref idref="oc-2b0"/>
      </symbol>
      <symbol id="sm-748">
         <name>_system_post_cinit</name>
         <value>0x7e7960</value>
         <object_component_ref idref="oc-ac"/>
      </symbol>
      <symbol id="sm-761">
         <name>__TI_tls_init</name>
         <value>0x7e6e80</value>
         <object_component_ref idref="oc-b2"/>
      </symbol>
      <symbol id="sm-788">
         <name>__TI_readmsg</name>
         <value>0x7e7260</value>
         <object_component_ref idref="oc-389"/>
      </symbol>
      <symbol id="sm-789">
         <name>C$$IO$$</name>
         <value>0x7e75b8</value>
         <object_component_ref idref="oc-383"/>
      </symbol>
      <symbol id="sm-78a">
         <name>__CIOBUF_</name>
         <value>0x8016e0</value>
         <object_component_ref idref="oc-3a3"/>
      </symbol>
      <symbol id="sm-78b">
         <name>__TI_writemsg</name>
         <value>0x7e7560</value>
         <object_component_ref idref="oc-383"/>
      </symbol>
      <symbol id="sm-79c">
         <name>__errno</name>
         <value>0x801354</value>
         <object_component_ref idref="oc-333"/>
      </symbol>
      <symbol id="sm-79d">
         <name>errno</name>
         <value>0x801354</value>
         <object_component_ref idref="oc-333"/>
      </symbol>
      <symbol id="sm-79e">
         <name>__c6xabi_errno_addr</name>
         <value>0x7e78a0</value>
         <object_component_ref idref="oc-2d8"/>
      </symbol>
      <symbol id="sm-7ac">
         <name>__TI_cleanup</name>
         <value>0x7e6fe0</value>
         <object_component_ref idref="oc-312"/>
      </symbol>
      <symbol id="sm-7ae">
         <name>__TI_STATIC_BASE</name>
         <value>0x801888</value>
      </symbol>
      <symbol id="sm-7b0">
         <name>__TI_INITARRAY_Limit</name>
         <value>0x0</value>
      </symbol>
      <symbol id="sm-7b1">
         <name>__TI_INITARRAY_Base</name>
         <value>0x0</value>
      </symbol>
      <symbol id="sm-7b2">
         <name>__TI_TLS_INIT_Base</name>
         <value>0x0</value>
      </symbol>
      <symbol id="sm-7b3">
         <name>__TI_TLS_INIT_Limit</name>
         <value>0x0</value>
      </symbol>
      <symbol id="sm-7b4">
         <name>remove</name>
         <value>0x7e74e0</value>
      </symbol>
   </symbol_table>
   <title>Link successful</title>
</link_info>
