<?xml version="1.0"?>
<link_info>
   <banner>TMS320C6x Linker PC v8.2.4</banner>
   <copyright>Copyright (c) 1996-2017 Texas Instruments Incorporated</copyright>
   <link_time>0x5d844260</link_time>
   <link_errors>0x0</link_errors>
   <output_file>chen.out</output_file>
   <entry_point>
      <name>_c_int00</name>
      <address>0x7e8b20</address>
   </entry_point>
   <input_file_list>
      <input_file id="fl-2">
         <path>.\</path>
         <kind>object</kind>
         <file>s_3.obj</file>
         <name>s_3.obj</name>
      </input_file>
      <input_file id="fl-6">
         <kind>object</kind>
         <file>&lt;internal&gt;</file>
         <name>&lt;internal&gt;</name>
      </input_file>
      <input_file id="fl-20">
         <path>C:\ti\ccsv8\tools\compiler\ti-cgt-c6000_8.2.4\lib\</path>
         <kind>archive</kind>
         <file>rts6740_elf.lib</file>
         <name>boot.obj</name>
      </input_file>
      <input_file id="fl-21">
         <path>C:\ti\ccsv8\tools\compiler\ti-cgt-c6000_8.2.4\lib\</path>
         <kind>archive</kind>
         <file>rts6740_elf.lib</file>
         <name>copy_decompress_none.obj</name>
      </input_file>
      <input_file id="fl-22">
         <path>C:\ti\ccsv8\tools\compiler\ti-cgt-c6000_8.2.4\lib\</path>
         <kind>archive</kind>
         <file>rts6740_elf.lib</file>
         <name>copy_decompress_rle.obj</name>
      </input_file>
      <input_file id="fl-23">
         <path>C:\ti\ccsv8\tools\compiler\ti-cgt-c6000_8.2.4\lib\</path>
         <kind>archive</kind>
         <file>rts6740_elf.lib</file>
         <name>copy_zero_init.obj</name>
      </input_file>
      <input_file id="fl-24">
         <path>C:\ti\ccsv8\tools\compiler\ti-cgt-c6000_8.2.4\lib\</path>
         <kind>archive</kind>
         <file>rts6740_elf.lib</file>
         <name>exit.obj</name>
      </input_file>
      <input_file id="fl-25">
         <path>C:\ti\ccsv8\tools\compiler\ti-cgt-c6000_8.2.4\lib\</path>
         <kind>archive</kind>
         <file>rts6740_elf.lib</file>
         <name>fclose.obj</name>
      </input_file>
      <input_file id="fl-26">
         <path>C:\ti\ccsv8\tools\compiler\ti-cgt-c6000_8.2.4\lib\</path>
         <kind>archive</kind>
         <file>rts6740_elf.lib</file>
         <name>fflush.obj</name>
      </input_file>
      <input_file id="fl-27">
         <path>C:\ti\ccsv8\tools\compiler\ti-cgt-c6000_8.2.4\lib\</path>
         <kind>archive</kind>
         <file>rts6740_elf.lib</file>
         <name>fgetc.obj</name>
      </input_file>
      <input_file id="fl-28">
         <path>C:\ti\ccsv8\tools\compiler\ti-cgt-c6000_8.2.4\lib\</path>
         <kind>archive</kind>
         <file>rts6740_elf.lib</file>
         <name>fopen.obj</name>
      </input_file>
      <input_file id="fl-29">
         <path>C:\ti\ccsv8\tools\compiler\ti-cgt-c6000_8.2.4\lib\</path>
         <kind>archive</kind>
         <file>rts6740_elf.lib</file>
         <name>fprintf.obj</name>
      </input_file>
      <input_file id="fl-2a">
         <path>C:\ti\ccsv8\tools\compiler\ti-cgt-c6000_8.2.4\lib\</path>
         <kind>archive</kind>
         <file>rts6740_elf.lib</file>
         <name>fputc.obj</name>
      </input_file>
      <input_file id="fl-2b">
         <path>C:\ti\ccsv8\tools\compiler\ti-cgt-c6000_8.2.4\lib\</path>
         <kind>archive</kind>
         <file>rts6740_elf.lib</file>
         <name>fputs.obj</name>
      </input_file>
      <input_file id="fl-2c">
         <path>C:\ti\ccsv8\tools\compiler\ti-cgt-c6000_8.2.4\lib\</path>
         <kind>archive</kind>
         <file>rts6740_elf.lib</file>
         <name>isprint.obj</name>
      </input_file>
      <input_file id="fl-2d">
         <path>C:\ti\ccsv8\tools\compiler\ti-cgt-c6000_8.2.4\lib\</path>
         <kind>archive</kind>
         <file>rts6740_elf.lib</file>
         <name>isspace.obj</name>
      </input_file>
      <input_file id="fl-2e">
         <path>C:\ti\ccsv8\tools\compiler\ti-cgt-c6000_8.2.4\lib\</path>
         <kind>archive</kind>
         <file>rts6740_elf.lib</file>
         <name>memcpy64.obj</name>
      </input_file>
      <input_file id="fl-2f">
         <path>C:\ti\ccsv8\tools\compiler\ti-cgt-c6000_8.2.4\lib\</path>
         <kind>archive</kind>
         <file>rts6740_elf.lib</file>
         <name>memory.obj</name>
      </input_file>
      <input_file id="fl-30">
         <path>C:\ti\ccsv8\tools\compiler\ti-cgt-c6000_8.2.4\lib\</path>
         <kind>archive</kind>
         <file>rts6740_elf.lib</file>
         <name>memset.obj</name>
      </input_file>
      <input_file id="fl-31">
         <path>C:\ti\ccsv8\tools\compiler\ti-cgt-c6000_8.2.4\lib\</path>
         <kind>archive</kind>
         <file>rts6740_elf.lib</file>
         <name>open.obj</name>
      </input_file>
      <input_file id="fl-32">
         <path>C:\ti\ccsv8\tools\compiler\ti-cgt-c6000_8.2.4\lib\</path>
         <kind>archive</kind>
         <file>rts6740_elf.lib</file>
         <name>pre_init.obj</name>
      </input_file>
      <input_file id="fl-33">
         <path>C:\ti\ccsv8\tools\compiler\ti-cgt-c6000_8.2.4\lib\</path>
         <kind>archive</kind>
         <file>rts6740_elf.lib</file>
         <name>read.obj</name>
      </input_file>
      <input_file id="fl-34">
         <path>C:\ti\ccsv8\tools\compiler\ti-cgt-c6000_8.2.4\lib\</path>
         <kind>archive</kind>
         <file>rts6740_elf.lib</file>
         <name>remove.obj</name>
      </input_file>
      <input_file id="fl-35">
         <path>C:\ti\ccsv8\tools\compiler\ti-cgt-c6000_8.2.4\lib\</path>
         <kind>archive</kind>
         <file>rts6740_elf.lib</file>
         <name>sprintf.obj</name>
      </input_file>
      <input_file id="fl-36">
         <path>C:\ti\ccsv8\tools\compiler\ti-cgt-c6000_8.2.4\lib\</path>
         <kind>archive</kind>
         <file>rts6740_elf.lib</file>
         <name>unlink.obj</name>
      </input_file>
      <input_file id="fl-37">
         <path>C:\ti\ccsv8\tools\compiler\ti-cgt-c6000_8.2.4\lib\</path>
         <kind>archive</kind>
         <file>rts6740_elf.lib</file>
         <name>vsprintf.obj</name>
      </input_file>
      <input_file id="fl-38">
         <path>C:\ti\ccsv8\tools\compiler\ti-cgt-c6000_8.2.4\lib\</path>
         <kind>archive</kind>
         <file>rts6740_elf.lib</file>
         <name>write.obj</name>
      </input_file>
      <input_file id="fl-39">
         <path>C:\ti\ccsv8\tools\compiler\ti-cgt-c6000_8.2.4\lib\</path>
         <kind>archive</kind>
         <file>rts6740_elf.lib</file>
         <name>_bufread.obj</name>
      </input_file>
      <input_file id="fl-3a">
         <path>C:\ti\ccsv8\tools\compiler\ti-cgt-c6000_8.2.4\lib\</path>
         <kind>archive</kind>
         <file>rts6740_elf.lib</file>
         <name>_io_perm.obj</name>
      </input_file>
      <input_file id="fl-3b">
         <path>C:\ti\ccsv8\tools\compiler\ti-cgt-c6000_8.2.4\lib\</path>
         <kind>archive</kind>
         <file>rts6740_elf.lib</file>
         <name>_lock.obj</name>
      </input_file>
      <input_file id="fl-3c">
         <path>C:\ti\ccsv8\tools\compiler\ti-cgt-c6000_8.2.4\lib\</path>
         <kind>archive</kind>
         <file>rts6740_elf.lib</file>
         <name>_printfi.obj</name>
      </input_file>
      <input_file id="fl-3d">
         <path>C:\ti\ccsv8\tools\compiler\ti-cgt-c6000_8.2.4\lib\</path>
         <kind>archive</kind>
         <file>rts6740_elf.lib</file>
         <name>args_main.obj</name>
      </input_file>
      <input_file id="fl-3e">
         <path>C:\ti\ccsv8\tools\compiler\ti-cgt-c6000_8.2.4\lib\</path>
         <kind>archive</kind>
         <file>rts6740_elf.lib</file>
         <name>atoi.obj</name>
      </input_file>
      <input_file id="fl-3f">
         <path>C:\ti\ccsv8\tools\compiler\ti-cgt-c6000_8.2.4\lib\</path>
         <kind>archive</kind>
         <file>rts6740_elf.lib</file>
         <name>autoinit.obj</name>
      </input_file>
      <input_file id="fl-40">
         <path>C:\ti\ccsv8\tools\compiler\ti-cgt-c6000_8.2.4\lib\</path>
         <kind>archive</kind>
         <file>rts6740_elf.lib</file>
         <name>close.obj</name>
      </input_file>
      <input_file id="fl-41">
         <path>C:\ti\ccsv8\tools\compiler\ti-cgt-c6000_8.2.4\lib\</path>
         <kind>archive</kind>
         <file>rts6740_elf.lib</file>
         <name>cpy_tbl.obj</name>
      </input_file>
      <input_file id="fl-42">
         <path>C:\ti\ccsv8\tools\compiler\ti-cgt-c6000_8.2.4\lib\</path>
         <kind>archive</kind>
         <file>rts6740_elf.lib</file>
         <name>ctype.obj</name>
      </input_file>
      <input_file id="fl-43">
         <path>C:\ti\ccsv8\tools\compiler\ti-cgt-c6000_8.2.4\lib\</path>
         <kind>archive</kind>
         <file>rts6740_elf.lib</file>
         <name>defs.obj</name>
      </input_file>
      <input_file id="fl-44">
         <path>C:\ti\ccsv8\tools\compiler\ti-cgt-c6000_8.2.4\lib\</path>
         <kind>archive</kind>
         <file>rts6740_elf.lib</file>
         <name>divd.obj</name>
      </input_file>
      <input_file id="fl-45">
         <path>C:\ti\ccsv8\tools\compiler\ti-cgt-c6000_8.2.4\lib\</path>
         <kind>archive</kind>
         <file>rts6740_elf.lib</file>
         <name>divu.obj</name>
      </input_file>
      <input_file id="fl-46">
         <path>C:\ti\ccsv8\tools\compiler\ti-cgt-c6000_8.2.4\lib\</path>
         <kind>archive</kind>
         <file>rts6740_elf.lib</file>
         <name>frcmpyd_div.obj</name>
      </input_file>
      <input_file id="fl-47">
         <path>C:\ti\ccsv8\tools\compiler\ti-cgt-c6000_8.2.4\lib\</path>
         <kind>archive</kind>
         <file>rts6740_elf.lib</file>
         <name>frexp.obj</name>
      </input_file>
      <input_file id="fl-48">
         <path>C:\ti\ccsv8\tools\compiler\ti-cgt-c6000_8.2.4\lib\</path>
         <kind>archive</kind>
         <file>rts6740_elf.lib</file>
         <name>fseek.obj</name>
      </input_file>
      <input_file id="fl-49">
         <path>C:\ti\ccsv8\tools\compiler\ti-cgt-c6000_8.2.4\lib\</path>
         <kind>archive</kind>
         <file>rts6740_elf.lib</file>
         <name>getdevice.obj</name>
      </input_file>
      <input_file id="fl-4a">
         <path>C:\ti\ccsv8\tools\compiler\ti-cgt-c6000_8.2.4\lib\</path>
         <kind>archive</kind>
         <file>rts6740_elf.lib</file>
         <name>hostclose.obj</name>
      </input_file>
      <input_file id="fl-4b">
         <path>C:\ti\ccsv8\tools\compiler\ti-cgt-c6000_8.2.4\lib\</path>
         <kind>archive</kind>
         <file>rts6740_elf.lib</file>
         <name>hostlseek.obj</name>
      </input_file>
      <input_file id="fl-4c">
         <path>C:\ti\ccsv8\tools\compiler\ti-cgt-c6000_8.2.4\lib\</path>
         <kind>archive</kind>
         <file>rts6740_elf.lib</file>
         <name>hostopen.obj</name>
      </input_file>
      <input_file id="fl-4d">
         <path>C:\ti\ccsv8\tools\compiler\ti-cgt-c6000_8.2.4\lib\</path>
         <kind>archive</kind>
         <file>rts6740_elf.lib</file>
         <name>hostread.obj</name>
      </input_file>
      <input_file id="fl-4e">
         <path>C:\ti\ccsv8\tools\compiler\ti-cgt-c6000_8.2.4\lib\</path>
         <kind>archive</kind>
         <file>rts6740_elf.lib</file>
         <name>hostrename.obj</name>
      </input_file>
      <input_file id="fl-4f">
         <path>C:\ti\ccsv8\tools\compiler\ti-cgt-c6000_8.2.4\lib\</path>
         <kind>archive</kind>
         <file>rts6740_elf.lib</file>
         <name>hostunlink.obj</name>
      </input_file>
      <input_file id="fl-50">
         <path>C:\ti\ccsv8\tools\compiler\ti-cgt-c6000_8.2.4\lib\</path>
         <kind>archive</kind>
         <file>rts6740_elf.lib</file>
         <name>hostwrite.obj</name>
      </input_file>
      <input_file id="fl-51">
         <path>C:\ti\ccsv8\tools\compiler\ti-cgt-c6000_8.2.4\lib\</path>
         <kind>archive</kind>
         <file>rts6740_elf.lib</file>
         <name>imath40.obj</name>
      </input_file>
      <input_file id="fl-52">
         <path>C:\ti\ccsv8\tools\compiler\ti-cgt-c6000_8.2.4\lib\</path>
         <kind>archive</kind>
         <file>rts6740_elf.lib</file>
         <name>imath64.obj</name>
      </input_file>
      <input_file id="fl-53">
         <path>C:\ti\ccsv8\tools\compiler\ti-cgt-c6000_8.2.4\lib\</path>
         <kind>archive</kind>
         <file>rts6740_elf.lib</file>
         <name>isinf.obj</name>
      </input_file>
      <input_file id="fl-54">
         <path>C:\ti\ccsv8\tools\compiler\ti-cgt-c6000_8.2.4\lib\</path>
         <kind>archive</kind>
         <file>rts6740_elf.lib</file>
         <name>ldexp.obj</name>
      </input_file>
      <input_file id="fl-55">
         <path>C:\ti\ccsv8\tools\compiler\ti-cgt-c6000_8.2.4\lib\</path>
         <kind>archive</kind>
         <file>rts6740_elf.lib</file>
         <name>llabs.obj</name>
      </input_file>
      <input_file id="fl-56">
         <path>C:\ti\ccsv8\tools\compiler\ti-cgt-c6000_8.2.4\lib\</path>
         <kind>archive</kind>
         <file>rts6740_elf.lib</file>
         <name>llshift.obj</name>
      </input_file>
      <input_file id="fl-57">
         <path>C:\ti\ccsv8\tools\compiler\ti-cgt-c6000_8.2.4\lib\</path>
         <kind>archive</kind>
         <file>rts6740_elf.lib</file>
         <name>lseek.obj</name>
      </input_file>
      <input_file id="fl-58">
         <path>C:\ti\ccsv8\tools\compiler\ti-cgt-c6000_8.2.4\lib\</path>
         <kind>archive</kind>
         <file>rts6740_elf.lib</file>
         <name>ltoa.obj</name>
      </input_file>
      <input_file id="fl-59">
         <path>C:\ti\ccsv8\tools\compiler\ti-cgt-c6000_8.2.4\lib\</path>
         <kind>archive</kind>
         <file>rts6740_elf.lib</file>
         <name>memccpy.obj</name>
      </input_file>
      <input_file id="fl-5a">
         <path>C:\ti\ccsv8\tools\compiler\ti-cgt-c6000_8.2.4\lib\</path>
         <kind>archive</kind>
         <file>rts6740_elf.lib</file>
         <name>setvbuf.obj</name>
      </input_file>
      <input_file id="fl-5b">
         <path>C:\ti\ccsv8\tools\compiler\ti-cgt-c6000_8.2.4\lib\</path>
         <kind>archive</kind>
         <file>rts6740_elf.lib</file>
         <name>startup.obj</name>
      </input_file>
      <input_file id="fl-5c">
         <path>C:\ti\ccsv8\tools\compiler\ti-cgt-c6000_8.2.4\lib\</path>
         <kind>archive</kind>
         <file>rts6740_elf.lib</file>
         <name>tls.obj</name>
      </input_file>
      <input_file id="fl-5d">
         <path>C:\ti\ccsv8\tools\compiler\ti-cgt-c6000_8.2.4\lib\</path>
         <kind>archive</kind>
         <file>rts6740_elf.lib</file>
         <name>tls_get_tp.obj</name>
      </input_file>
      <input_file id="fl-5e">
         <path>C:\ti\ccsv8\tools\compiler\ti-cgt-c6000_8.2.4\lib\</path>
         <kind>archive</kind>
         <file>rts6740_elf.lib</file>
         <name>trgmsg.obj</name>
      </input_file>
      <input_file id="fl-5f">
         <path>C:\ti\ccsv8\tools\compiler\ti-cgt-c6000_8.2.4\lib\</path>
         <kind>archive</kind>
         <file>rts6740_elf.lib</file>
         <name>errno.obj</name>
      </input_file>
   </input_file_list>
   <object_component_list>
      <object_component id="oc-3">
         <name>&lt;space&gt;</name>
         <uninitialized>true</uninitialized>
         <run_address>0x7e0000</run_address>
         <size>0x0</size>
      </object_component>
      <object_component id="oc-224">
         <name>.fardata:_ftable</name>
         <load_address>0x8013b0</load_address>
         <run_address>0x8013b0</run_address>
         <size>0x1e0</size>
         <input_file_ref idref="fl-43"/>
      </object_component>
      <object_component id="oc-369">
         <name>.fardata:_stream</name>
         <load_address>0x801590</load_address>
         <run_address>0x801590</run_address>
         <size>0xa0</size>
         <input_file_ref idref="fl-38"/>
      </object_component>
      <object_component id="oc-409">
         <name>.fardata:_device</name>
         <load_address>0x801630</load_address>
         <run_address>0x801630</run_address>
         <size>0x78</size>
         <input_file_ref idref="fl-38"/>
      </object_component>
      <object_component id="oc-9a">
         <name>.fardata</name>
         <load_address>0x8016a8</load_address>
         <run_address>0x8016a8</run_address>
         <size>0xc</size>
         <input_file_ref idref="fl-24"/>
      </object_component>
      <object_component id="oc-41a">
         <name>.fardata</name>
         <load_address>0x8016b4</load_address>
         <run_address>0x8016b4</run_address>
         <size>0x8</size>
         <input_file_ref idref="fl-2f"/>
      </object_component>
      <object_component id="oc-209">
         <name>.fardata:_lock</name>
         <load_address>0x8016bc</load_address>
         <run_address>0x8016bc</run_address>
         <size>0x4</size>
         <input_file_ref idref="fl-3b"/>
      </object_component>
      <object_component id="oc-d8">
         <name>.fardata:qqqqone</name>
         <load_address>0x8016c0</load_address>
         <run_address>0x8016c0</run_address>
         <size>0x5</size>
         <input_file_ref idref="fl-2"/>
      </object_component>
      <object_component id="oc-20c">
         <name>.fardata:_unlock</name>
         <load_address>0x8016c8</load_address>
         <run_address>0x8016c8</run_address>
         <size>0x4</size>
         <input_file_ref idref="fl-3b"/>
      </object_component>
      <object_component id="oc-227">
         <name>.fardata</name>
         <load_address>0x8016cc</load_address>
         <run_address>0x8016cc</run_address>
         <size>0x4</size>
         <input_file_ref idref="fl-43"/>
      </object_component>
      <object_component id="oc-4de">
         <name>.fardata</name>
         <load_address>0x8016d0</load_address>
         <run_address>0x8016d0</run_address>
         <size>0x4</size>
         <input_file_ref idref="fl-5f"/>
      </object_component>
      <object_component id="oc-223">
         <name>.fardata</name>
         <load_address>0x8016d4</load_address>
         <run_address>0x8016d4</run_address>
         <size>0x4</size>
         <input_file_ref idref="fl-28"/>
      </object_component>
      <object_component id="oc-3eb">
         <name>.fardata</name>
         <load_address>0x8016d8</load_address>
         <run_address>0x8016d8</run_address>
         <size>0x4</size>
         <input_file_ref idref="fl-31"/>
      </object_component>
      <object_component id="oc-d4">
         <name>.const:.string</name>
         <load_address>0x801000</load_address>
         <run_address>0x801000</run_address>
         <size>0x280</size>
         <input_file_ref idref="fl-2"/>
      </object_component>
      <object_component id="oc-248">
         <name>.const:.string:_ctypes_</name>
         <load_address>0x801280</load_address>
         <run_address>0x801280</run_address>
         <size>0x101</size>
         <input_file_ref idref="fl-42"/>
      </object_component>
      <object_component id="oc-31c">
         <name>.const:.string</name>
         <load_address>0x801384</load_address>
         <run_address>0x801384</run_address>
         <size>0x24</size>
         <input_file_ref idref="fl-3c"/>
      </object_component>
      <object_component id="oc-ce">
         <name>.const:.string:$P$T0$1</name>
         <load_address>0x8013a8</load_address>
         <run_address>0x8013a8</run_address>
         <size>0x8</size>
         <input_file_ref idref="fl-2"/>
      </object_component>
      <object_component id="oc-31d">
         <name>.switch:__TI_printfi</name>
         <load_address>0x801b48</load_address>
         <run_address>0x801b48</run_address>
         <size>0x38</size>
         <input_file_ref idref="fl-3c"/>
      </object_component>
      <object_component id="oc-db">
         <name>.switch:ldra_qq_char_star_convert</name>
         <load_address>0x801b80</load_address>
         <run_address>0x801b80</run_address>
         <size>0x14</size>
         <input_file_ref idref="fl-2"/>
      </object_component>
      <object_component id="oc-518">
         <name>.cio</name>
         <uninitialized>true</uninitialized>
         <run_address>0x801a28</run_address>
         <size>0x120</size>
         <input_file_ref idref="fl-5e"/>
      </object_component>
      <object_component id="oc-dc">
         <name>.rodata</name>
         <load_address>0x801bd8</load_address>
         <run_address>0x801bd8</run_address>
         <size>0x14</size>
         <input_file_ref idref="fl-2"/>
      </object_component>
      <object_component id="oc-d5">
         <name>.bss</name>
         <uninitialized>true</uninitialized>
         <run_address>0x801bec</run_address>
         <size>0x4</size>
         <input_file_ref idref="fl-2"/>
      </object_component>
      <object_component id="oc-df">
         <name>.common:testbed_out</name>
         <uninitialized>true</uninitialized>
         <run_address>0x801bf4</run_address>
         <size>0x4</size>
      </object_component>
      <object_component id="oc-e5">
         <name>.common:LDRA_CLOSE_FLAG</name>
         <uninitialized>true</uninitialized>
         <run_address>0x801bf0</run_address>
         <size>0x4</size>
      </object_component>
      <object_component id="oc-e2">
         <name>.common:test11</name>
         <uninitialized>true</uninitialized>
         <run_address>0x801bfa</run_address>
         <size>0x1</size>
      </object_component>
      <object_component id="oc-e3">
         <name>.common:tbrun_qq_tc1_return</name>
         <uninitialized>true</uninitialized>
         <run_address>0x801bf8</run_address>
         <size>0x2</size>
      </object_component>
      <object_component id="oc-d1">
         <name>.neardata</name>
         <load_address>0x801b94</load_address>
         <run_address>0x801b94</run_address>
         <size>0x44</size>
         <input_file_ref idref="fl-2"/>
      </object_component>
      <object_component id="oc-2d">
         <name>.stack</name>
         <uninitialized>true</uninitialized>
         <run_address>0x800000</run_address>
         <size>0x8</size>
         <input_file_ref idref="fl-20"/>
      </object_component>
      <object_component id="oc-555">
         <name>.stack</name>
         <uninitialized>true</uninitialized>
         <run_address>0x800000</run_address>
         <size>0x0</size>
      </object_component>
      <object_component id="oc-55c">
         <name>.cinit..fardata.load</name>
         <load_address>0x801c00</load_address>
         <run_address>0x801c00</run_address>
         <size>0x72</size>
      </object_component>
      <object_component id="oc-553">
         <name>.cinit..neardata.load</name>
         <load_address>0x801c72</load_address>
         <run_address>0x801c72</run_address>
         <size>0x1f</size>
      </object_component>
      <object_component id="oc-551">
         <name>.cinit..rodata.load</name>
         <load_address>0x801c91</load_address>
         <run_address>0x801c91</run_address>
         <size>0x18</size>
      </object_component>
      <object_component id="oc-554">
         <name>.cinit..far.load</name>
         <load_address>0x801ca9</load_address>
         <run_address>0x801ca9</run_address>
         <size>0xb</size>
      </object_component>
      <object_component id="oc-552">
         <name>.cinit..bss.load</name>
         <load_address>0x801cb4</load_address>
         <run_address>0x801cb4</run_address>
         <size>0x9</size>
      </object_component>
      <object_component id="oc-54e">
         <name>__TI_handler_table</name>
         <load_address>0x801cc0</load_address>
         <run_address>0x801cc0</run_address>
         <size>0x8</size>
      </object_component>
      <object_component id="oc-54f">
         <name>__TI_cinit_table</name>
         <load_address>0x801cc8</load_address>
         <run_address>0x801cc8</run_address>
         <size>0x28</size>
      </object_component>
      <object_component id="oc-e4">
         <name>.common:testbed_buff</name>
         <uninitialized>true</uninitialized>
         <run_address>0x8016e0</run_address>
         <size>0x200</size>
      </object_component>
      <object_component id="oc-382">
         <name>.common:__TI_tmpnams</name>
         <uninitialized>true</uninitialized>
         <run_address>0x8018e0</run_address>
         <size>0x140</size>
      </object_component>
      <object_component id="oc-4eb">
         <name>.common:parmbuf</name>
         <uninitialized>true</uninitialized>
         <run_address>0x801a20</run_address>
         <size>0x8</size>
      </object_component>
      <object_component id="oc-30">
         <name>.sysmem</name>
         <uninitialized>true</uninitialized>
         <run_address>0x800800</run_address>
         <size>0x8</size>
         <input_file_ref idref="fl-2f"/>
      </object_component>
      <object_component id="oc-556">
         <name>.sysmem</name>
         <uninitialized>true</uninitialized>
         <run_address>0x800800</run_address>
         <size>0x0</size>
      </object_component>
      <object_component id="oc-21b">
         <name>.text:__TI_printfi</name>
         <load_address>0x7e0000</load_address>
         <run_address>0x7e0000</run_address>
         <size>0x1ce0</size>
         <input_file_ref idref="fl-3c"/>
      </object_component>
      <object_component id="oc-92">
         <name>.text</name>
         <load_address>0x7e1ce0</load_address>
         <run_address>0x7e1ce0</run_address>
         <size>0x17a0</size>
         <input_file_ref idref="fl-2"/>
      </object_component>
      <object_component id="oc-310">
         <name>.text:_pconv_a</name>
         <load_address>0x7e3480</load_address>
         <run_address>0x7e3480</run_address>
         <size>0x680</size>
         <input_file_ref idref="fl-3c"/>
      </object_component>
      <object_component id="oc-3b7">
         <name>.text:__c6xabi_divd</name>
         <load_address>0x7e3b00</load_address>
         <run_address>0x7e3b00</run_address>
         <size>0x5c0</size>
         <input_file_ref idref="fl-44"/>
      </object_component>
      <object_component id="oc-2fe">
         <name>.text:_pconv_g</name>
         <load_address>0x7e40c0</load_address>
         <run_address>0x7e40c0</run_address>
         <size>0x500</size>
         <input_file_ref idref="fl-3c"/>
      </object_component>
      <object_component id="oc-370">
         <name>.text:free</name>
         <load_address>0x7e45c0</load_address>
         <run_address>0x7e45c0</run_address>
         <size>0x440</size>
         <input_file_ref idref="fl-2f"/>
      </object_component>
      <object_component id="oc-30a">
         <name>.text:_pconv_e</name>
         <load_address>0x7e4a00</load_address>
         <run_address>0x7e4a00</run_address>
         <size>0x420</size>
         <input_file_ref idref="fl-3c"/>
      </object_component>
      <object_component id="oc-2d8">
         <name>.text:fputs</name>
         <load_address>0x7e4e20</load_address>
         <run_address>0x7e4e20</run_address>
         <size>0x3e0</size>
         <input_file_ref idref="fl-2b"/>
      </object_component>
      <object_component id="oc-304">
         <name>.text:_pconv_f</name>
         <load_address>0x7e5200</load_address>
         <run_address>0x7e5200</run_address>
         <size>0x2a0</size>
         <input_file_ref idref="fl-3c"/>
      </object_component>
      <object_component id="oc-3ca">
         <name>.text:fcvt</name>
         <load_address>0x7e54a0</load_address>
         <run_address>0x7e54a0</run_address>
         <size>0x2a0</size>
         <input_file_ref idref="fl-3c"/>
      </object_component>
      <object_component id="oc-3a9">
         <name>.text:__c6xabi_divull</name>
         <load_address>0x7e5740</load_address>
         <run_address>0x7e5740</run_address>
         <size>0x260</size>
         <input_file_ref idref="fl-52"/>
      </object_component>
      <object_component id="oc-2df">
         <name>.text:fputc</name>
         <load_address>0x7e59a0</load_address>
         <run_address>0x7e59a0</run_address>
         <size>0x220</size>
         <input_file_ref idref="fl-2a"/>
      </object_component>
      <object_component id="oc-342">
         <name>.text:open</name>
         <load_address>0x7e5bc0</load_address>
         <run_address>0x7e5bc0</run_address>
         <size>0x220</size>
         <input_file_ref idref="fl-31"/>
      </object_component>
      <object_component id="oc-35f">
         <name>.text:setvbuf</name>
         <load_address>0x7e5de0</load_address>
         <run_address>0x7e5de0</run_address>
         <size>0x220</size>
         <input_file_ref idref="fl-5a"/>
      </object_component>
      <object_component id="oc-2f2">
         <name>.text:_ltostr</name>
         <load_address>0x7e6000</load_address>
         <run_address>0x7e6000</run_address>
         <size>0x200</size>
         <input_file_ref idref="fl-3c"/>
      </object_component>
      <object_component id="oc-22a">
         <name>.text:_openfile</name>
         <load_address>0x7e6200</load_address>
         <run_address>0x7e6200</run_address>
         <size>0x1e0</size>
         <input_file_ref idref="fl-28"/>
      </object_component>
      <object_component id="oc-3af">
         <name>.text:__c6xabi_divul</name>
         <load_address>0x7e63e0</load_address>
         <run_address>0x7e63e0</run_address>
         <size>0x1c0</size>
         <input_file_ref idref="fl-51"/>
      </object_component>
      <object_component id="oc-3d2">
         <name>.text:frexp</name>
         <load_address>0x7e65a0</load_address>
         <run_address>0x7e65a0</run_address>
         <size>0x1c0</size>
         <input_file_ref idref="fl-47"/>
      </object_component>
      <object_component id="oc-4ac">
         <name>.text:HOSTrename</name>
         <load_address>0x7e6760</load_address>
         <run_address>0x7e6760</run_address>
         <size>0x1a0</size>
         <input_file_ref idref="fl-4e"/>
      </object_component>
      <object_component id="oc-3d8">
         <name>.text:ldexp</name>
         <load_address>0x7e6900</load_address>
         <run_address>0x7e6900</run_address>
         <size>0x180</size>
         <input_file_ref idref="fl-54"/>
      </object_component>
      <object_component id="oc-3f8">
         <name>.text:malloc</name>
         <load_address>0x7e6a80</load_address>
         <run_address>0x7e6a80</run_address>
         <size>0x180</size>
         <input_file_ref idref="fl-2f"/>
      </object_component>
      <object_component id="oc-69">
         <name>.text:_auto_init_elf</name>
         <load_address>0x7e6c00</load_address>
         <run_address>0x7e6c00</run_address>
         <size>0x160</size>
         <input_file_ref idref="fl-3f"/>
      </object_component>
      <object_component id="oc-255">
         <name>.text:__TI_buff_read</name>
         <load_address>0x7e6d60</load_address>
         <run_address>0x7e6d60</run_address>
         <size>0x140</size>
         <input_file_ref idref="fl-39"/>
      </object_component>
      <object_component id="oc-263">
         <name>.text:__TI_closefile</name>
         <load_address>0x7e6ea0</load_address>
         <run_address>0x7e6ea0</run_address>
         <size>0x140</size>
         <input_file_ref idref="fl-25"/>
      </object_component>
      <object_component id="oc-f2">
         <name>.text:fflush</name>
         <load_address>0x7e6fe0</load_address>
         <run_address>0x7e6fe0</run_address>
         <size>0x140</size>
         <input_file_ref idref="fl-26"/>
      </object_component>
      <object_component id="oc-10a">
         <name>.text:fgetc</name>
         <load_address>0x7e7120</load_address>
         <run_address>0x7e7120</run_address>
         <size>0x140</size>
         <input_file_ref idref="fl-27"/>
      </object_component>
      <object_component id="oc-ec">
         <name>.text:fopen</name>
         <load_address>0x7e7260</load_address>
         <run_address>0x7e7260</run_address>
         <size>0x140</size>
         <input_file_ref idref="fl-28"/>
      </object_component>
      <object_component id="oc-3ec">
         <name>.text:getdevice</name>
         <load_address>0x7e73a0</load_address>
         <run_address>0x7e73a0</run_address>
         <size>0x140</size>
         <input_file_ref idref="fl-49"/>
      </object_component>
      <object_component id="oc-42e">
         <name>.text:fseek</name>
         <load_address>0x7e74e0</load_address>
         <run_address>0x7e74e0</run_address>
         <size>0x120</size>
         <input_file_ref idref="fl-48"/>
      </object_component>
      <object_component id="oc-3f">
         <name>.text:__TI_decompress_rle_core</name>
         <load_address>0x7e7600</load_address>
         <run_address>0x7e7600</run_address>
         <size>0x100</size>
         <input_file_ref idref="fl-22"/>
      </object_component>
      <object_component id="oc-397">
         <name>.text:__TI_wrt_ok</name>
         <load_address>0x7e7700</load_address>
         <run_address>0x7e7700</run_address>
         <size>0x100</size>
         <input_file_ref idref="fl-3a"/>
      </object_component>
      <object_component id="oc-2e6">
         <name>.text:atoi</name>
         <load_address>0x7e7800</load_address>
         <run_address>0x7e7800</run_address>
         <size>0x100</size>
         <input_file_ref idref="fl-3e"/>
      </object_component>
      <object_component id="oc-a6">
         <name>.text:copy_in</name>
         <load_address>0x7e7900</load_address>
         <run_address>0x7e7900</run_address>
         <size>0x100</size>
         <input_file_ref idref="fl-41"/>
      </object_component>
      <object_component id="oc-e6">
         <name>.text:fprintf</name>
         <load_address>0x7e7a00</load_address>
         <run_address>0x7e7a00</run_address>
         <size>0x100</size>
         <input_file_ref idref="fl-29"/>
      </object_component>
      <object_component id="oc-4a0">
         <name>.text:HOSTlseek</name>
         <load_address>0x7e7b00</load_address>
         <run_address>0x7e7b00</run_address>
         <size>0xe0</size>
         <input_file_ref idref="fl-4b"/>
      </object_component>
      <object_component id="oc-488">
         <name>.text:HOSTopen</name>
         <load_address>0x7e7be0</load_address>
         <run_address>0x7e7be0</run_address>
         <size>0xe0</size>
         <input_file_ref idref="fl-4c"/>
      </object_component>
      <object_component id="oc-49a">
         <name>.text:HOSTwrite</name>
         <load_address>0x7e7cc0</load_address>
         <run_address>0x7e7cc0</run_address>
         <size>0xe0</size>
         <input_file_ref idref="fl-50"/>
      </object_component>
      <object_component id="oc-376">
         <name>.text:close</name>
         <load_address>0x7e7da0</load_address>
         <run_address>0x7e7da0</run_address>
         <size>0xe0</size>
         <input_file_ref idref="fl-40"/>
      </object_component>
      <object_component id="oc-5d">
         <name>.text:exit</name>
         <load_address>0x7e7e80</load_address>
         <run_address>0x7e7e80</run_address>
         <size>0xe0</size>
         <input_file_ref idref="fl-24"/>
      </object_component>
      <object_component id="oc-3bd">
         <name>.text:ltoa</name>
         <load_address>0x7e7f60</load_address>
         <run_address>0x7e7f60</run_address>
         <size>0xe0</size>
         <input_file_ref idref="fl-58"/>
      </object_component>
      <object_component id="oc-4b">
         <name>.text:memset</name>
         <load_address>0x7e8040</load_address>
         <run_address>0x7e8040</run_address>
         <size>0xe0</size>
         <input_file_ref idref="fl-30"/>
      </object_component>
      <object_component id="oc-494">
         <name>.text:HOSTread</name>
         <load_address>0x7e8120</load_address>
         <run_address>0x7e8120</run_address>
         <size>0xc0</size>
         <input_file_ref idref="fl-4d"/>
      </object_component>
      <object_component id="oc-4a6">
         <name>.text:HOSTunlink</name>
         <load_address>0x7e81e0</load_address>
         <run_address>0x7e81e0</run_address>
         <size>0xc0</size>
         <input_file_ref idref="fl-4f"/>
      </object_component>
      <object_component id="oc-232">
         <name>.text:__TI_doflush</name>
         <load_address>0x7e82a0</load_address>
         <run_address>0x7e82a0</run_address>
         <size>0xc0</size>
         <input_file_ref idref="fl-26"/>
      </object_component>
      <object_component id="oc-3a4">
         <name>.text:__divu</name>
         <load_address>0x7e8360</load_address>
         <run_address>0x7e8360</run_address>
         <size>0xc0</size>
         <input_file_ref idref="fl-45"/>
      </object_component>
      <object_component id="oc-3c3">
         <name>.text:_ecpy</name>
         <load_address>0x7e8420</load_address>
         <run_address>0x7e8420</run_address>
         <size>0xc0</size>
         <input_file_ref idref="fl-3c"/>
      </object_component>
      <object_component id="oc-423">
         <name>.text:mremove</name>
         <load_address>0x7e84e0</load_address>
         <run_address>0x7e84e0</run_address>
         <size>0xc0</size>
         <input_file_ref idref="fl-2f"/>
      </object_component>
      <object_component id="oc-b2">
         <name>.text:tls:init:__TI_tls_init</name>
         <load_address>0x7e85a0</load_address>
         <run_address>0x7e85a0</run_address>
         <size>0xc0</size>
         <input_file_ref idref="fl-5c"/>
      </object_component>
      <object_component id="oc-48e">
         <name>.text:HOSTclose</name>
         <load_address>0x7e8660</load_address>
         <run_address>0x7e8660</run_address>
         <size>0xa0</size>
         <input_file_ref idref="fl-4a"/>
      </object_component>
      <object_component id="oc-33c">
         <name>.text:__TI_cleanup</name>
         <load_address>0x7e8700</load_address>
         <run_address>0x7e8700</run_address>
         <size>0xa0</size>
         <input_file_ref idref="fl-28"/>
      </object_component>
      <object_component id="oc-24f">
         <name>.text:__TI_rd_ok</name>
         <load_address>0x7e87a0</load_address>
         <run_address>0x7e87a0</run_address>
         <size>0xa0</size>
         <input_file_ref idref="fl-3a"/>
      </object_component>
      <object_component id="oc-47f">
         <name>.text:_minit</name>
         <load_address>0x7e8840</load_address>
         <run_address>0x7e8840</run_address>
         <size>0xa0</size>
         <input_file_ref idref="fl-2f"/>
      </object_component>
      <object_component id="oc-33">
         <name>.text:memcpy</name>
         <load_address>0x7e88e0</load_address>
         <run_address>0x7e88e0</run_address>
         <size>0xa0</size>
         <input_file_ref idref="fl-2e"/>
      </object_component>
      <object_component id="oc-41d">
         <name>.text:minsert</name>
         <load_address>0x7e8980</load_address>
         <run_address>0x7e8980</run_address>
         <size>0xa0</size>
         <input_file_ref idref="fl-2f"/>
      </object_component>
      <object_component id="oc-4f4">
         <name>.text:__TI_readmsg</name>
         <load_address>0x7e8a20</load_address>
         <run_address>0x7e8a20</run_address>
         <size>0x80</size>
         <input_file_ref idref="fl-5e"/>
      </object_component>
      <object_component id="oc-43c">
         <name>.text:__c6xabi_llshl</name>
         <load_address>0x7e8aa0</load_address>
         <run_address>0x7e8aa0</run_address>
         <size>0x80</size>
         <input_file_ref idref="fl-56"/>
      </object_component>
      <object_component id="oc-24">
         <name>.text:_c_int00</name>
         <load_address>0x7e8b20</load_address>
         <run_address>0x7e8b20</run_address>
         <size>0x80</size>
         <input_file_ref idref="fl-20"/>
      </object_component>
      <object_component id="oc-110">
         <name>.text:fclose</name>
         <load_address>0x7e8ba0</load_address>
         <run_address>0x7e8ba0</run_address>
         <size>0x80</size>
         <input_file_ref idref="fl-25"/>
      </object_component>
      <object_component id="oc-473">
         <name>.text:finddevice</name>
         <load_address>0x7e8c20</load_address>
         <run_address>0x7e8c20</run_address>
         <size>0x80</size>
         <input_file_ref idref="fl-49"/>
      </object_component>
      <object_component id="oc-37c">
         <name>.text:unlink</name>
         <load_address>0x7e8ca0</load_address>
         <run_address>0x7e8ca0</run_address>
         <size>0x80</size>
         <input_file_ref idref="fl-36"/>
      </object_component>
      <object_component id="oc-4ee">
         <name>.text:__TI_writemsg</name>
         <load_address>0x7e8d20</load_address>
         <run_address>0x7e8d20</run_address>
         <size>0x60</size>
         <input_file_ref idref="fl-5e"/>
      </object_component>
      <object_component id="oc-448">
         <name>.text:__c6xabi_llshru</name>
         <load_address>0x7e8d80</load_address>
         <run_address>0x7e8d80</run_address>
         <size>0x60</size>
         <input_file_ref idref="fl-56"/>
      </object_component>
      <object_component id="oc-442">
         <name>.text:_subcull</name>
         <load_address>0x7e8de0</load_address>
         <run_address>0x7e8de0</run_address>
         <size>0x60</size>
         <input_file_ref idref="fl-52"/>
      </object_component>
      <object_component id="oc-4c1">
         <name>.text:lseek</name>
         <load_address>0x7e8e40</load_address>
         <run_address>0x7e8e40</run_address>
         <size>0x60</size>
         <input_file_ref idref="fl-57"/>
      </object_component>
      <object_component id="oc-316">
         <name>.text:memccpy</name>
         <load_address>0x7e8ea0</load_address>
         <run_address>0x7e8ea0</run_address>
         <size>0x60</size>
         <input_file_ref idref="fl-59"/>
      </object_component>
      <object_component id="oc-25b">
         <name>.text:read</name>
         <load_address>0x7e8f00</load_address>
         <run_address>0x7e8f00</run_address>
         <size>0x60</size>
         <input_file_ref idref="fl-33"/>
      </object_component>
      <object_component id="oc-f8">
         <name>.text:sprintf</name>
         <load_address>0x7e8f60</load_address>
         <run_address>0x7e8f60</run_address>
         <size>0x60</size>
         <input_file_ref idref="fl-35"/>
      </object_component>
      <object_component id="oc-34b">
         <name>.text:write</name>
         <load_address>0x7e8fc0</load_address>
         <run_address>0x7e8fc0</run_address>
         <size>0x60</size>
         <input_file_ref idref="fl-38"/>
      </object_component>
      <object_component id="oc-452">
         <name>.text:__TI_frcmpyd_div</name>
         <load_address>0x7e9020</load_address>
         <run_address>0x7e9020</run_address>
         <size>0x40</size>
         <input_file_ref idref="fl-46"/>
      </object_component>
      <object_component id="oc-2f8">
         <name>.text:__c6xabi_isinf</name>
         <load_address>0x7e9060</load_address>
         <run_address>0x7e9060</run_address>
         <size>0x40</size>
         <input_file_ref idref="fl-53"/>
      </object_component>
      <object_component id="oc-2ec">
         <name>.text:__c6xabi_isnan</name>
         <load_address>0x7e90a0</load_address>
         <run_address>0x7e90a0</run_address>
         <size>0x40</size>
         <input_file_ref idref="fl-3c"/>
      </object_component>
      <object_component id="oc-57">
         <name>.text:_args_main</name>
         <load_address>0x7e90e0</load_address>
         <run_address>0x7e90e0</run_address>
         <size>0x40</size>
         <input_file_ref idref="fl-3d"/>
      </object_component>
      <object_component id="oc-240">
         <name>.text:_outs</name>
         <load_address>0x7e9120</load_address>
         <run_address>0x7e9120</run_address>
         <size>0x40</size>
         <input_file_ref idref="fl-35"/>
      </object_component>
      <object_component id="oc-271">
         <name>.text:_outs</name>
         <load_address>0x7e9160</load_address>
         <run_address>0x7e9160</run_address>
         <size>0x40</size>
         <input_file_ref idref="fl-37"/>
      </object_component>
      <object_component id="oc-116">
         <name>.text:vsprintf</name>
         <load_address>0x7e91a0</load_address>
         <run_address>0x7e91a0</run_address>
         <size>0x40</size>
         <input_file_ref idref="fl-37"/>
      </object_component>
      <object_component id="oc-467">
         <name>.text:__c6xabi_errno_addr</name>
         <load_address>0x7e91e0</load_address>
         <run_address>0x7e91e0</run_address>
         <size>0x20</size>
         <input_file_ref idref="fl-5f"/>
      </object_component>
      <object_component id="oc-2cd">
         <name>.text:_nop</name>
         <load_address>0x7e9200</load_address>
         <run_address>0x7e9200</run_address>
         <size>0x20</size>
         <input_file_ref idref="fl-3b"/>
      </object_component>
      <object_component id="oc-215">
         <name>.text:_outc</name>
         <load_address>0x7e9220</load_address>
         <run_address>0x7e9220</run_address>
         <size>0x20</size>
         <input_file_ref idref="fl-29"/>
      </object_component>
      <object_component id="oc-23a">
         <name>.text:_outc</name>
         <load_address>0x7e9240</load_address>
         <run_address>0x7e9240</run_address>
         <size>0x20</size>
         <input_file_ref idref="fl-35"/>
      </object_component>
      <object_component id="oc-26b">
         <name>.text:_outc</name>
         <load_address>0x7e9260</load_address>
         <run_address>0x7e9260</run_address>
         <size>0x20</size>
         <input_file_ref idref="fl-37"/>
      </object_component>
      <object_component id="oc-20f">
         <name>.text:_outs</name>
         <load_address>0x7e9280</load_address>
         <run_address>0x7e9280</run_address>
         <size>0x20</size>
         <input_file_ref idref="fl-29"/>
      </object_component>
      <object_component id="oc-ac">
         <name>.text:_system_post_cinit</name>
         <load_address>0x7e92a0</load_address>
         <run_address>0x7e92a0</run_address>
         <size>0x20</size>
         <input_file_ref idref="fl-5b"/>
      </object_component>
      <object_component id="oc-63">
         <name>.text:_system_pre_init</name>
         <load_address>0x7e92c0</load_address>
         <run_address>0x7e92c0</run_address>
         <size>0x20</size>
         <input_file_ref idref="fl-32"/>
      </object_component>
      <object_component id="oc-9d">
         <name>.text:abort</name>
         <load_address>0x7e92e0</load_address>
         <run_address>0x7e92e0</run_address>
         <size>0x20</size>
         <input_file_ref idref="fl-24"/>
      </object_component>
      <object_component id="oc-12">
         <name>.text:decompress:none:__TI_decompress_none</name>
         <load_address>0x7e9300</load_address>
         <run_address>0x7e9300</run_address>
         <size>0x20</size>
         <input_file_ref idref="fl-21"/>
      </object_component>
      <object_component id="oc-18">
         <name>.text:decompress:rle24:__TI_decompress_rle24</name>
         <load_address>0x7e9320</load_address>
         <run_address>0x7e9320</run_address>
         <size>0x20</size>
         <input_file_ref idref="fl-22"/>
      </object_component>
      <object_component id="oc-fe">
         <name>.text:isprint</name>
         <load_address>0x7e9340</load_address>
         <run_address>0x7e9340</run_address>
         <size>0x20</size>
         <input_file_ref idref="fl-2c"/>
      </object_component>
      <object_component id="oc-104">
         <name>.text:isspace</name>
         <load_address>0x7e9360</load_address>
         <run_address>0x7e9360</run_address>
         <size>0x20</size>
         <input_file_ref idref="fl-2d"/>
      </object_component>
      <object_component id="oc-e0">
         <name>.debug_info</name>
         <load_address>0x0</load_address>
         <run_address>0x0</run_address>
         <size>0x1b61</size>
         <input_file_ref idref="fl-2"/>
      </object_component>
      <object_component id="oc-dd">
         <name>.debug_info</name>
         <load_address>0x1b61</load_address>
         <run_address>0x1b61</run_address>
         <size>0x1eb</size>
         <input_file_ref idref="fl-2"/>
      </object_component>
      <object_component id="oc-d2">
         <name>.debug_info</name>
         <load_address>0x1d4c</load_address>
         <run_address>0x1d4c</run_address>
         <size>0x498</size>
         <input_file_ref idref="fl-2"/>
      </object_component>
      <object_component id="oc-d6">
         <name>.debug_info</name>
         <load_address>0x21e4</load_address>
         <run_address>0x21e4</run_address>
         <size>0xbd</size>
         <input_file_ref idref="fl-2"/>
      </object_component>
      <object_component id="oc-d9">
         <name>.debug_info</name>
         <load_address>0x22a1</load_address>
         <run_address>0x22a1</run_address>
         <size>0xa7</size>
         <input_file_ref idref="fl-2"/>
      </object_component>
      <object_component id="oc-cf">
         <name>.debug_info</name>
         <load_address>0x2348</load_address>
         <run_address>0x2348</run_address>
         <size>0xa7</size>
         <input_file_ref idref="fl-2"/>
      </object_component>
      <object_component id="oc-93">
         <name>.debug_info</name>
         <load_address>0x23ef</load_address>
         <run_address>0x23ef</run_address>
         <size>0x2a35</size>
         <input_file_ref idref="fl-2"/>
      </object_component>
      <object_component id="oc-196">
         <name>.debug_info</name>
         <load_address>0x4e24</load_address>
         <run_address>0x4e24</run_address>
         <size>0x3c0</size>
         <input_file_ref idref="fl-2"/>
      </object_component>
      <object_component id="oc-169">
         <name>.debug_info</name>
         <load_address>0x51e4</load_address>
         <run_address>0x51e4</run_address>
         <size>0x149f</size>
         <input_file_ref idref="fl-2"/>
      </object_component>
      <object_component id="oc-15a">
         <name>.debug_info</name>
         <load_address>0x6683</load_address>
         <run_address>0x6683</run_address>
         <size>0xc8</size>
         <input_file_ref idref="fl-2"/>
      </object_component>
      <object_component id="oc-2c3">
         <name>.debug_info</name>
         <load_address>0x674b</load_address>
         <run_address>0x674b</run_address>
         <size>0x6a2</size>
         <input_file_ref idref="fl-2"/>
      </object_component>
      <object_component id="oc-2c8">
         <name>.debug_info</name>
         <load_address>0x6ded</load_address>
         <run_address>0x6ded</run_address>
         <size>0xb78</size>
         <input_file_ref idref="fl-2"/>
      </object_component>
      <object_component id="oc-187">
         <name>.debug_info</name>
         <load_address>0x7965</load_address>
         <run_address>0x7965</run_address>
         <size>0x383</size>
         <input_file_ref idref="fl-2"/>
      </object_component>
      <object_component id="oc-16e">
         <name>.debug_info</name>
         <load_address>0x7ce8</load_address>
         <run_address>0x7ce8</run_address>
         <size>0x6a3</size>
         <input_file_ref idref="fl-2"/>
      </object_component>
      <object_component id="oc-15f">
         <name>.debug_info</name>
         <load_address>0x838b</load_address>
         <run_address>0x838b</run_address>
         <size>0x59c</size>
         <input_file_ref idref="fl-2"/>
      </object_component>
      <object_component id="oc-296">
         <name>.debug_info</name>
         <load_address>0x8927</load_address>
         <run_address>0x8927</run_address>
         <size>0x248</size>
         <input_file_ref idref="fl-2"/>
      </object_component>
      <object_component id="oc-164">
         <name>.debug_info</name>
         <load_address>0x8b6f</load_address>
         <run_address>0x8b6f</run_address>
         <size>0x87c</size>
         <input_file_ref idref="fl-2"/>
      </object_component>
      <object_component id="oc-291">
         <name>.debug_info</name>
         <load_address>0x93eb</load_address>
         <run_address>0x93eb</run_address>
         <size>0x777</size>
         <input_file_ref idref="fl-2"/>
      </object_component>
      <object_component id="oc-173">
         <name>.debug_info</name>
         <load_address>0x9b62</load_address>
         <run_address>0x9b62</run_address>
         <size>0x4aa</size>
         <input_file_ref idref="fl-2"/>
      </object_component>
      <object_component id="oc-178">
         <name>.debug_info</name>
         <load_address>0xa00c</load_address>
         <run_address>0xa00c</run_address>
         <size>0xb2</size>
         <input_file_ref idref="fl-2"/>
      </object_component>
      <object_component id="oc-29b">
         <name>.debug_info</name>
         <load_address>0xa0be</load_address>
         <run_address>0xa0be</run_address>
         <size>0x199</size>
         <input_file_ref idref="fl-2"/>
      </object_component>
      <object_component id="oc-17d">
         <name>.debug_info</name>
         <load_address>0xa257</load_address>
         <run_address>0xa257</run_address>
         <size>0x570</size>
         <input_file_ref idref="fl-2"/>
      </object_component>
      <object_component id="oc-122">
         <name>.debug_info</name>
         <load_address>0xa7c7</load_address>
         <run_address>0xa7c7</run_address>
         <size>0xb9</size>
         <input_file_ref idref="fl-2"/>
      </object_component>
      <object_component id="oc-182">
         <name>.debug_info</name>
         <load_address>0xa880</load_address>
         <run_address>0xa880</run_address>
         <size>0xde</size>
         <input_file_ref idref="fl-2"/>
      </object_component>
      <object_component id="oc-2af">
         <name>.debug_info</name>
         <load_address>0xa95e</load_address>
         <run_address>0xa95e</run_address>
         <size>0x3c6</size>
         <input_file_ref idref="fl-2"/>
      </object_component>
      <object_component id="oc-1e1">
         <name>.debug_info</name>
         <load_address>0xad24</load_address>
         <run_address>0xad24</run_address>
         <size>0x477</size>
         <input_file_ref idref="fl-2"/>
      </object_component>
      <object_component id="oc-2b4">
         <name>.debug_info</name>
         <load_address>0xb19b</load_address>
         <run_address>0xb19b</run_address>
         <size>0x2df</size>
         <input_file_ref idref="fl-2"/>
      </object_component>
      <object_component id="oc-2b9">
         <name>.debug_info</name>
         <load_address>0xb47a</load_address>
         <run_address>0xb47a</run_address>
         <size>0x1da</size>
         <input_file_ref idref="fl-2"/>
      </object_component>
      <object_component id="oc-2be">
         <name>.debug_info</name>
         <load_address>0xb654</load_address>
         <run_address>0xb654</run_address>
         <size>0x3be</size>
         <input_file_ref idref="fl-2"/>
      </object_component>
      <object_component id="oc-1e6">
         <name>.debug_info</name>
         <load_address>0xba12</load_address>
         <run_address>0xba12</run_address>
         <size>0x204</size>
         <input_file_ref idref="fl-2"/>
      </object_component>
      <object_component id="oc-1be">
         <name>.debug_info</name>
         <load_address>0xbc16</load_address>
         <run_address>0xbc16</run_address>
         <size>0x1a0</size>
         <input_file_ref idref="fl-2"/>
      </object_component>
      <object_component id="oc-2a0">
         <name>.debug_info</name>
         <load_address>0xbdb6</load_address>
         <run_address>0xbdb6</run_address>
         <size>0x26e</size>
         <input_file_ref idref="fl-2"/>
      </object_component>
      <object_component id="oc-2a5">
         <name>.debug_info</name>
         <load_address>0xc024</load_address>
         <run_address>0xc024</run_address>
         <size>0x234</size>
         <input_file_ref idref="fl-2"/>
      </object_component>
      <object_component id="oc-1ff">
         <name>.debug_info</name>
         <load_address>0xc258</load_address>
         <run_address>0xc258</run_address>
         <size>0x230</size>
         <input_file_ref idref="fl-2"/>
      </object_component>
      <object_component id="oc-204">
         <name>.debug_info</name>
         <load_address>0xc488</load_address>
         <run_address>0xc488</run_address>
         <size>0x23f</size>
         <input_file_ref idref="fl-2"/>
      </object_component>
      <object_component id="oc-2aa">
         <name>.debug_info</name>
         <load_address>0xc6c7</load_address>
         <run_address>0xc6c7</run_address>
         <size>0x160</size>
         <input_file_ref idref="fl-2"/>
      </object_component>
      <object_component id="oc-1b4">
         <name>.debug_info</name>
         <load_address>0xc827</load_address>
         <run_address>0xc827</run_address>
         <size>0x32d</size>
         <input_file_ref idref="fl-2"/>
      </object_component>
      <object_component id="oc-1aa">
         <name>.debug_info</name>
         <load_address>0xcb54</load_address>
         <run_address>0xcb54</run_address>
         <size>0x4fa</size>
         <input_file_ref idref="fl-2"/>
      </object_component>
      <object_component id="oc-18c">
         <name>.debug_info</name>
         <load_address>0xd04e</load_address>
         <run_address>0xd04e</run_address>
         <size>0x15d</size>
         <input_file_ref idref="fl-2"/>
      </object_component>
      <object_component id="oc-1f0">
         <name>.debug_info</name>
         <load_address>0xd1ab</load_address>
         <run_address>0xd1ab</run_address>
         <size>0x14b</size>
         <input_file_ref idref="fl-2"/>
      </object_component>
      <object_component id="oc-1a0">
         <name>.debug_info</name>
         <load_address>0xd2f6</load_address>
         <run_address>0xd2f6</run_address>
         <size>0x4b0</size>
         <input_file_ref idref="fl-2"/>
      </object_component>
      <object_component id="oc-1c3">
         <name>.debug_info</name>
         <load_address>0xd7a6</load_address>
         <run_address>0xd7a6</run_address>
         <size>0x1d9d</size>
         <input_file_ref idref="fl-2"/>
      </object_component>
      <object_component id="oc-1eb">
         <name>.debug_info</name>
         <load_address>0xf543</load_address>
         <run_address>0xf543</run_address>
         <size>0x12a</size>
         <input_file_ref idref="fl-2"/>
      </object_component>
      <object_component id="oc-11d">
         <name>.debug_info</name>
         <load_address>0xf66d</load_address>
         <run_address>0xf66d</run_address>
         <size>0x1d9</size>
         <input_file_ref idref="fl-2"/>
      </object_component>
      <object_component id="oc-19b">
         <name>.debug_info</name>
         <load_address>0xf846</load_address>
         <run_address>0xf846</run_address>
         <size>0x116</size>
         <input_file_ref idref="fl-2"/>
      </object_component>
      <object_component id="oc-1b9">
         <name>.debug_info</name>
         <load_address>0xf95c</load_address>
         <run_address>0xf95c</run_address>
         <size>0x39</size>
         <input_file_ref idref="fl-2"/>
      </object_component>
      <object_component id="oc-38f">
         <name>.debug_info</name>
         <load_address>0xf995</load_address>
         <run_address>0xf995</run_address>
         <size>0x2c</size>
         <input_file_ref idref="fl-2"/>
      </object_component>
      <object_component id="oc-1af">
         <name>.debug_info</name>
         <load_address>0xf9c1</load_address>
         <run_address>0xf9c1</run_address>
         <size>0x2c</size>
         <input_file_ref idref="fl-2"/>
      </object_component>
      <object_component id="oc-38a">
         <name>.debug_info</name>
         <load_address>0xf9ed</load_address>
         <run_address>0xf9ed</run_address>
         <size>0x2c</size>
         <input_file_ref idref="fl-2"/>
      </object_component>
      <object_component id="oc-12c">
         <name>.debug_info</name>
         <load_address>0xfa19</load_address>
         <run_address>0xfa19</run_address>
         <size>0x2c</size>
         <input_file_ref idref="fl-2"/>
      </object_component>
      <object_component id="oc-1c8">
         <name>.debug_info</name>
         <load_address>0xfa45</load_address>
         <run_address>0xfa45</run_address>
         <size>0x12b</size>
         <input_file_ref idref="fl-2"/>
      </object_component>
      <object_component id="oc-127">
         <name>.debug_info</name>
         <load_address>0xfb70</load_address>
         <run_address>0xfb70</run_address>
         <size>0xbb</size>
         <input_file_ref idref="fl-2"/>
      </object_component>
      <object_component id="oc-1cd">
         <name>.debug_info</name>
         <load_address>0xfc2b</load_address>
         <run_address>0xfc2b</run_address>
         <size>0x2077</size>
         <input_file_ref idref="fl-2"/>
      </object_component>
      <object_component id="oc-1d7">
         <name>.debug_info</name>
         <load_address>0x11ca2</load_address>
         <run_address>0x11ca2</run_address>
         <size>0x11ee</size>
         <input_file_ref idref="fl-2"/>
      </object_component>
      <object_component id="oc-1d2">
         <name>.debug_info</name>
         <load_address>0x12e90</load_address>
         <run_address>0x12e90</run_address>
         <size>0x7dd</size>
         <input_file_ref idref="fl-2"/>
      </object_component>
      <object_component id="oc-1dc">
         <name>.debug_info</name>
         <load_address>0x1366d</load_address>
         <run_address>0x1366d</run_address>
         <size>0x279</size>
         <input_file_ref idref="fl-2"/>
      </object_component>
      <object_component id="oc-1a5">
         <name>.debug_info</name>
         <load_address>0x138e6</load_address>
         <run_address>0x138e6</run_address>
         <size>0x43f</size>
         <input_file_ref idref="fl-2"/>
      </object_component>
      <object_component id="oc-191">
         <name>.debug_info</name>
         <load_address>0x13d25</load_address>
         <run_address>0x13d25</run_address>
         <size>0xb5a</size>
         <input_file_ref idref="fl-2"/>
      </object_component>
      <object_component id="oc-1f5">
         <name>.debug_info</name>
         <load_address>0x1487f</load_address>
         <run_address>0x1487f</run_address>
         <size>0x9f</size>
         <input_file_ref idref="fl-2"/>
      </object_component>
      <object_component id="oc-1fa">
         <name>.debug_info</name>
         <load_address>0x1491e</load_address>
         <run_address>0x1491e</run_address>
         <size>0x69</size>
         <input_file_ref idref="fl-2"/>
      </object_component>
      <object_component id="oc-72">
         <name>.debug_info</name>
         <load_address>0x14987</load_address>
         <run_address>0x14987</run_address>
         <size>0x5d6</size>
         <input_file_ref idref="fl-20"/>
      </object_component>
      <object_component id="oc-2e">
         <name>.debug_info</name>
         <load_address>0x14f5d</load_address>
         <run_address>0x14f5d</run_address>
         <size>0xed</size>
         <input_file_ref idref="fl-20"/>
      </object_component>
      <object_component id="oc-25">
         <name>.debug_info</name>
         <load_address>0x1504a</load_address>
         <run_address>0x1504a</run_address>
         <size>0x17a</size>
         <input_file_ref idref="fl-20"/>
      </object_component>
      <object_component id="oc-7e">
         <name>.debug_info</name>
         <load_address>0x151c4</load_address>
         <run_address>0x151c4</run_address>
         <size>0xb2</size>
         <input_file_ref idref="fl-20"/>
      </object_component>
      <object_component id="oc-3e">
         <name>.debug_info</name>
         <load_address>0x15276</load_address>
         <run_address>0x15276</run_address>
         <size>0x5ab</size>
         <input_file_ref idref="fl-21"/>
      </object_component>
      <object_component id="oc-14">
         <name>.debug_info</name>
         <load_address>0x15821</load_address>
         <run_address>0x15821</run_address>
         <size>0x1c4</size>
         <input_file_ref idref="fl-21"/>
      </object_component>
      <object_component id="oc-39">
         <name>.debug_info</name>
         <load_address>0x159e5</load_address>
         <run_address>0x159e5</run_address>
         <size>0x46</size>
         <input_file_ref idref="fl-21"/>
      </object_component>
      <object_component id="oc-77">
         <name>.debug_info</name>
         <load_address>0x15a2b</load_address>
         <run_address>0x15a2b</run_address>
         <size>0x2c</size>
         <input_file_ref idref="fl-21"/>
      </object_component>
      <object_component id="oc-84">
         <name>.debug_info</name>
         <load_address>0x15a57</load_address>
         <run_address>0x15a57</run_address>
         <size>0x595</size>
         <input_file_ref idref="fl-22"/>
      </object_component>
      <object_component id="oc-40">
         <name>.debug_info</name>
         <load_address>0x15fec</load_address>
         <run_address>0x15fec</run_address>
         <size>0x24c</size>
         <input_file_ref idref="fl-22"/>
      </object_component>
      <object_component id="oc-1b">
         <name>.debug_info</name>
         <load_address>0x16238</load_address>
         <run_address>0x16238</run_address>
         <size>0x1a9</size>
         <input_file_ref idref="fl-22"/>
      </object_component>
      <object_component id="oc-46">
         <name>.debug_info</name>
         <load_address>0x163e1</load_address>
         <run_address>0x163e1</run_address>
         <size>0x46</size>
         <input_file_ref idref="fl-22"/>
      </object_component>
      <object_component id="oc-8c">
         <name>.debug_info</name>
         <load_address>0x16427</load_address>
         <run_address>0x16427</run_address>
         <size>0x2c</size>
         <input_file_ref idref="fl-22"/>
      </object_component>
      <object_component id="oc-85">
         <name>.debug_info</name>
         <load_address>0x16453</load_address>
         <run_address>0x16453</run_address>
         <size>0x39</size>
         <input_file_ref idref="fl-22"/>
      </object_component>
      <object_component id="oc-a4">
         <name>.debug_info</name>
         <load_address>0x1648c</load_address>
         <run_address>0x1648c</run_address>
         <size>0x5bf</size>
         <input_file_ref idref="fl-24"/>
      </object_component>
      <object_component id="oc-9b">
         <name>.debug_info</name>
         <load_address>0x16a4b</load_address>
         <run_address>0x16a4b</run_address>
         <size>0x17d</size>
         <input_file_ref idref="fl-24"/>
      </object_component>
      <object_component id="oc-9e">
         <name>.debug_info</name>
         <load_address>0x16bc8</load_address>
         <run_address>0x16bc8</run_address>
         <size>0x10f</size>
         <input_file_ref idref="fl-24"/>
      </object_component>
      <object_component id="oc-5f">
         <name>.debug_info</name>
         <load_address>0x16cd7</load_address>
         <run_address>0x16cd7</run_address>
         <size>0x16f</size>
         <input_file_ref idref="fl-24"/>
      </object_component>
      <object_component id="oc-26a">
         <name>.debug_info</name>
         <load_address>0x16e46</load_address>
         <run_address>0x16e46</run_address>
         <size>0x667</size>
         <input_file_ref idref="fl-25"/>
      </object_component>
      <object_component id="oc-266">
         <name>.debug_info</name>
         <load_address>0x174ad</load_address>
         <run_address>0x174ad</run_address>
         <size>0x1ec</size>
         <input_file_ref idref="fl-25"/>
      </object_component>
      <object_component id="oc-113">
         <name>.debug_info</name>
         <load_address>0x17699</load_address>
         <run_address>0x17699</run_address>
         <size>0x18a</size>
         <input_file_ref idref="fl-25"/>
      </object_component>
      <object_component id="oc-331">
         <name>.debug_info</name>
         <load_address>0x17823</load_address>
         <run_address>0x17823</run_address>
         <size>0xae</size>
         <input_file_ref idref="fl-25"/>
      </object_component>
      <object_component id="oc-239">
         <name>.debug_info</name>
         <load_address>0x178d1</load_address>
         <run_address>0x178d1</run_address>
         <size>0x609</size>
         <input_file_ref idref="fl-26"/>
      </object_component>
      <object_component id="oc-235">
         <name>.debug_info</name>
         <load_address>0x17eda</load_address>
         <run_address>0x17eda</run_address>
         <size>0x171</size>
         <input_file_ref idref="fl-26"/>
      </object_component>
      <object_component id="oc-f5">
         <name>.debug_info</name>
         <load_address>0x1804b</load_address>
         <run_address>0x1804b</run_address>
         <size>0x1d7</size>
         <input_file_ref idref="fl-26"/>
      </object_component>
      <object_component id="oc-262">
         <name>.debug_info</name>
         <load_address>0x18222</load_address>
         <run_address>0x18222</run_address>
         <size>0x637</size>
         <input_file_ref idref="fl-27"/>
      </object_component>
      <object_component id="oc-10e">
         <name>.debug_info</name>
         <load_address>0x18859</load_address>
         <run_address>0x18859</run_address>
         <size>0x1be</size>
         <input_file_ref idref="fl-27"/>
      </object_component>
      <object_component id="oc-231">
         <name>.debug_info</name>
         <load_address>0x18a17</load_address>
         <run_address>0x18a17</run_address>
         <size>0x6a3</size>
         <input_file_ref idref="fl-28"/>
      </object_component>
      <object_component id="oc-22c">
         <name>.debug_info</name>
         <load_address>0x190ba</load_address>
         <run_address>0x190ba</run_address>
         <size>0x1e0</size>
         <input_file_ref idref="fl-28"/>
      </object_component>
      <object_component id="oc-33e">
         <name>.debug_info</name>
         <load_address>0x1929a</load_address>
         <run_address>0x1929a</run_address>
         <size>0x163</size>
         <input_file_ref idref="fl-28"/>
      </object_component>
      <object_component id="oc-ed">
         <name>.debug_info</name>
         <load_address>0x193fd</load_address>
         <run_address>0x193fd</run_address>
         <size>0x1ca</size>
         <input_file_ref idref="fl-28"/>
      </object_component>
      <object_component id="oc-be">
         <name>.debug_info</name>
         <load_address>0x195c7</load_address>
         <run_address>0x195c7</run_address>
         <size>0x2c</size>
         <input_file_ref idref="fl-28"/>
      </object_component>
      <object_component id="oc-222">
         <name>.debug_info</name>
         <load_address>0x195f3</load_address>
         <run_address>0x195f3</run_address>
         <size>0x67d</size>
         <input_file_ref idref="fl-29"/>
      </object_component>
      <object_component id="oc-216">
         <name>.debug_info</name>
         <load_address>0x19c70</load_address>
         <run_address>0x19c70</run_address>
         <size>0x147</size>
         <input_file_ref idref="fl-29"/>
      </object_component>
      <object_component id="oc-210">
         <name>.debug_info</name>
         <load_address>0x19db7</load_address>
         <run_address>0x19db7</run_address>
         <size>0x156</size>
         <input_file_ref idref="fl-29"/>
      </object_component>
      <object_component id="oc-e8">
         <name>.debug_info</name>
         <load_address>0x19f0d</load_address>
         <run_address>0x19f0d</run_address>
         <size>0x1b3</size>
         <input_file_ref idref="fl-29"/>
      </object_component>
      <object_component id="oc-3a0">
         <name>.debug_info</name>
         <load_address>0x1a0c0</load_address>
         <run_address>0x1a0c0</run_address>
         <size>0x645</size>
         <input_file_ref idref="fl-2a"/>
      </object_component>
      <object_component id="oc-2e0">
         <name>.debug_info</name>
         <load_address>0x1a705</load_address>
         <run_address>0x1a705</run_address>
         <size>0x1fe</size>
         <input_file_ref idref="fl-2a"/>
      </object_component>
      <object_component id="oc-39e">
         <name>.debug_info</name>
         <load_address>0x1a903</load_address>
         <run_address>0x1a903</run_address>
         <size>0x69d</size>
         <input_file_ref idref="fl-2b"/>
      </object_component>
      <object_component id="oc-2d9">
         <name>.debug_info</name>
         <load_address>0x1afa0</load_address>
         <run_address>0x1afa0</run_address>
         <size>0x30f</size>
         <input_file_ref idref="fl-2b"/>
      </object_component>
      <object_component id="oc-24c">
         <name>.debug_info</name>
         <load_address>0x1b2af</load_address>
         <run_address>0x1b2af</run_address>
         <size>0x577</size>
         <input_file_ref idref="fl-2c"/>
      </object_component>
      <object_component id="oc-100">
         <name>.debug_info</name>
         <load_address>0x1b826</load_address>
         <run_address>0x1b826</run_address>
         <size>0x141</size>
         <input_file_ref idref="fl-2c"/>
      </object_component>
      <object_component id="oc-24e">
         <name>.debug_info</name>
         <load_address>0x1b967</load_address>
         <run_address>0x1b967</run_address>
         <size>0x577</size>
         <input_file_ref idref="fl-2d"/>
      </object_component>
      <object_component id="oc-108">
         <name>.debug_info</name>
         <load_address>0x1bede</load_address>
         <run_address>0x1bede</run_address>
         <size>0x141</size>
         <input_file_ref idref="fl-2d"/>
      </object_component>
      <object_component id="oc-34">
         <name>.debug_info</name>
         <load_address>0x1c01f</load_address>
         <run_address>0x1c01f</run_address>
         <size>0x119</size>
         <input_file_ref idref="fl-2e"/>
      </object_component>
      <object_component id="oc-75">
         <name>.debug_info</name>
         <load_address>0x1c138</load_address>
         <run_address>0x1c138</run_address>
         <size>0x625</size>
         <input_file_ref idref="fl-2f"/>
      </object_component>
      <object_component id="oc-31">
         <name>.debug_info</name>
         <load_address>0x1c75d</load_address>
         <run_address>0x1c75d</run_address>
         <size>0xf9</size>
         <input_file_ref idref="fl-2f"/>
      </object_component>
      <object_component id="oc-41b">
         <name>.debug_info</name>
         <load_address>0x1c856</load_address>
         <run_address>0x1c856</run_address>
         <size>0x11c</size>
         <input_file_ref idref="fl-2f"/>
      </object_component>
      <object_component id="oc-481">
         <name>.debug_info</name>
         <load_address>0x1c972</load_address>
         <run_address>0x1c972</run_address>
         <size>0x134</size>
         <input_file_ref idref="fl-2f"/>
      </object_component>
      <object_component id="oc-424">
         <name>.debug_info</name>
         <load_address>0x1caa6</load_address>
         <run_address>0x1caa6</run_address>
         <size>0x16a</size>
         <input_file_ref idref="fl-2f"/>
      </object_component>
      <object_component id="oc-41e">
         <name>.debug_info</name>
         <load_address>0x1cc10</load_address>
         <run_address>0x1cc10</run_address>
         <size>0x169</size>
         <input_file_ref idref="fl-2f"/>
      </object_component>
      <object_component id="oc-3f9">
         <name>.debug_info</name>
         <load_address>0x1cd79</load_address>
         <run_address>0x1cd79</run_address>
         <size>0x1e1</size>
         <input_file_ref idref="fl-2f"/>
      </object_component>
      <object_component id="oc-371">
         <name>.debug_info</name>
         <load_address>0x1cf5a</load_address>
         <run_address>0x1cf5a</run_address>
         <size>0x2ab</size>
         <input_file_ref idref="fl-2f"/>
      </object_component>
      <object_component id="oc-c3">
         <name>.debug_info</name>
         <load_address>0x1d205</load_address>
         <run_address>0x1d205</run_address>
         <size>0x62</size>
         <input_file_ref idref="fl-2f"/>
      </object_component>
      <object_component id="oc-8b">
         <name>.debug_info</name>
         <load_address>0x1d267</load_address>
         <run_address>0x1d267</run_address>
         <size>0x674</size>
         <input_file_ref idref="fl-30"/>
      </object_component>
      <object_component id="oc-4d">
         <name>.debug_info</name>
         <load_address>0x1d8db</load_address>
         <run_address>0x1d8db</run_address>
         <size>0x21c</size>
         <input_file_ref idref="fl-30"/>
      </object_component>
      <object_component id="oc-3f3">
         <name>.debug_info</name>
         <load_address>0x1daf7</load_address>
         <run_address>0x1daf7</run_address>
         <size>0x6c8</size>
         <input_file_ref idref="fl-31"/>
      </object_component>
      <object_component id="oc-344">
         <name>.debug_info</name>
[...]
      <symbol id="sm-2a7">
         <name>ldra_qq_hex_convert</name>
         <value>0x7e2500</value>
         <object_component_ref idref="oc-92"/>
      </symbol>
      <symbol id="sm-2a8">
         <name>ldra_qq_procedure_name</name>
         <value>0x801bbc</value>
         <object_component_ref idref="oc-d1"/>
      </symbol>
      <symbol id="sm-2a9">
         <name>ldra_qq_ntc_initialisation</name>
         <value>0x7e3078</value>
         <object_component_ref idref="oc-92"/>
      </symbol>
      <symbol id="sm-2aa">
         <name>ldra_qq_set_stub_smho</name>
         <value>0x7e2810</value>
         <object_component_ref idref="oc-92"/>
      </symbol>
      <symbol id="sm-2ab">
         <name>ldra_qq_smho_executed_correct</name>
         <value>0x801bdc</value>
         <object_component_ref idref="oc-dc"/>
      </symbol>
      <symbol id="sm-2ac">
         <name>ldra_qq_smho_executed_incorrect</name>
         <value>0x801be0</value>
         <object_component_ref idref="oc-dc"/>
      </symbol>
      <symbol id="sm-2ad">
         <name>ldra_qq_test_comment</name>
         <value>0x7e2d74</value>
         <object_component_ref idref="oc-92"/>
      </symbol>
      <symbol id="sm-2ae">
         <name>ldra_qq_set_stub_hit_count</name>
         <value>0x7e2c74</value>
         <object_component_ref idref="oc-92"/>
      </symbol>
      <symbol id="sm-2af">
         <name>ldra_qq_etc_initialisation</name>
         <value>0x7e3004</value>
         <object_component_ref idref="oc-92"/>
      </symbol>
      <symbol id="sm-2b0">
         <name>ldra_qq_in_new_test_case</name>
         <value>0x801bc8</value>
         <object_component_ref idref="oc-d1"/>
      </symbol>
      <symbol id="sm-2b1">
         <name>ldra_qq_module_name</name>
         <value>0x801bb4</value>
         <object_component_ref idref="oc-d1"/>
      </symbol>
      <symbol id="sm-2b2">
         <name>ldra_qq_long_double_convert</name>
         <value>0x7e252c</value>
         <object_component_ref idref="oc-92"/>
      </symbol>
      <symbol id="sm-2b3">
         <name>ldra_qq_strcmp</name>
         <value>0x7e1e48</value>
         <object_component_ref idref="oc-92"/>
      </symbol>
      <symbol id="sm-2b4">
         <name>ldra_qq_stub_invalid_test</name>
         <value>0x7e2e28</value>
         <object_component_ref idref="oc-92"/>
      </symbol>
      <symbol id="sm-2b5">
         <name>ldra_qq_char_convert</name>
         <value>0x7e2014</value>
         <object_component_ref idref="oc-92"/>
      </symbol>
      <symbol id="sm-2b6">
         <name>ldra_qq_stub_end_comment</name>
         <value>0x7e2e14</value>
         <object_component_ref idref="oc-92"/>
      </symbol>
      <symbol id="sm-2b7">
         <name>ldra_qq_sequence_cleanup</name>
         <value>0x7e2fe4</value>
         <object_component_ref idref="oc-92"/>
      </symbol>
      <symbol id="sm-2b8">
         <name>ldra_qq_stub_start_comment</name>
         <value>0x7e2e04</value>
         <object_component_ref idref="oc-92"/>
      </symbol>
      <symbol id="sm-2b9">
         <name>ldra_qq_set_stub_hit_order</name>
         <value>0x7e2af8</value>
         <object_component_ref idref="oc-92"/>
      </symbol>
      <symbol id="sm-2ba">
         <name>ldra_qq_string_compare</name>
         <value>0x7e2698</value>
         <object_component_ref idref="oc-92"/>
      </symbol>
      <symbol id="sm-2bb">
         <name>ldra_qq_float_convert</name>
         <value>0x7e2488</value>
         <object_component_ref idref="oc-92"/>
      </symbol>
      <symbol id="sm-2bc">
         <name>ldra_qq_sequence_init</name>
         <value>0x7e2fd8</value>
         <object_component_ref idref="oc-92"/>
      </symbol>
      <symbol id="sm-2bd">
         <name>ldra_qq_test_case_number</name>
         <value>0x801ba0</value>
         <object_component_ref idref="oc-d1"/>
      </symbol>
      <symbol id="sm-2be">
         <name>ldra_qq_in_existing_test_case</name>
         <value>0x801bc4</value>
         <object_component_ref idref="oc-d1"/>
      </symbol>
      <symbol id="sm-2bf">
         <name>ldra_qq_smho_unexecuted</name>
         <value>0x801bd8</value>
         <object_component_ref idref="oc-dc"/>
      </symbol>
      <symbol id="sm-2da">
         <name>_c_int00</name>
         <value>0x7e8b20</value>
         <object_component_ref idref="oc-24"/>
      </symbol>
      <symbol id="sm-2db">
         <name>_stack</name>
         <value>0x800000</value>
         <object_component_ref idref="oc-2d"/>
      </symbol>
      <symbol id="sm-2f2">
         <name>__TI_decompress_none</name>
         <value>0x7e9300</value>
         <object_component_ref idref="oc-12"/>
      </symbol>
      <symbol id="sm-31d">
         <name>__TI_decompress_rle24</name>
         <value>0x7e9320</value>
         <object_component_ref idref="oc-18"/>
      </symbol>
      <symbol id="sm-33f">
         <name>C$$EXIT</name>
         <value>0x7e92e0</value>
         <object_component_ref idref="oc-9d"/>
      </symbol>
      <symbol id="sm-340">
         <name>abort</name>
         <value>0x7e92e0</value>
         <object_component_ref idref="oc-9d"/>
      </symbol>
      <symbol id="sm-341">
         <name>exit</name>
         <value>0x7e7e80</value>
         <object_component_ref idref="oc-5d"/>
      </symbol>
      <symbol id="sm-342">
         <name>__TI_dtors_ptr</name>
         <value>0x8016ac</value>
         <object_component_ref idref="oc-9a"/>
      </symbol>
      <symbol id="sm-343">
         <name>__TI_cleanup_ptr</name>
         <value>0x8016a8</value>
         <object_component_ref idref="oc-9a"/>
      </symbol>
      <symbol id="sm-344">
         <name>__TI_enable_exit_profile_output</name>
         <value>0x8016b0</value>
         <object_component_ref idref="oc-9a"/>
      </symbol>
      <symbol id="sm-36b">
         <name>__TI_closefile</name>
         <value>0x7e6ea0</value>
         <object_component_ref idref="oc-263"/>
      </symbol>
      <symbol id="sm-36c">
         <name>fclose</name>
         <value>0x7e8ba0</value>
         <object_component_ref idref="oc-110"/>
      </symbol>
      <symbol id="sm-38e">
         <name>__TI_doflush</name>
         <value>0x7e82a0</value>
         <object_component_ref idref="oc-232"/>
      </symbol>
      <symbol id="sm-38f">
         <name>fflush</name>
         <value>0x7e6fe0</value>
         <object_component_ref idref="oc-f2"/>
      </symbol>
      <symbol id="sm-3a6">
         <name>getc</name>
         <value>0x7e7120</value>
         <object_component_ref idref="oc-10a"/>
      </symbol>
      <symbol id="sm-3a7">
         <name>fgetc</name>
         <value>0x7e7120</value>
         <object_component_ref idref="oc-10a"/>
      </symbol>
      <symbol id="sm-3e3">
         <name>__TI_cleanup</name>
         <value>0x7e8700</value>
         <object_component_ref idref="oc-33c"/>
      </symbol>
      <symbol id="sm-3e4">
         <name>fopen</name>
         <value>0x7e7260</value>
         <object_component_ref idref="oc-ec"/>
      </symbol>
      <symbol id="sm-407">
         <name>fprintf</name>
         <value>0x7e7a00</value>
         <object_component_ref idref="oc-e6"/>
      </symbol>
      <symbol id="sm-425">
         <name>putc</name>
         <value>0x7e59a0</value>
         <object_component_ref idref="oc-2df"/>
      </symbol>
      <symbol id="sm-426">
         <name>fputc</name>
         <value>0x7e59a0</value>
         <object_component_ref idref="oc-2df"/>
      </symbol>
      <symbol id="sm-452">
         <name>fputs</name>
         <value>0x7e4e20</value>
         <object_component_ref idref="oc-2d8"/>
      </symbol>
      <symbol id="sm-45e">
         <name>isprint</name>
         <value>0x7e9340</value>
         <object_component_ref idref="oc-fe"/>
      </symbol>
      <symbol id="sm-46a">
         <name>isspace</name>
         <value>0x7e9360</value>
         <object_component_ref idref="oc-104"/>
      </symbol>
      <symbol id="sm-473">
         <name>memcpy</name>
         <value>0x7e88e0</value>
         <object_component_ref idref="oc-33"/>
      </symbol>
      <symbol id="sm-4e8">
         <name>_sys_memory</name>
         <value>0x800800</value>
         <object_component_ref idref="oc-30"/>
      </symbol>
      <symbol id="sm-4e9">
         <name>free</name>
         <value>0x7e45c0</value>
         <object_component_ref idref="oc-370"/>
      </symbol>
      <symbol id="sm-4ea">
         <name>malloc</name>
         <value>0x7e6a80</value>
         <object_component_ref idref="oc-3f8"/>
      </symbol>
      <symbol id="sm-4eb">
         <name>_minit</name>
         <value>0x7e8840</value>
         <object_component_ref idref="oc-47f"/>
      </symbol>
      <symbol id="sm-4fb">
         <name>memset</name>
         <value>0x7e8040</value>
         <object_component_ref idref="oc-4b"/>
      </symbol>
      <symbol id="sm-527">
         <name>open</name>
         <value>0x7e5bc0</value>
         <object_component_ref idref="oc-342"/>
      </symbol>
      <symbol id="sm-530">
         <name>_system_pre_init</name>
         <value>0x7e92c0</value>
         <object_component_ref idref="oc-63"/>
      </symbol>
      <symbol id="sm-53f">
         <name>read</name>
         <value>0x7e8f00</value>
         <object_component_ref idref="oc-25b"/>
      </symbol>
      <symbol id="sm-563">
         <name>sprintf</name>
         <value>0x7e8f60</value>
         <object_component_ref idref="oc-f8"/>
      </symbol>
      <symbol id="sm-578">
         <name>unlink</name>
         <value>0x7e8ca0</value>
         <object_component_ref idref="oc-37c"/>
      </symbol>
      <symbol id="sm-596">
         <name>vsprintf</name>
         <value>0x7e91a0</value>
         <object_component_ref idref="oc-116"/>
      </symbol>
      <symbol id="sm-5af">
         <name>_stream</name>
         <value>0x801590</value>
         <object_component_ref idref="oc-369"/>
      </symbol>
      <symbol id="sm-5b0">
         <name>_device</name>
         <value>0x801630</value>
         <object_component_ref idref="oc-409"/>
      </symbol>
      <symbol id="sm-5b1">
         <name>write</name>
         <value>0x7e8fc0</value>
         <object_component_ref idref="oc-34b"/>
      </symbol>
      <symbol id="sm-5c7">
         <name>__TI_buff_read</name>
         <value>0x7e6d60</value>
         <object_component_ref idref="oc-255"/>
      </symbol>
      <symbol id="sm-5e7">
         <name>__TI_wrt_ok</name>
         <value>0x7e7700</value>
         <object_component_ref idref="oc-397"/>
      </symbol>
      <symbol id="sm-5e8">
         <name>__TI_rd_ok</name>
         <value>0x7e87a0</value>
         <object_component_ref idref="oc-24f"/>
      </symbol>
      <symbol id="sm-5fe">
         <name>_nop</name>
         <value>0x7e9200</value>
         <object_component_ref idref="oc-2cd"/>
      </symbol>
      <symbol id="sm-5ff">
         <name>_lock</name>
         <value>0x8016bc</value>
         <object_component_ref idref="oc-209"/>
      </symbol>
      <symbol id="sm-600">
         <name>_unlock</name>
         <value>0x8016c8</value>
         <object_component_ref idref="oc-20c"/>
      </symbol>
      <symbol id="sm-7cc">
         <name>__TI_printfi</name>
         <value>0x7e0000</value>
         <object_component_ref idref="oc-21b"/>
      </symbol>
      <symbol id="sm-7de">
         <name>_args_main</name>
         <value>0x7e90e0</value>
         <object_component_ref idref="oc-57"/>
      </symbol>
      <symbol id="sm-7f2">
         <name>atoi</name>
         <value>0x7e7800</value>
         <object_component_ref idref="oc-2e6"/>
      </symbol>
      <symbol id="sm-818">
         <name>_auto_init_elf</name>
         <value>0x7e6c00</value>
         <object_component_ref idref="oc-69"/>
      </symbol>
      <symbol id="sm-82a">
         <name>close</name>
         <value>0x7e7da0</value>
         <object_component_ref idref="oc-376"/>
      </symbol>
      <symbol id="sm-841">
         <name>copy_in</name>
         <value>0x7e7900</value>
         <object_component_ref idref="oc-a6"/>
      </symbol>
      <symbol id="sm-84b">
         <name>_ctypes_</name>
         <value>0x801280</value>
         <object_component_ref idref="oc-248"/>
      </symbol>
      <symbol id="sm-85b">
         <name>__TI_tmpnams</name>
         <value>0x8018e0</value>
      </symbol>
      <symbol id="sm-85c">
         <name>_ftable</name>
         <value>0x8013b0</value>
         <object_component_ref idref="oc-224"/>
      </symbol>
      <symbol id="sm-85d">
         <name>__TI_ft_end</name>
         <value>0x8016cc</value>
         <object_component_ref idref="oc-227"/>
      </symbol>
      <symbol id="sm-87c">
         <name>__c6xabi_divd</name>
         <value>0x7e3b00</value>
         <object_component_ref idref="oc-3b7"/>
      </symbol>
      <symbol id="sm-885">
         <name>__c6xabi_divu</name>
         <value>0x7e8360</value>
         <object_component_ref idref="oc-3a4"/>
      </symbol>
      <symbol id="sm-886">
         <name>__divu</name>
         <value>0x7e8360</value>
         <object_component_ref idref="oc-3a4"/>
      </symbol>
      <symbol id="sm-899">
         <name>__TI_frcmpyd_div</name>
         <value>0x7e9020</value>
         <object_component_ref idref="oc-452"/>
      </symbol>
      <symbol id="sm-8ad">
         <name>frexpl</name>
         <value>0x7e65a0</value>
         <object_component_ref idref="oc-3d2"/>
      </symbol>
      <symbol id="sm-8ae">
         <name>frexp</name>
         <value>0x7e65a0</value>
         <object_component_ref idref="oc-3d2"/>
      </symbol>
      <symbol id="sm-8c3">
         <name>fseek</name>
         <value>0x7e74e0</value>
         <object_component_ref idref="oc-42e"/>
      </symbol>
      <symbol id="sm-8eb">
         <name>finddevice</name>
         <value>0x7e8c20</value>
         <object_component_ref idref="oc-473"/>
      </symbol>
      <symbol id="sm-8ec">
         <name>getdevice</name>
         <value>0x7e73a0</value>
         <object_component_ref idref="oc-3ec"/>
      </symbol>
      <symbol id="sm-8fc">
         <name>HOSTclose</name>
         <value>0x7e8660</value>
         <object_component_ref idref="oc-48e"/>
      </symbol>
      <symbol id="sm-90c">
         <name>HOSTlseek</name>
         <value>0x7e7b00</value>
         <object_component_ref idref="oc-4a0"/>
      </symbol>
      <symbol id="sm-920">
         <name>parmbuf</name>
         <value>0x801a20</value>
      </symbol>
      <symbol id="sm-921">
         <name>HOSTopen</name>
         <value>0x7e7be0</value>
         <object_component_ref idref="oc-488"/>
      </symbol>
      <symbol id="sm-931">
         <name>HOSTread</name>
         <value>0x7e8120</value>
         <object_component_ref idref="oc-494"/>
      </symbol>
      <symbol id="sm-94f">
         <name>HOSTrename</name>
         <value>0x7e6760</value>
         <object_component_ref idref="oc-4ac"/>
      </symbol>
      <symbol id="sm-962">
         <name>HOSTunlink</name>
         <value>0x7e81e0</value>
         <object_component_ref idref="oc-4a6"/>
      </symbol>
      <symbol id="sm-972">
         <name>HOSTwrite</name>
         <value>0x7e7cc0</value>
         <object_component_ref idref="oc-49a"/>
      </symbol>
      <symbol id="sm-983">
         <name>__c6xabi_divul</name>
         <value>0x7e63e0</value>
         <object_component_ref idref="oc-3af"/>
      </symbol>
      <symbol id="sm-99f">
         <name>_subcull</name>
         <value>0x7e8de0</value>
         <object_component_ref idref="oc-442"/>
      </symbol>
      <symbol id="sm-9a0">
         <name>__c6xabi_divull</name>
         <value>0x7e5740</value>
         <object_component_ref idref="oc-3a9"/>
      </symbol>
      <symbol id="sm-9a9">
         <name>__c6xabi_isinf</name>
         <value>0x7e9060</value>
         <object_component_ref idref="oc-2f8"/>
      </symbol>
      <symbol id="sm-9bd">
         <name>ldexpl</name>
         <value>0x7e6900</value>
         <object_component_ref idref="oc-3d8"/>
      </symbol>
      <symbol id="sm-9be">
         <name>ldexp</name>
         <value>0x7e6900</value>
         <object_component_ref idref="oc-3d8"/>
      </symbol>
      <symbol id="sm-9da">
         <name>__c6xabi_llshru</name>
         <value>0x7e8d80</value>
         <object_component_ref idref="oc-448"/>
      </symbol>
      <symbol id="sm-9db">
         <name>__c6xabi_llshl</name>
         <value>0x7e8aa0</value>
         <object_component_ref idref="oc-43c"/>
      </symbol>
      <symbol id="sm-9ea">
         <name>lseek</name>
         <value>0x7e8e40</value>
         <object_component_ref idref="oc-4c1"/>
      </symbol>
      <symbol id="sm-9fa">
         <name>ltoa</name>
         <value>0x7e7f60</value>
         <object_component_ref idref="oc-3bd"/>
      </symbol>
      <symbol id="sm-a0b">
         <name>memccpy</name>
         <value>0x7e8ea0</value>
         <object_component_ref idref="oc-316"/>
      </symbol>
      <symbol id="sm-a25">
         <name>setvbuf</name>
         <value>0x7e5de0</value>
         <object_component_ref idref="oc-35f"/>
      </symbol>
      <symbol id="sm-a2e">
         <name>_system_post_cinit</name>
         <value>0x7e92a0</value>
         <object_component_ref idref="oc-ac"/>
      </symbol>
      <symbol id="sm-a47">
         <name>__TI_tls_init</name>
         <value>0x7e85a0</value>
         <object_component_ref idref="oc-b2"/>
      </symbol>
      <symbol id="sm-a6e">
         <name>__TI_readmsg</name>
         <value>0x7e8a20</value>
         <object_component_ref idref="oc-4f4"/>
      </symbol>
      <symbol id="sm-a6f">
         <name>C$$IO$$</name>
         <value>0x7e8d78</value>
         <object_component_ref idref="oc-4ee"/>
      </symbol>
      <symbol id="sm-a70">
         <name>__CIOBUF_</name>
         <value>0x801a28</value>
         <object_component_ref idref="oc-518"/>
      </symbol>
      <symbol id="sm-a71">
         <name>__TI_writemsg</name>
         <value>0x7e8d20</value>
         <object_component_ref idref="oc-4ee"/>
      </symbol>
      <symbol id="sm-a82">
         <name>__errno</name>
         <value>0x8016d0</value>
         <object_component_ref idref="oc-4de"/>
      </symbol>
      <symbol id="sm-a83">
         <name>errno</name>
         <value>0x8016d0</value>
         <object_component_ref idref="oc-4de"/>
      </symbol>
      <symbol id="sm-a84">
         <name>__c6xabi_errno_addr</name>
         <value>0x7e91e0</value>
         <object_component_ref idref="oc-467"/>
      </symbol>
      <symbol id="sm-a85">
         <name>__TI_STATIC_BASE</name>
         <value>0x801b94</value>
      </symbol>
      <symbol id="sm-a87">
         <name>__TI_INITARRAY_Limit</name>
         <value>0x0</value>
      </symbol>
      <symbol id="sm-a88">
         <name>__TI_INITARRAY_Base</name>
         <value>0x0</value>
      </symbol>
      <symbol id="sm-a89">
         <name>__TI_TLS_INIT_Base</name>
         <value>0x0</value>
      </symbol>
      <symbol id="sm-a8a">
         <name>__TI_TLS_INIT_Limit</name>
         <value>0x0</value>
      </symbol>
      <symbol id="sm-a8b">
         <name>remove</name>
         <value>0x7e8ca0</value>
      </symbol>
   </symbol_table>
   <title>Link successful</title>
</link_info>
